Archive member included to satisfy reference by file (symbol)

C:\Users\enslo_l5het9y\Documents\Senior Project\ClearCore-library-master\libClearCore\Debug\libClearCore.a(AdcManager.o)
                              SeniorProject.o (ClearCore::AdcManager::AdcResolution(unsigned char))
C:\Users\enslo_l5het9y\Documents\Senior Project\ClearCore-library-master\libClearCore\Debug\libClearCore.a(DigitalInAnalogIn.o)
                              SeniorProject.o (ClearCore::DigitalInAnalogIn::State())
C:\Users\enslo_l5het9y\Documents\Senior Project\ClearCore-library-master\libClearCore\Debug\libClearCore.a(DigitalIn.o)
                              C:\Users\enslo_l5het9y\Documents\Senior Project\ClearCore-library-master\libClearCore\Debug\libClearCore.a(DigitalInAnalogIn.o) (ClearCore::DigitalIn::State())
C:\Users\enslo_l5het9y\Documents\Senior Project\ClearCore-library-master\libClearCore\Debug\libClearCore.a(DigitalInOutHBridge.o)
                              SeniorProject.o (ClearCore::DigitalInOutHBridge::State())
C:\Users\enslo_l5het9y\Documents\Senior Project\ClearCore-library-master\libClearCore\Debug\libClearCore.a(DmaManager.o)
                              C:\Users\enslo_l5het9y\Documents\Senior Project\ClearCore-library-master\libClearCore\Debug\libClearCore.a(AdcManager.o) (ClearCore::DmaManager::Channel(ClearCore::DmaChannels))
C:\Users\enslo_l5het9y\Documents\Senior Project\ClearCore-library-master\libClearCore\Debug\libClearCore.a(InputManager.o)
                              C:\Users\enslo_l5het9y\Documents\Senior Project\ClearCore-library-master\libClearCore\Debug\libClearCore.a(DigitalIn.o) (ClearCore::InputManager::InterruptHandlerSet(signed char, void (*)(), ClearCore::InputManager::InterruptTrigger, bool, bool))
C:\Users\enslo_l5het9y\Documents\Senior Project\ClearCore-library-master\libClearCore\Debug\libClearCore.a(MotorDriver.o)
                              SeniorProject.o (ClearCore::MotorDriver::EnableRequest(bool))
C:\Users\enslo_l5het9y\Documents\Senior Project\ClearCore-library-master\libClearCore\Debug\libClearCore.a(StatusManager.o)
                              C:\Users\enslo_l5het9y\Documents\Senior Project\ClearCore-library-master\libClearCore\Debug\libClearCore.a(AdcManager.o) (ClearCore::StatusManager::StatusRT(ClearCore::StatusManager::StatusRegister))
C:\Users\enslo_l5het9y\Documents\Senior Project\ClearCore-library-master\libClearCore\Debug\libClearCore.a(SysManager.o)
                              C:\Users\enslo_l5het9y\Documents\Senior Project\ClearCore-library-master\libClearCore\Debug\libClearCore.a(MotorDriver.o) (ClearCore::SysManager::ConnectorByIndex(ClearCorePins))
C:\Users\enslo_l5het9y\Documents\Senior Project\ClearCore-library-master\libClearCore\Debug\libClearCore.a(NvmManager.o)
                              C:\Users\enslo_l5het9y\Documents\Senior Project\ClearCore-library-master\libClearCore\Debug\libClearCore.a(StatusManager.o) (ClearCore::NvmMgr)
C:\Users\enslo_l5het9y\Documents\Senior Project\ClearCore-library-master\libClearCore\Debug\libClearCore.a(SysTiming.o)
                              C:\Users\enslo_l5het9y\Documents\Senior Project\ClearCore-library-master\libClearCore\Debug\libClearCore.a(SysManager.o) (ClearCore::SysTiming::IsrStart())
C:\Users\enslo_l5het9y\Documents\Senior Project\ClearCore-library-master\libClearCore\Debug\libClearCore.a(EthernetManager.o)
                              C:\Users\enslo_l5het9y\Documents\Senior Project\ClearCore-library-master\libClearCore\Debug\libClearCore.a(SysManager.o) (ClearCore::EthernetManager::Initialize())
C:\Users\enslo_l5het9y\Documents\Senior Project\ClearCore-library-master\libClearCore\Debug\libClearCore.a(ShiftRegister.o)
                              C:\Users\enslo_l5het9y\Documents\Senior Project\ClearCore-library-master\libClearCore\Debug\libClearCore.a(SysManager.o) (ClearCore::ShiftRegister::ShiftRegister())
C:\Users\enslo_l5het9y\Documents\Senior Project\ClearCore-library-master\libClearCore\Debug\libClearCore.a(MotorManager.o)
                              SeniorProject.o (ClearCore::MotorManager::MotorInputClocking(ClearCore::MotorManager::MotorClockRates))
C:\Users\enslo_l5het9y\Documents\Senior Project\ClearCore-library-master\libClearCore\Debug\libClearCore.a(StepGenerator.o)
                              C:\Users\enslo_l5het9y\Documents\Senior Project\ClearCore-library-master\libClearCore\Debug\libClearCore.a(MotorDriver.o) (ClearCore::StepGenerator::Move(long, ClearCore::StepGenerator::MoveTarget))
C:\Users\enslo_l5het9y\Documents\Senior Project\ClearCore-library-master\libClearCore\Debug\libClearCore.a(system_same53.o)
                              C:\Users\enslo_l5het9y\Documents\Senior Project\ClearCore-library-master\libClearCore\Debug\libClearCore.a(SysManager.o) (SystemInit)
C:\Users\enslo_l5het9y\Documents\Senior Project\ClearCore-library-master\libClearCore\Debug\libClearCore.a(EncoderInput.o)
[...]
Memory Configuration

Name             Origin             Length             Attributes
FLASH            0x00004000         0x0007c000         xr
RAM              0x20000000         0x00030000         xrw
*default*        0x00000000         0xffffffff

Linker script and memory map

LOAD c:/program files (x86)/atmel/studio/7.0/toolchain/arm/arm-gnu-toolchain/bin/../lib/gcc/arm-none-eabi/6.3.1/thumb/v7e-m/fpv4-sp/hard/crti.o
LOAD c:/program files (x86)/atmel/studio/7.0/toolchain/arm/arm-gnu-toolchain/bin/../lib/gcc/arm-none-eabi/6.3.1/thumb/v7e-m/fpv4-sp/hard/crtbegin.o
LOAD c:/program files (x86)/atmel/studio/7.0/toolchain/arm/arm-gnu-toolchain/bin/../lib/gcc/arm-none-eabi/6.3.1/../../../../arm-none-eabi/lib/thumb/v7e-m/fpv4-sp/hard/rdimon-crt0.o
LOAD Device_Startup/startup_same53.o
LOAD SeniorProject.o
START GROUP
LOAD C:\Program Files (x86)\Atmel\Studio\7.0\Packs\arm\CMSIS\4.5.0\CMSIS\Lib\GCC\libarm_cortexM4lf_math.a
LOAD C:\Users\enslo_l5het9y\Documents\Senior Project\ClearCore-library-master\libClearCore\Debug\libClearCore.a
LOAD C:\Users\enslo_l5het9y\Documents\Senior Project\ClearCore-library-master\LwIP\Debug\libLwIP.a
END GROUP
LOAD c:/program files (x86)/atmel/studio/7.0/toolchain/arm/arm-gnu-toolchain/bin/../lib/gcc/arm-none-eabi/6.3.1/../../../../arm-none-eabi/lib/thumb/v7e-m/fpv4-sp/hard\libstdc++.a
LOAD c:/program files (x86)/atmel/studio/7.0/toolchain/arm/arm-gnu-toolchain/bin/../lib/gcc/arm-none-eabi/6.3.1/../../../../arm-none-eabi/lib/thumb/v7e-m/fpv4-sp/hard\libm.a
START GROUP
LOAD c:/program files (x86)/atmel/studio/7.0/toolchain/arm/arm-gnu-toolchain/bin/../lib/gcc/arm-none-eabi/6.3.1/thumb/v7e-m/fpv4-sp/hard\libgcc.a
LOAD c:/program files (x86)/atmel/studio/7.0/toolchain/arm/arm-gnu-toolchain/bin/../lib/gcc/arm-none-eabi/6.3.1/../../../../arm-none-eabi/lib/thumb/v7e-m/fpv4-sp/hard\libc.a
END GROUP
START GROUP
LOAD c:/program files (x86)/atmel/studio/7.0/toolchain/arm/arm-gnu-toolchain/bin/../lib/gcc/arm-none-eabi/6.3.1/thumb/v7e-m/fpv4-sp/hard\libgcc.a
LOAD c:/program files (x86)/atmel/studio/7.0/toolchain/arm/arm-gnu-toolchain/bin/../lib/gcc/arm-none-eabi/6.3.1/../../../../arm-none-eabi/lib/thumb/v7e-m/fpv4-sp/hard\libc.a
LOAD c:/program files (x86)/atmel/studio/7.0/toolchain/arm/arm-gnu-toolchain/bin/../lib/gcc/arm-none-eabi/6.3.1/../../../../arm-none-eabi/lib/thumb/v7e-m/fpv4-sp/hard\librdimon.a
END GROUP
LOAD c:/program files (x86)/atmel/studio/7.0/toolchain/arm/arm-gnu-toolchain/bin/../lib/gcc/arm-none-eabi/6.3.1/thumb/v7e-m/fpv4-sp/hard/crtend.o
LOAD c:/program files (x86)/atmel/studio/7.0/toolchain/arm/arm-gnu-toolchain/bin/../lib/gcc/arm-none-eabi/6.3.1/thumb/v7e-m/fpv4-sp/hard/crtn.o

.text           0x00004000    0x20c30
                0x00004000                __text_start__ = .
 *(.sketch_boot)
                0x00004000                . = ALIGN (0x4000)
 *(.vectors)
 .vectors       0x00004000      0x264 Device_Startup/startup_same53.o
                0x00004000                exception_table
 *(.text*)
 .text          0x00004264       0x6c c:/program files (x86)/atmel/studio/7.0/toolchain/arm/arm-gnu-toolchain/bin/../lib/gcc/arm-none-eabi/6.3.1/thumb/v7e-m/fpv4-sp/hard/crtbegin.o
 .text.Dummy_Handler
                0x000042d0        0x6 Device_Startup/startup_same53.o
                0x000042d0                SVCall_Handler
                0x000042d0                EVSYS_0_Handler
                0x000042d0                TCC1_3_Handler
                0x000042d0                DAC_3_Handler
                0x000042d0                TRNG_Handler
                0x000042d0                HardFault_Handler
                0x000042d0                TC2_Handler
                0x000042d0                PDEC_2_Handler
                0x000042d0                AC_Handler
                0x000042d0                SERCOM3_1_Handler
                0x000042d0                TCC2_3_Handler
                0x000042d0                SERCOM3_2_Handler
                0x000042d0                PendSV_Handler
                0x000042d0                TC7_Handler
                0x000042d0                ADC1_1_Handler
                0x000042d0                EVSYS_3_Handler
                0x000042d0                PDEC_0_Handler
                0x000042d0                QSPI_Handler
                0x000042d0                NonMaskableInt_Handler
                0x000042d0                MemManagement_Handler
                0x000042d0                DAC_2_Handler
                0x000042d0                RTC_Handler
                0x000042d0                UsageFault_Handler
                0x000042d0                SERCOM4_0_Handler
                0x000042d0                OSC32KCTRL_Handler
                0x000042d0                TCC2_1_Handler
                0x000042d0                SUPC_1_Handler
                0x000042d0                TCC0_5_Handler
                0x000042d0                TCC0_6_Handler
                0x000042d0                SERCOM6_2_Handler
                0x000042d0                EVSYS_1_Handler
                0x000042d0                TCC1_4_Handler
                0x000042d0                TC6_Handler
                0x000042d0                DMAC_0_Handler
                0x000042d0                WDT_Handler
                0x000042d0                SERCOM6_0_Handler
                0x000042d0                SERCOM5_0_Handler
                0x000042d0                TC4_Handler
                0x000042d0                TC1_Handler
                0x000042d0                OSCCTRL_4_Handler
                0x000042d0                SERCOM4_3_Handler
                0x000042d0                DMAC_4_Handler
                0x000042d0                TCC4_2_Handler
                0x000042d0                PAC_Handler
                0x000042d0                TCC1_0_Handler
                0x000042d0                OSCCTRL_0_Handler
                0x000042d0                OSCCTRL_3_Handler
                0x000042d0                SERCOM4_1_Handler
                0x000042d0                TC3_Handler
                0x000042d0                Dummy_Handler
                0x000042d0                TCC2_2_Handler
                0x000042d0                SERCOM5_1_Handler
                0x000042d0                TCC1_1_Handler
                0x000042d0                DMAC_2_Handler
                0x000042d0                ADC0_0_Handler
                0x000042d0                SERCOM0_1_Handler
                0x000042d0                OSCCTRL_2_Handler
                0x000042d0                ADC1_0_Handler
                0x000042d0                TCC1_2_Handler
                0x000042d0                SERCOM7_1_Handler
                0x000042d0                PM_Handler
                0x000042d0                SERCOM6_3_Handler
                0x000042d0                DAC_4_Handler
                0x000042d0                TCC3_2_Handler
                0x000042d0                TCC0_2_Handler
                0x000042d0                DMAC_1_Handler
                0x000042d0                SDHC1_Handler
                0x000042d0                TCC2_0_Handler
                0x000042d0                PDEC_1_Handler
                0x000042d0                TCC4_1_Handler
                0x000042d0                SERCOM5_3_Handler
                0x000042d0                SERCOM6_1_Handler
                0x000042d0                SDHC0_Handler
                0x000042d0                SERCOM1_1_Handler
                0x000042d0                I2S_Handler
                0x000042d0                PCC_Handler
                0x000042d0                DAC_0_Handler
                0x000042d0                TCC0_1_Handler
                0x000042d0                SERCOM1_3_Handler
                0x000042d0                OSCCTRL_1_Handler
                0x000042d0                SERCOM1_0_Handler
                0x000042d0                PUKCC_Handler
                0x000042d0                SERCOM2_1_Handler
                0x000042d0                SERCOM1_2_Handler
                0x000042d0                SERCOM3_0_Handler
                0x000042d0                SERCOM4_2_Handler
                0x000042d0                EVSYS_4_Handler
                0x000042d0                NVMCTRL_1_Handler
                0x000042d0                SERCOM5_2_Handler
                0x000042d0                ADC0_1_Handler
                0x000042d0                SERCOM3_3_Handler
                0x000042d0                TCC3_1_Handler
                0x000042d0                DAC_1_Handler
                0x000042d0                NVMCTRL_0_Handler
                0x000042d0                MCLK_Handler
                0x000042d0                EVSYS_2_Handler
                0x000042d0                SUPC_0_Handler
                0x000042d0                BusFault_Handler
                0x000042d0                FREQM_Handler
                0x000042d0                TC0_Handler
                0x000042d0                TCC0_3_Handler
                0x000042d0                DMAC_3_Handler
                0x000042d0                DebugMonitor_Handler
                0x000042d0                TCC0_4_Handler
                0x000042d0                RAMECC_Handler
                0x000042d0                TC5_Handler
                0x000042d0                ICM_Handler
                0x000042d0                AES_Handler
 .text.Delay_ms
                0x000042d6       0x90 SeniorProject.o
                0x000042d6                Delay_ms
 .text._ZN9ClearCore13StepGenerator13StepsCompleteEv
                0x00004366       0x26 SeniorProject.o
                0x00004366                ClearCore::StepGenerator::StepsComplete()
 .text._ZN9ClearCore13StepGenerator12MoveStateGetEv
                0x0000438c       0x18 SeniorProject.o
                0x0000438c                ClearCore::StepGenerator::MoveStateGet()
 .text._ZN9ClearCore11MotorDriver9HlfbStateEv
                0x000043a4       0x18 SeniorProject.o
                0x000043a4                ClearCore::MotorDriver::HlfbState()
 .text._ZN9ClearCore11MotorDriver8HlfbModeENS0_9HlfbModesE
                0x000043bc       0x44 SeniorProject.o
                0x000043bc                ClearCore::MotorDriver::HlfbMode(ClearCore::MotorDriver::HlfbModes)
 .text._ZN9ClearCore11MotorDriver11HlfbCarrierENS0_20HlfbCarrierFrequencyE
                0x00004400       0x46 SeniorProject.o
                0x00004400                ClearCore::MotorDriver::HlfbCarrier(ClearCore::MotorDriver::HlfbCarrierFrequency)
 .text._ZN9ClearCore11MotorDriver9StatusRegEv
                0x00004446       0x1a SeniorProject.o
                0x00004446                ClearCore::MotorDriver::StatusReg()
 .text.main     0x00004460      0x418 SeniorProject.o
                0x00004460                main
 .text._Z13MoveDistanceXl
                0x00004878       0x68 SeniorProject.o
                0x00004878                MoveDistanceX(long)
 .text._Z13MoveDistanceYl
                0x000048e0       0x68 SeniorProject.o
                0x000048e0                MoveDistanceY(long)
 .text._ZN9ClearCore10AdcManager8InstanceEv
                0x00004948       0x88 C:\Users\enslo_l5het9y\Documents\Senior Project\ClearCore-library-master\libClearCore\Debug\libClearCore.a(AdcManager.o)
                0x00004948                ClearCore::AdcManager::Instance()
 .text._ZN9ClearCore10AdcManager10InitializeEv
                0x000049d0      0x374 C:\Users\enslo_l5het9y\Documents\Senior Project\ClearCore-library-master\libClearCore\Debug\libClearCore.a(AdcManager.o)
                0x000049d0                ClearCore::AdcManager::Initialize()
 .text._ZN9ClearCore10AdcManager6UpdateEv
                0x00004d44      0x244 C:\Users\enslo_l5het9y\Documents\Senior Project\ClearCore-library-master\libClearCore\Debug\libClearCore.a(AdcManager.o)
                0x00004d44                ClearCore::AdcManager::Update()
 .text._ZN9ClearCore10AdcManager13AdcResolutionEh
                0x00004f88       0x24 C:\Users\enslo_l5het9y\Documents\Senior Project\ClearCore-library-master\libClearCore\Debug\libClearCore.a(AdcManager.o)
                0x00004f88                ClearCore::AdcManager::AdcResolution(unsigned char)
 .text._ZN9ClearCore10AdcManager8FilterTcENS0_11AdcChannelsEtNS0_11FilterUnitsE
                0x00004fac       0x9c C:\Users\enslo_l5het9y\Documents\Senior Project\ClearCore-library-master\libClearCore\Debug\libClearCore.a(AdcManager.o)
                0x00004fac                ClearCore::AdcManager::FilterTc(ClearCore::AdcManager::AdcChannels, unsigned short, ClearCore::AdcManager::FilterUnits)
 .text.startup._GLOBAL__sub_I__ZN9ClearCore6AdcMgrE
                0x00005048       0x4c C:\Users\enslo_l5het9y\Documents\Senior Project\ClearCore-library-master\libClearCore\Debug\libClearCore.a(AdcManager.o)
 .text._ZN9ClearCore9DigitalIn11IsInHwFaultEv
                0x00005094        0x4 C:\Users\enslo_l5het9y\Documents\Senior Project\ClearCore-library-master\libClearCore\Debug\libClearCore.a(DigitalInAnalogIn.o)
                0x00005094                ClearCore::DigitalIn::IsInHwFault()
 .text._ZN9ClearCore9DigitalIn17ExternalInterruptEv
                0x00005098        0x8 C:\Users\enslo_l5het9y\Documents\Senior Project\ClearCore-library-master\libClearCore\Debug\libClearCore.a(DigitalInAnalogIn.o)
                0x00005098                ClearCore::DigitalIn::ExternalInterrupt()
 .text._ZN9ClearCore17DigitalInAnalogIn4ModeEv
                0x000050a0        0x4 C:\Users\enslo_l5het9y\Documents\Senior Project\ClearCore-library-master\libClearCore\Debug\libClearCore.a(DigitalInAnalogIn.o)
                0x000050a0                ClearCore::DigitalInAnalogIn::Mode()
 .text._ZN9ClearCore17DigitalInAnalogIn4TypeEv
                0x000050a4        0x4 C:\Users\enslo_l5het9y\Documents\Senior Project\ClearCore-library-master\libClearCore\Debug\libClearCore.a(DigitalInAnalogIn.o)
                0x000050a4                ClearCore::DigitalInAnalogIn::Type()
 .text._ZN9ClearCore17DigitalInAnalogIn10IsWritableEv
                0x000050a8        0x4 C:\Users\enslo_l5het9y\Documents\Senior Project\ClearCore-library-master\libClearCore\Debug\libClearCore.a(DigitalInAnalogIn.o)
                0x000050a8                ClearCore::DigitalInAnalogIn::IsWritable()
 .text._ZN9ClearCore17DigitalInAnalogIn5StateEs
                0x000050ac        0x4 C:\Users\enslo_l5het9y\Documents\Senior Project\ClearCore-library-master\libClearCore\Debug\libClearCore.a(DigitalInAnalogIn.o)
                0x000050ac                ClearCore::DigitalInAnalogIn::State(short)
 .text._ZN9ClearCore17DigitalInAnalogIn4ModeENS_9Connector14ConnectorModesE
                0x000050b0       0xfc C:\Users\enslo_l5het9y\Documents\Senior Project\ClearCore-library-master\libClearCore\Debug\libClearCore.a(DigitalInAnalogIn.o)
                0x000050b0                ClearCore::DigitalInAnalogIn::Mode(ClearCore::Connector::ConnectorModes)
 .text._ZN9ClearCore17DigitalInAnalogInC2ENS_13ShiftRegister5MasksES2_PK15PeripheralRouteNS_10AdcManager11AdcChannelsE
                0x000051ac       0x2c C:\Users\enslo_l5het9y\Documents\Senior Project\ClearCore-library-master\libClearCore\Debug\libClearCore.a(DigitalInAnalogIn.o)
                0x000051ac                ClearCore::DigitalInAnalogIn::DigitalInAnalogIn(ClearCore::ShiftRegister::Masks, ClearCore::ShiftRegister::Masks, PeripheralRoute const*, ClearCore::AdcManager::AdcChannels)
                0x000051ac                ClearCore::DigitalInAnalogIn::DigitalInAnalogIn(ClearCore::ShiftRegister::Masks, ClearCore::ShiftRegister::Masks, PeripheralRoute const*, ClearCore::AdcManager::AdcChannels)
 .text._ZN9ClearCore17DigitalInAnalogIn7RefreshEv
                0x000051d8       0x78 C:\Users\enslo_l5het9y\Documents\Senior Project\ClearCore-library-master\libClearCore\Debug\libClearCore.a(DigitalInAnalogIn.o)
                0x000051d8                ClearCore::DigitalInAnalogIn::Refresh()
 .text._ZN9ClearCore17DigitalInAnalogIn10InitializeE13ClearCorePins
                0x00005250       0xb4 C:\Users\enslo_l5het9y\Documents\Senior Project\ClearCore-library-master\libClearCore\Debug\libClearCore.a(DigitalInAnalogIn.o)
                0x00005250                ClearCore::DigitalInAnalogIn::Initialize(ClearCorePins)
 .text._ZN9ClearCore17DigitalInAnalogIn5StateEv
                0x00005304       0x48 C:\Users\enslo_l5het9y\Documents\Senior Project\ClearCore-library-master\libClearCore\Debug\libClearCore.a(DigitalInAnalogIn.o)
                0x00005304                ClearCore::DigitalInAnalogIn::State()
 .text._ZN9ClearCore9Connector4ModeEv
                0x0000534c        0x4 C:\Users\enslo_l5het9y\Documents\Senior Project\ClearCore-library-master\libClearCore\Debug\libClearCore.a(DigitalIn.o)
                0x0000534c                ClearCore::Connector::Mode()
 .text._ZN9ClearCore9Connector17ExternalInterruptEv
                0x00005350        0x8 C:\Users\enslo_l5het9y\Documents\Senior Project\ClearCore-library-master\libClearCore\Debug\libClearCore.a(DigitalIn.o)
                0x00005350                ClearCore::Connector::ExternalInterrupt()
 .text._ZN9ClearCore9DigitalIn4ModeEv
                0x00005358        0x4 C:\Users\enslo_l5het9y\Documents\Senior Project\ClearCore-library-master\libClearCore\Debug\libClearCore.a(DigitalIn.o)
                0x00005358                ClearCore::DigitalIn::Mode()
 .text._ZN9ClearCore9DigitalIn4ModeENS_9Connector14ConnectorModesE
                0x0000535c        0xc C:\Users\enslo_l5het9y\Documents\Senior Project\ClearCore-library-master\libClearCore\Debug\libClearCore.a(DigitalIn.o)
                0x0000535c                ClearCore::DigitalIn::Mode(ClearCore::Connector::ConnectorModes)
 .text._ZN9ClearCore9DigitalIn4TypeEv
                0x00005368        0x4 C:\Users\enslo_l5het9y\Documents\Senior Project\ClearCore-library-master\libClearCore\Debug\libClearCore.a(DigitalIn.o)
                0x00005368                ClearCore::DigitalIn::Type()
 .text._ZN9ClearCore9DigitalIn10IsWritableEv
                0x0000536c        0x4 C:\Users\enslo_l5het9y\Documents\Senior Project\ClearCore-library-master\libClearCore\Debug\libClearCore.a(DigitalIn.o)
                0x0000536c                ClearCore::DigitalIn::IsWritable()
 .text._ZN9ClearCore9DigitalIn5StateEs
                0x00005370        0x4 C:\Users\enslo_l5het9y\Documents\Senior Project\ClearCore-library-master\libClearCore\Debug\libClearCore.a(DigitalIn.o)
                0x00005370                ClearCore::DigitalIn::State(short)
 .text._ZN9ClearCore9DigitalIn5StateEv
                0x00005374       0x28 C:\Users\enslo_l5het9y\Documents\Senior Project\ClearCore-library-master\libClearCore\Debug\libClearCore.a(DigitalIn.o)
                0x00005374                ClearCore::DigitalIn::State()
 .text._ZN9ClearCore9DigitalIn10InitializeE13ClearCorePins
                0x0000539c       0xcc C:\Users\enslo_l5het9y\Documents\Senior Project\ClearCore-library-master\libClearCore\Debug\libClearCore.a(DigitalIn.o)
                0x0000539c                ClearCore::DigitalIn::Initialize(ClearCorePins)
 .text._ZN9ClearCore9DigitalIn7RefreshEv
                0x00005468      0x14c C:\Users\enslo_l5het9y\Documents\Senior Project\ClearCore-library-master\libClearCore\Debug\libClearCore.a(DigitalIn.o)
                0x00005468                ClearCore::DigitalIn::Refresh()
 .text._ZN9ClearCore9ConnectorC2Ev
                0x000055b4       0x14 C:\Users\enslo_l5het9y\Documents\Senior Project\ClearCore-library-master\libClearCore\Debug\libClearCore.a(DigitalIn.o)
                0x000055b4                ClearCore::Connector::Connector()
                0x000055b4                ClearCore::Connector::Connector()
 .text._ZN9ClearCore9DigitalInC2ENS_13ShiftRegister5MasksEPK15PeripheralRoute
                0x000055c8       0x48 C:\Users\enslo_l5het9y\Documents\Senior Project\ClearCore-library-master\libClearCore\Debug\libClearCore.a(DigitalIn.o)
                0x000055c8                ClearCore::DigitalIn::DigitalIn(ClearCore::ShiftRegister::Masks, PeripheralRoute const*)
                0x000055c8                ClearCore::DigitalIn::DigitalIn(ClearCore::ShiftRegister::Masks, PeripheralRoute const*)
 .text._ZN9ClearCore9DigitalIn7StateRTEv
                0x00005610       0x1c C:\Users\enslo_l5het9y\Documents\Senior Project\ClearCore-library-master\libClearCore\Debug\libClearCore.a(DigitalIn.o)
                0x00005610                ClearCore::DigitalIn::StateRT()
 .text._ZN9ClearCore9DigitalIn17UpdateFilterStateEv
                0x0000562c       0x9c C:\Users\enslo_l5het9y\Documents\Senior Project\ClearCore-library-master\libClearCore\Debug\libClearCore.a(DigitalIn.o)
                0x0000562c                ClearCore::DigitalIn::UpdateFilterState()
 .text._ZN9ClearCore12DigitalInOut11IsInHwFaultEv
                0x000056c8        0x8 C:\Users\enslo_l5het9y\Documents\Senior Project\ClearCore-library-master\libClearCore\Debug\libClearCore.a(DigitalInOutHBridge.o)
                0x000056c8                ClearCore::DigitalInOut::IsInHwFault()
 .text._ZN9ClearCore19DigitalInOutHBridge4ModeEv
                0x000056d0        0x4 C:\Users\enslo_l5het9y\Documents\Senior Project\ClearCore-library-master\libClearCore\Debug\libClearCore.a(DigitalInOutHBridge.o)
                0x000056d0                ClearCore::DigitalInOutHBridge::Mode()
 .text._ZN9ClearCore19DigitalInOutHBridge4TypeEv
                0x000056d4        0x4 C:\Users\enslo_l5het9y\Documents\Senior Project\ClearCore-library-master\libClearCore\Debug\libClearCore.a(DigitalInOutHBridge.o)
                0x000056d4                ClearCore::DigitalInOutHBridge::Type()
 .text._ZN9ClearCore19DigitalInOutHBridge10IsWritableEv
                0x000056d8       0x10 C:\Users\enslo_l5het9y\Documents\Senior Project\ClearCore-library-master\libClearCore\Debug\libClearCore.a(DigitalInOutHBridge.o)
                0x000056d8                ClearCore::DigitalInOutHBridge::IsWritable()
 .text._ZN9ClearCore19DigitalInOutHBridgeC2ENS_13ShiftRegister5MasksEPK15PeripheralRouteS5_S5_S5_4IRQnb
                0x000056e8       0x60 C:\Users\enslo_l5het9y\Documents\Senior Project\ClearCore-library-master\libClearCore\Debug\libClearCore.a(DigitalInOutHBridge.o)
                0x000056e8                ClearCore::DigitalInOutHBridge::DigitalInOutHBridge(ClearCore::ShiftRegister::Masks, PeripheralRoute const*, PeripheralRoute const*, PeripheralRoute const*, PeripheralRoute const*, IRQn, bool)
                0x000056e8                ClearCore::DigitalInOutHBridge::DigitalInOutHBridge(ClearCore::ShiftRegister::Masks, PeripheralRoute const*, PeripheralRoute const*, PeripheralRoute const*, PeripheralRoute const*, IRQn, bool)
 .text._ZN9ClearCore19DigitalInOutHBridge10FaultStateEb
                0x00005748       0x54 C:\Users\enslo_l5het9y\Documents\Senior Project\ClearCore-library-master\libClearCore\Debug\libClearCore.a(DigitalInOutHBridge.o)
                0x00005748                ClearCore::DigitalInOutHBridge::FaultState(bool)
 .text._ZN9ClearCore19DigitalInOutHBridge5StateEv
                0x0000579c       0x3c C:\Users\enslo_l5het9y\Documents\Senior Project\ClearCore-library-master\libClearCore\Debug\libClearCore.a(DigitalInOutHBridge.o)
                0x0000579c                ClearCore::DigitalInOutHBridge::State()
 .text._ZN9ClearCore19DigitalInOutHBridge5StateEs
                0x000057d8       0x70 C:\Users\enslo_l5het9y\Documents\Senior Project\ClearCore-library-master\libClearCore\Debug\libClearCore.a(DigitalInOutHBridge.o)
                0x000057d8                ClearCore::DigitalInOutHBridge::State(short)
 .text._ZN9ClearCore19DigitalInOutHBridge10ToneUpdateEv
                0x00005848      0x144 C:\Users\enslo_l5het9y\Documents\Senior Project\ClearCore-library-master\libClearCore\Debug\libClearCore.a(DigitalInOutHBridge.o)
                0x00005848                ClearCore::DigitalInOutHBridge::ToneUpdate()
 .text._ZN9ClearCore19DigitalInOutHBridge7RefreshEv
                0x0000598c      0x114 C:\Users\enslo_l5het9y\Documents\Senior Project\ClearCore-library-master\libClearCore\Debug\libClearCore.a(DigitalInOutHBridge.o)
                0x0000598c                ClearCore::DigitalInOutHBridge::Refresh()
 .text._ZN9ClearCore19DigitalInOutHBridge10InitializeE13ClearCorePins
                0x00005aa0       0xc8 C:\Users\enslo_l5het9y\Documents\Senior Project\ClearCore-library-master\libClearCore\Debug\libClearCore.a(DigitalInOutHBridge.o)
                0x00005aa0                ClearCore::DigitalInOutHBridge::Initialize(ClearCorePins)
 .text._ZN9ClearCore19DigitalInOutHBridge4ModeENS_9Connector14ConnectorModesE
                0x00005b68      0x1a4 C:\Users\enslo_l5het9y\Documents\Senior Project\ClearCore-library-master\libClearCore\Debug\libClearCore.a(DigitalInOutHBridge.o)
                0x00005b68                ClearCore::DigitalInOutHBridge::Mode(ClearCore::Connector::ConnectorModes)
 .text._ZN9ClearCore10DmaManager8InstanceEv
                0x00005d0c       0x28 C:\Users\enslo_l5het9y\Documents\Senior Project\ClearCore-library-master\libClearCore\Debug\libClearCore.a(DmaManager.o)
                0x00005d0c                ClearCore::DmaManager::Instance()
 .text._ZN9ClearCore10DmaManager10InitializeEv
                0x00005d34       0x64 C:\Users\enslo_l5het9y\Documents\Senior Project\ClearCore-library-master\libClearCore\Debug\libClearCore.a(DmaManager.o)
                0x00005d34                ClearCore::DmaManager::Initialize()
 .text._ZN9ClearCore10DmaManager7ChannelENS_11DmaChannelsE
                0x00005d98       0x14 C:\Users\enslo_l5het9y\Documents\Senior Project\ClearCore-library-master\libClearCore\Debug\libClearCore.a(DmaManager.o)
                0x00005d98                ClearCore::DmaManager::Channel(ClearCore::DmaChannels)
 .text._ZN9ClearCore10DmaManager14BaseDescriptorENS_11DmaChannelsE
                0x00005dac       0x14 C:\Users\enslo_l5het9y\Documents\Senior Project\ClearCore-library-master\libClearCore\Debug\libClearCore.a(DmaManager.o)
                0x00005dac                ClearCore::DmaManager::BaseDescriptor(ClearCore::DmaChannels)
 .text.startup._GLOBAL__sub_I__ZN9ClearCore10DmaManager19writeBackDescriptorE
                0x00005dc0       0x10 C:\Users\enslo_l5het9y\Documents\Senior Project\ClearCore-library-master\libClearCore\Debug\libClearCore.a(DmaManager.o)
 .text._ZN9ClearCore12InputManager8InstanceEv
                0x00005dd0       0x5c C:\Users\enslo_l5het9y\Documents\Senior Project\ClearCore-library-master\libClearCore\Debug\libClearCore.a(InputManager.o)
                0x00005dd0                ClearCore::InputManager::Instance()
 .text._ZN9ClearCore12InputManager10InitializeEv
                0x00005e2c       0x18 C:\Users\enslo_l5het9y\Documents\Senior Project\ClearCore-library-master\libClearCore\Debug\libClearCore.a(InputManager.o)
                0x00005e2c                ClearCore::InputManager::Initialize()
 .text._ZN9ClearCore12InputManager15InterruptEnableEabb
                0x00005e44       0x78 C:\Users\enslo_l5het9y\Documents\Senior Project\ClearCore-library-master\libClearCore\Debug\libClearCore.a(InputManager.o)
                0x00005e44                ClearCore::InputManager::InterruptEnable(signed char, bool, bool)
 .text._ZN9ClearCore12InputManager11EIC_HandlerEh
                0x00005ebc       0x5c C:\Users\enslo_l5het9y\Documents\Senior Project\ClearCore-library-master\libClearCore\Debug\libClearCore.a(InputManager.o)
                0x00005ebc                ClearCore::InputManager::EIC_Handler(unsigned char)
 .text._ZN9ClearCore12InputManager11UpdateBeginEv
                0x00005f18       0x28 C:\Users\enslo_l5het9y\Documents\Senior Project\ClearCore-library-master\libClearCore\Debug\libClearCore.a(InputManager.o)
                0x00005f18                ClearCore::InputManager::UpdateBegin()
 .text._ZN9ClearCore12InputManager9UpdateEndEv
                0x00005f40       0x54 C:\Users\enslo_l5het9y\Documents\Senior Project\ClearCore-library-master\libClearCore\Debug\libClearCore.a(InputManager.o)
                0x00005f40                ClearCore::InputManager::UpdateEnd()
 .text.startup._GLOBAL__sub_I__ZN9ClearCore8InputMgrE
                0x00005f94       0x10 C:\Users\enslo_l5het9y\Documents\Senior Project\ClearCore-library-master\libClearCore\Debug\libClearCore.a(InputManager.o)
 .text._ZN9ClearCore11MotorDriver4TypeEv
                0x00005fa4        0x4 C:\Users\enslo_l5het9y\Documents\Senior Project\ClearCore-library-master\libClearCore\Debug\libClearCore.a(MotorDriver.o)
                0x00005fa4                ClearCore::MotorDriver::Type()
 .text._ZN9ClearCore11MotorDriver10IsWritableEv
                0x00005fa8        0x4 C:\Users\enslo_l5het9y\Documents\Senior Project\ClearCore-library-master\libClearCore\Debug\libClearCore.a(MotorDriver.o)
                0x00005fa8                ClearCore::MotorDriver::IsWritable()
 .text._ZN9ClearCore11MotorDriver11IsInHwFaultEv
                0x00005fac        0x8 C:\Users\enslo_l5het9y\Documents\Senior Project\ClearCore-library-master\libClearCore\Debug\libClearCore.a(MotorDriver.o)
                0x00005fac                ClearCore::MotorDriver::IsInHwFault()
 .text._ZN9ClearCore11MotorDriver4ModeEv
                0x00005fb4        0x4 C:\Users\enslo_l5het9y\Documents\Senior Project\ClearCore-library-master\libClearCore\Debug\libClearCore.a(MotorDriver.o)
                0x00005fb4                ClearCore::MotorDriver::Mode()
 .text._ZN9ClearCore11MotorDriver4ModeENS_9Connector14ConnectorModesE
                0x00005fb8      0x164 C:\Users\enslo_l5het9y\Documents\Senior Project\ClearCore-library-master\libClearCore\Debug\libClearCore.a(MotorDriver.o)
                0x00005fb8                ClearCore::MotorDriver::Mode(ClearCore::Connector::ConnectorModes)
 .text._ZN9ClearCore11MotorDriver15OutputDirectionEv
                0x0000611c       0x58 C:\Users\enslo_l5het9y\Documents\Senior Project\ClearCore-library-master\libClearCore\Debug\libClearCore.a(MotorDriver.o)
                0x0000611c                ClearCore::MotorDriver::OutputDirection()
                0x0000616c                non-virtual thunk to ClearCore::MotorDriver::OutputDirection()
 .text._ZN9ClearCore11MotorDriverC2ENS_13ShiftRegister5MasksEPK15PeripheralRouteS5_S5_tt
                0x00006174      0x1a8 C:\Users\enslo_l5het9y\Documents\Senior Project\ClearCore-library-master\libClearCore\Debug\libClearCore.a(MotorDriver.o)
                0x00006174                ClearCore::MotorDriver::MotorDriver(ClearCore::ShiftRegister::Masks, PeripheralRoute const*, PeripheralRoute const*, PeripheralRoute const*, unsigned short, unsigned short)
                0x00006174                ClearCore::MotorDriver::MotorDriver(ClearCore::ShiftRegister::Masks, PeripheralRoute const*, PeripheralRoute const*, PeripheralRoute const*, unsigned short, unsigned short)
 .text._ZN9ClearCore11MotorDriver13EnableRequestEb
                0x0000631c      0x124 C:\Users\enslo_l5het9y\Documents\Senior Project\ClearCore-library-master\libClearCore\Debug\libClearCore.a(MotorDriver.o)
                0x0000631c                ClearCore::MotorDriver::EnableRequest(bool)
 .text._ZN9ClearCore11MotorDriver11RefreshSlowEv
                0x00006440       0xe8 C:\Users\enslo_l5het9y\Documents\Senior Project\ClearCore-library-master\libClearCore\Debug\libClearCore.a(MotorDriver.o)
                0x00006440                ClearCore::MotorDriver::RefreshSlow()
 .text._ZN9ClearCore11MotorDriver10FaultStateEb
                0x00006528       0xf8 C:\Users\enslo_l5het9y\Documents\Senior Project\ClearCore-library-master\libClearCore\Debug\libClearCore.a(MotorDriver.o)
                0x00006528                ClearCore::MotorDriver::FaultState(bool)
 .text._ZN9ClearCore11MotorDriver7RefreshEv
                0x00006620      0x65c C:\Users\enslo_l5het9y\Documents\Senior Project\ClearCore-library-master\libClearCore\Debug\libClearCore.a(MotorDriver.o)
                0x00006620                ClearCore::MotorDriver::Refresh()
 .text._ZN9ClearCore11MotorDriver4MoveElNS_13StepGenerator10MoveTargetE
                0x00006c7c       0xf0 C:\Users\enslo_l5het9y\Documents\Senior Project\ClearCore-library-master\libClearCore\Debug\libClearCore.a(MotorDriver.o)
                0x00006c7c                ClearCore::MotorDriver::Move(long, ClearCore::StepGenerator::MoveTarget)
 .text._ZThn48_N9ClearCore11MotorDriver4MoveElNS_13StepGenerator10MoveTargetE
                0x00006d6c        0x8 C:\Users\enslo_l5het9y\Documents\Senior Project\ClearCore-library-master\libClearCore\Debug\libClearCore.a(MotorDriver.o)
                0x00006d6c                non-virtual thunk to ClearCore::MotorDriver::Move(long, ClearCore::StepGenerator::MoveTarget)
 .text._ZN9ClearCore11MotorDriver12MoveVelocityEl
                0x00006d74       0xd8 C:\Users\enslo_l5het9y\Documents\Senior Project\ClearCore-library-master\libClearCore\Debug\libClearCore.a(MotorDriver.o)
                0x00006d74                ClearCore::MotorDriver::MoveVelocity(long)
 .text._ZThn48_N9ClearCore11MotorDriver12MoveVelocityEl
                0x00006e4c        0x8 C:\Users\enslo_l5het9y\Documents\Senior Project\ClearCore-library-master\libClearCore\Debug\libClearCore.a(MotorDriver.o)
                0x00006e4c                non-virtual thunk to ClearCore::MotorDriver::MoveVelocity(long)
 .text._ZN9ClearCore11MotorDriver10InitializeE13ClearCorePins
                0x00006e54      0x314 C:\Users\enslo_l5het9y\Documents\Senior Project\ClearCore-library-master\libClearCore\Debug\libClearCore.a(MotorDriver.o)
                0x00006e54                ClearCore::MotorDriver::Initialize(ClearCorePins)
 .text._ZN9ClearCore13StatusManager8InstanceEv
                0x00007168       0x7c C:\Users\enslo_l5het9y\Documents\Senior Project\ClearCore-library-master\libClearCore\Debug\libClearCore.a(StatusManager.o)
                0x00007168                ClearCore::StatusManager::Instance()
 .text._ZN9ClearCore13StatusManager8StatusRTENS0_14StatusRegisterE
                0x000071e4        0xc C:\Users\enslo_l5het9y\Documents\Senior Project\ClearCore-library-master\libClearCore\Debug\libClearCore.a(StatusManager.o)
                0x000071e4                ClearCore::StatusManager::StatusRT(ClearCore::StatusManager::StatusRegister)
 .text._ZN9ClearCore13StatusManager14AdcIsInTimeoutEv
                0x000071f0        0xc C:\Users\enslo_l5het9y\Documents\Senior Project\ClearCore-library-master\libClearCore\Debug\libClearCore.a(StatusManager.o)
                0x000071f0                ClearCore::StatusManager::AdcIsInTimeout()
 .text._ZN9ClearCore13StatusManager10InitializeENS_13ShiftRegister5MasksE
                0x000071fc       0x1c C:\Users\enslo_l5het9y\Documents\Senior Project\ClearCore-library-master\libClearCore\Debug\libClearCore.a(StatusManager.o)
                0x000071fc                ClearCore::StatusManager::Initialize(ClearCore::ShiftRegister::Masks)
 .text._ZN9ClearCore13StatusManager12HBridgeStateEb
                0x00007218       0x68 C:\Users\enslo_l5het9y\Documents\Senior Project\ClearCore-library-master\libClearCore\Debug\libClearCore.a(StatusManager.o)
                0x00007218                ClearCore::StatusManager::HBridgeState(bool)
 .text._ZN9ClearCore13StatusManager9BlinkCodeENS_15BlinkCodeDriver15BlinkCodeGroupsEh
                0x00007280       0x10 C:\Users\enslo_l5het9y\Documents\Senior Project\ClearCore-library-master\libClearCore\Debug\libClearCore.a(StatusManager.o)
                0x00007280                ClearCore::StatusManager::BlinkCode(ClearCore::BlinkCodeDriver::BlinkCodeGroups, unsigned char)
 .text._ZN9ClearCore13StatusManager16UpdateBlinkCodesENS0_14StatusRegisterE
                0x00007290       0xb4 C:\Users\enslo_l5het9y\Documents\Senior Project\ClearCore-library-master\libClearCore\Debug\libClearCore.a(StatusManager.o)
                0x00007290                ClearCore::StatusManager::UpdateBlinkCodes(ClearCore::StatusManager::StatusRegister)
 .text._ZN9ClearCore13StatusManager7RefreshEv
                0x00007344      0x294 C:\Users\enslo_l5het9y\Documents\Senior Project\ClearCore-library-master\libClearCore\Debug\libClearCore.a(StatusManager.o)
                0x00007344                ClearCore::StatusManager::Refresh()
 .text._ZN9ClearCore13StatusManager14OverloadUpdateEmb
                0x000075d8       0x1c C:\Users\enslo_l5het9y\Documents\Senior Project\ClearCore-library-master\libClearCore\Debug\libClearCore.a(StatusManager.o)
                0x000075d8                ClearCore::StatusManager::OverloadUpdate(unsigned long, bool)
 .text.startup._GLOBAL__sub_I__ZN9ClearCore9StatusMgrE
                0x000075f4       0x10 C:\Users\enslo_l5het9y\Documents\Senior Project\ClearCore-library-master\libClearCore\Debug\libClearCore.a(StatusManager.o)
 .text._ZN9ClearCore10SerialBase5SpeedEv
                0x00007604        0x4 C:\Users\enslo_l5het9y\Documents\Senior Project\ClearCore-library-master\libClearCore\Debug\libClearCore.a(SysManager.o)
                0x00007604                ClearCore::SerialBase::Speed()
 .text._ZN9ClearCore10SerialBase6ParityEv
                0x00007608        0x4 C:\Users\enslo_l5het9y\Documents\Senior Project\ClearCore-library-master\libClearCore\Debug\libClearCore.a(SysManager.o)
                0x00007608                ClearCore::SerialBase::Parity()
 .text._ZN9ClearCore10SerialBasecvbEv
                0x0000760c        0x4 C:\Users\enslo_l5het9y\Documents\Senior Project\ClearCore-library-master\libClearCore\Debug\libClearCore.a(SysManager.o)
                0x0000760c                ClearCore::SerialBase::operator bool()
 .text._ZN9ClearCore11MotorDriverC2Ev
                0x00007610       0x44 C:\Users\enslo_l5het9y\Documents\Senior Project\ClearCore-library-master\libClearCore\Debug\libClearCore.a(SysManager.o)
                0x00007610                ClearCore::MotorDriver::MotorDriver()
                0x00007610                ClearCore::MotorDriver::MotorDriver()
 .text._ZN9ClearCore10SysManagerC2Ev
                0x00007654     0x1784 C:\Users\enslo_l5het9y\Documents\Senior Project\ClearCore-library-master\libClearCore\Debug\libClearCore.a(SysManager.o)
                0x00007654                ClearCore::SysManager::SysManager()
                0x00007654                ClearCore::SysManager::SysManager()
 .text._ZN9ClearCore10SysManager16ConnectorByIndexE13ClearCorePins
                0x00008dd8       0x1c C:\Users\enslo_l5het9y\Documents\Senior Project\ClearCore-library-master\libClearCore\Debug\libClearCore.a(SysManager.o)
                0x00008dd8                ClearCore::SysManager::ConnectorByIndex(ClearCorePins)
 .text._ZN9ClearCore10SysManager10InitClocksEv
                0x00008df4      0x2dc C:\Users\enslo_l5het9y\Documents\Senior Project\ClearCore-library-master\libClearCore\Debug\libClearCore.a(SysManager.o)
                0x00008df4                ClearCore::SysManager::InitClocks()
 .text._ZN9ClearCore10SysManager10InitializeEv
                0x000090d0      0x280 C:\Users\enslo_l5het9y\Documents\Senior Project\ClearCore-library-master\libClearCore\Debug\libClearCore.a(SysManager.o)
                0x000090d0                ClearCore::SysManager::Initialize()
 .text._ZN9ClearCore10SysManager10ResetBoardENS0_10ResetModesE
                0x00009350       0x38 C:\Users\enslo_l5het9y\Documents\Senior Project\ClearCore-library-master\libClearCore\Debug\libClearCore.a(SysManager.o)
                0x00009350                ClearCore::SysManager::ResetBoard(ClearCore::SysManager::ResetModes)
 .text.GMAC_Handler
                0x00009388        0xc C:\Users\enslo_l5het9y\Documents\Senior Project\ClearCore-library-master\libClearCore\Debug\libClearCore.a(SysManager.o)
                0x00009388                GMAC_Handler
 .text.SERCOM0_0_Handler
                0x00009394        0xc C:\Users\enslo_l5het9y\Documents\Senior Project\ClearCore-library-master\libClearCore\Debug\libClearCore.a(SysManager.o)
                0x00009394                SERCOM0_0_Handler
 .text.SERCOM0_2_Handler
                0x000093a0        0xc C:\Users\enslo_l5het9y\Documents\Senior Project\ClearCore-library-master\libClearCore\Debug\libClearCore.a(SysManager.o)
                0x000093a0                SERCOM0_2_Handler
 .text.SERCOM0_3_Handler
                0x000093ac        0xc C:\Users\enslo_l5het9y\Documents\Senior Project\ClearCore-library-master\libClearCore\Debug\libClearCore.a(SysManager.o)
                0x000093ac                SERCOM0_3_Handler
 .text.SERCOM2_0_Handler
                0x000093b8        0xc C:\Users\enslo_l5het9y\Documents\Senior Project\ClearCore-library-master\libClearCore\Debug\libClearCore.a(SysManager.o)
                0x000093b8                SERCOM2_0_Handler
 .text.SERCOM2_2_Handler
                0x000093c4        0xc C:\Users\enslo_l5het9y\Documents\Senior Project\ClearCore-library-master\libClearCore\Debug\libClearCore.a(SysManager.o)
                0x000093c4                SERCOM2_2_Handler
 .text.SERCOM2_3_Handler
                0x000093d0        0xc C:\Users\enslo_l5het9y\Documents\Senior Project\ClearCore-library-master\libClearCore\Debug\libClearCore.a(SysManager.o)
                0x000093d0                SERCOM2_3_Handler
 .text.SERCOM7_0_Handler
                0x000093dc        0xc C:\Users\enslo_l5het9y\Documents\Senior Project\ClearCore-library-master\libClearCore\Debug\libClearCore.a(SysManager.o)
                0x000093dc                SERCOM7_0_Handler
 .text.SERCOM7_2_Handler
                0x000093e8        0xc C:\Users\enslo_l5het9y\Documents\Senior Project\ClearCore-library-master\libClearCore\Debug\libClearCore.a(SysManager.o)
                0x000093e8                SERCOM7_2_Handler
 .text.SERCOM7_3_Handler
                0x000093f4        0xc C:\Users\enslo_l5het9y\Documents\Senior Project\ClearCore-library-master\libClearCore\Debug\libClearCore.a(SysManager.o)
                0x000093f4                SERCOM7_3_Handler
 .text.EIC_0_Handler
                0x00009400       0x10 C:\Users\enslo_l5het9y\Documents\Senior Project\ClearCore-library-master\libClearCore\Debug\libClearCore.a(SysManager.o)
                0x00009400                EIC_0_Handler
 .text.EIC_1_Handler
                0x00009410       0x10 C:\Users\enslo_l5het9y\Documents\Senior Project\ClearCore-library-master\libClearCore\Debug\libClearCore.a(SysManager.o)
                0x00009410                EIC_1_Handler
 .text.EIC_2_Handler
                0x00009420       0x10 C:\Users\enslo_l5het9y\Documents\Senior Project\ClearCore-library-master\libClearCore\Debug\libClearCore.a(SysManager.o)
                0x00009420                EIC_2_Handler
 .text.EIC_3_Handler
                0x00009430       0x10 C:\Users\enslo_l5het9y\Documents\Senior Project\ClearCore-library-master\libClearCore\Debug\libClearCore.a(SysManager.o)
                0x00009430                EIC_3_Handler
 .text.EIC_4_Handler
                0x00009440       0x10 C:\Users\enslo_l5het9y\Documents\Senior Project\ClearCore-library-master\libClearCore\Debug\libClearCore.a(SysManager.o)
                0x00009440                EIC_4_Handler
 .text.EIC_5_Handler
                0x00009450       0x10 C:\Users\enslo_l5het9y\Documents\Senior Project\ClearCore-library-master\libClearCore\Debug\libClearCore.a(SysManager.o)
                0x00009450                EIC_5_Handler
 .text.EIC_6_Handler
                0x00009460       0x10 C:\Users\enslo_l5het9y\Documents\Senior Project\ClearCore-library-master\libClearCore\Debug\libClearCore.a(SysManager.o)
                0x00009460                EIC_6_Handler
 .text.EIC_7_Handler
                0x00009470       0x10 C:\Users\enslo_l5het9y\Documents\Senior Project\ClearCore-library-master\libClearCore\Debug\libClearCore.a(SysManager.o)
                0x00009470                EIC_7_Handler
 .text.EIC_8_Handler
                0x00009480       0x10 C:\Users\enslo_l5het9y\Documents\Senior Project\ClearCore-library-master\libClearCore\Debug\libClearCore.a(SysManager.o)
                0x00009480                EIC_8_Handler
 .text.EIC_9_Handler
                0x00009490       0x10 C:\Users\enslo_l5het9y\Documents\Senior Project\ClearCore-library-master\libClearCore\Debug\libClearCore.a(SysManager.o)
                0x00009490                EIC_9_Handler
 .text.EIC_10_Handler
                0x000094a0       0x10 C:\Users\enslo_l5het9y\Documents\Senior Project\ClearCore-library-master\libClearCore\Debug\libClearCore.a(SysManager.o)
                0x000094a0                EIC_10_Handler
 .text.EIC_11_Handler
                0x000094b0       0x10 C:\Users\enslo_l5het9y\Documents\Senior Project\ClearCore-library-master\libClearCore\Debug\libClearCore.a(SysManager.o)
                0x000094b0                EIC_11_Handler
 .text.EIC_12_Handler
                0x000094c0        0xc C:\Users\enslo_l5het9y\Documents\Senior Project\ClearCore-library-master\libClearCore\Debug\libClearCore.a(SysManager.o)
                0x000094c0                EIC_12_Handler
 .text.EIC_13_Handler
                0x000094cc       0x10 C:\Users\enslo_l5het9y\Documents\Senior Project\ClearCore-library-master\libClearCore\Debug\libClearCore.a(SysManager.o)
                0x000094cc                EIC_13_Handler
 .text.EIC_14_Handler
                0x000094dc       0x10 C:\Users\enslo_l5het9y\Documents\Senior Project\ClearCore-library-master\libClearCore\Debug\libClearCore.a(SysManager.o)
                0x000094dc                EIC_14_Handler
 .text.EIC_15_Handler
                0x000094ec       0x10 C:\Users\enslo_l5het9y\Documents\Senior Project\ClearCore-library-master\libClearCore\Debug\libClearCore.a(SysManager.o)
                0x000094ec                EIC_15_Handler
 .text.TCC3_0_Handler
                0x000094fc       0x18 C:\Users\enslo_l5het9y\Documents\Senior Project\ClearCore-library-master\libClearCore\Debug\libClearCore.a(SysManager.o)
                0x000094fc                TCC3_0_Handler
 .text.TCC4_0_Handler
                0x00009514       0x18 C:\Users\enslo_l5het9y\Documents\Senior Project\ClearCore-library-master\libClearCore\Debug\libClearCore.a(SysManager.o)
                0x00009514                TCC4_0_Handler
 .text.SysTick_Handler
                0x0000952c       0x54 C:\Users\enslo_l5het9y\Documents\Senior Project\ClearCore-library-master\libClearCore\Debug\libClearCore.a(SysManager.o)
                0x0000952c                SysTick_Handler
 .text.TCC0_0_Handler
                0x00009580      0x110 C:\Users\enslo_l5het9y\Documents\Senior Project\ClearCore-library-master\libClearCore\Debug\libClearCore.a(SysManager.o)
                0x00009580                TCC0_0_Handler
 .text.Reset_Handler
                0x00009690       0x68 C:\Users\enslo_l5het9y\Documents\Senior Project\ClearCore-library-master\libClearCore\Debug\libClearCore.a(SysManager.o)
                0x00009690                Reset_Handler
 .text.startup._GLOBAL__sub_I__ZN9ClearCore11FastSysTickE
                0x000096f8      0x1e8 C:\Users\enslo_l5het9y\Documents\Senior Project\ClearCore-library-master\libClearCore\Debug\libClearCore.a(SysManager.o)
 .text._ZN9ClearCore10NvmManager8InstanceEv
                0x000098e0       0x4c C:\Users\enslo_l5het9y\Documents\Senior Project\ClearCore-library-master\libClearCore\Debug\libClearCore.a(NvmManager.o)
                0x000098e0                ClearCore::NvmManager::Instance()
 .text._ZN9ClearCore10NvmManager5Int16ENS0_12NvmLocationsE
                0x0000992c       0x14 C:\Users\enslo_l5het9y\Documents\Senior Project\ClearCore-library-master\libClearCore\Debug\libClearCore.a(NvmManager.o)
                0x0000992c                ClearCore::NvmManager::Int16(ClearCore::NvmManager::NvmLocations)
 .text._ZN9ClearCore10NvmManager10MacAddressEPh
                0x00009940       0x48 C:\Users\enslo_l5het9y\Documents\Senior Project\ClearCore-library-master\libClearCore\Debug\libClearCore.a(NvmManager.o)
                0x00009940                ClearCore::NvmManager::MacAddress(unsigned char*)
 .text.startup._GLOBAL__sub_I__ZN9ClearCore6NvmMgrE
                0x00009988       0x10 C:\Users\enslo_l5het9y\Documents\Senior Project\ClearCore-library-master\libClearCore\Debug\libClearCore.a(NvmManager.o)
 .text._ZN9ClearCore9SysTiming8InstanceEv
                0x00009998       0x48 C:\Users\enslo_l5het9y\Documents\Senior Project\ClearCore-library-master\libClearCore\Debug\libClearCore.a(SysTiming.o)
                0x00009998                ClearCore::SysTiming::Instance()
 .text._ZN9ClearCore9SysTiming8IsrStartEv
                0x000099e0        0xc C:\Users\enslo_l5het9y\Documents\Senior Project\ClearCore-library-master\libClearCore\Debug\libClearCore.a(SysTiming.o)
                0x000099e0                ClearCore::SysTiming::IsrStart()
 .text._ZN9ClearCore9SysTiming6IsrEndEv
                0x000099ec       0x20 C:\Users\enslo_l5het9y\Documents\Senior Project\ClearCore-library-master\libClearCore\Debug\libClearCore.a(SysTiming.o)
                0x000099ec                ClearCore::SysTiming::IsrEnd()
 .text._ZN9ClearCore9SysTiming6UpdateEv
                0x00009a0c       0x78 C:\Users\enslo_l5het9y\Documents\Senior Project\ClearCore-library-master\libClearCore\Debug\libClearCore.a(SysTiming.o)
                0x00009a0c                ClearCore::SysTiming::Update()
 .text._ZN9ClearCore9SysTiming21SysTickPeriodMicroSecEm
                0x00009a84       0x4c C:\Users\enslo_l5het9y\Documents\Senior Project\ClearCore-library-master\libClearCore\Debug\libClearCore.a(SysTiming.o)
                0x00009a84                ClearCore::SysTiming::SysTickPeriodMicroSec(unsigned long)
 .text.Milliseconds
                0x00009ad0        0xc C:\Users\enslo_l5het9y\Documents\Senior Project\ClearCore-library-master\libClearCore\Debug\libClearCore.a(SysTiming.o)
                0x00009ad0                Milliseconds
 .text.Microseconds
                0x00009adc       0x48 C:\Users\enslo_l5het9y\Documents\Senior Project\ClearCore-library-master\libClearCore\Debug\libClearCore.a(SysTiming.o)
                0x00009adc                Microseconds
 .text.Delay_cycles
                0x00009b24       0x3c C:\Users\enslo_l5het9y\Documents\Senior Project\ClearCore-library-master\libClearCore\Debug\libClearCore.a(SysTiming.o)
                0x00009b24                Delay_cycles
 .text.startup._GLOBAL__sub_I__ZN9ClearCore7tickCntE
                0x00009b60       0x10 C:\Users\enslo_l5het9y\Documents\Senior Project\ClearCore-library-master\libClearCore\Debug\libClearCore.a(SysTiming.o)
 .text._ZN9ClearCore15EthernetManager8InstanceEv
                0x00009b70       0xe8 C:\Users\enslo_l5het9y\Documents\Senior Project\ClearCore-library-master\libClearCore\Debug\libClearCore.a(EthernetManager.o)
                0x00009b70                ClearCore::EthernetManager::Instance()
 .text._ZN9ClearCore15EthernetManager13PhyInitializeEv
                0x00009c58      0x110 C:\Users\enslo_l5het9y\Documents\Senior Project\ClearCore-library-master\libClearCore\Debug\libClearCore.a(EthernetManager.o)
                0x00009c58                ClearCore::EthernetManager::PhyInitialize()
 .text._ZN9ClearCore15EthernetManager10InitializeEv
                0x00009d68      0x578 C:\Users\enslo_l5het9y\Documents\Senior Project\ClearCore-library-master\libClearCore\Debug\libClearCore.a(EthernetManager.o)
                0x00009d68                ClearCore::EthernetManager::Initialize()
 .text._ZN9ClearCore15EthernetManager13IrqHandlerPhyEv
                0x0000a2e0      0x378 C:\Users\enslo_l5het9y\Documents\Senior Project\ClearCore-library-master\libClearCore\Debug\libClearCore.a(EthernetManager.o)
                0x0000a2e0                ClearCore::EthernetManager::IrqHandlerPhy()
 .text._ZN9ClearCore15EthernetManager14IrqHandlerGmacEv
                0x0000a658       0x34 C:\Users\enslo_l5het9y\Documents\Senior Project\ClearCore-library-master\libClearCore\Debug\libClearCore.a(EthernetManager.o)
                0x0000a658                ClearCore::EthernetManager::IrqHandlerGmac()
 .text.startup._GLOBAL__sub_I__Z12PacketLengthP6ethInt
                0x0000a68c       0x10 C:\Users\enslo_l5het9y\Documents\Senior Project\ClearCore-library-master\libClearCore\Debug\libClearCore.a(EthernetManager.o)
 .text._ZN9ClearCore13ShiftRegisterC2Ev
                0x0000a69c      0x124 C:\Users\enslo_l5het9y\Documents\Senior Project\ClearCore-library-master\libClearCore\Debug\libClearCore.a(ShiftRegister.o)
                0x0000a69c                ClearCore::ShiftRegister::ShiftRegister()
                0x0000a69c                ClearCore::ShiftRegister::ShiftRegister()
 .text._ZN9ClearCore13ShiftRegister10InitializeEv
                0x0000a7c0      0x1a4 C:\Users\enslo_l5het9y\Documents\Senior Project\ClearCore-library-master\libClearCore\Debug\libClearCore.a(ShiftRegister.o)
                0x0000a7c0                ClearCore::ShiftRegister::Initialize()
 .text._ZN9ClearCore13ShiftRegister6UpdateEv
                0x0000a964      0x414 C:\Users\enslo_l5het9y\Documents\Senior Project\ClearCore-library-master\libClearCore\Debug\libClearCore.a(ShiftRegister.o)
                0x0000a964                ClearCore::ShiftRegister::Update()
 .text._ZN9ClearCore13ShiftRegister18DiagnosticLedSweepEv
                0x0000ad78      0x148 C:\Users\enslo_l5het9y\Documents\Senior Project\ClearCore-library-master\libClearCore\Debug\libClearCore.a(ShiftRegister.o)
                0x0000ad78                ClearCore::ShiftRegister::DiagnosticLedSweep()
 .text._ZN9ClearCore12MotorManager8InstanceEv
                0x0000aec0       0x44 C:\Users\enslo_l5het9y\Documents\Senior Project\ClearCore-library-master\libClearCore\Debug\libClearCore.a(MotorManager.o)
                0x0000aec0                ClearCore::MotorManager::Instance()
 .text._ZN9ClearCore12MotorManager18MotorInputClockingENS0_15MotorClockRatesE
                0x0000af04      0x120 C:\Users\enslo_l5het9y\Documents\Senior Project\ClearCore-library-master\libClearCore\Debug\libClearCore.a(MotorManager.o)
                0x0000af04                ClearCore::MotorManager::MotorInputClocking(ClearCore::MotorManager::MotorClockRates)
 .text._ZN9ClearCore12MotorManager12MotorModeSetENS0_9MotorPairENS_9Connector14ConnectorModesE
                0x0000b024       0xec C:\Users\enslo_l5het9y\Documents\Senior Project\ClearCore-library-master\libClearCore\Debug\libClearCore.a(MotorManager.o)
                0x0000b024                ClearCore::MotorManager::MotorModeSet(ClearCore::MotorManager::MotorPair, ClearCore::Connector::ConnectorModes)
 .text._ZN9ClearCore12MotorManager10InitializeEv
                0x0000b110      0x10c C:\Users\enslo_l5het9y\Documents\Senior Project\ClearCore-library-master\libClearCore\Debug\libClearCore.a(MotorManager.o)
                0x0000b110                ClearCore::MotorManager::Initialize()
 .text.startup._GLOBAL__sub_I__ZN9ClearCore8MotorMgrE
                0x0000b21c       0x10 C:\Users\enslo_l5het9y\Documents\Senior Project\ClearCore-library-master\libClearCore\Debug\libClearCore.a(MotorManager.o)
 .text._ZN9ClearCore13StepGenerator4MoveElNS0_10MoveTargetE
                0x0000b22c       0x74 C:\Users\enslo_l5het9y\Documents\Senior Project\ClearCore-library-master\libClearCore\Debug\libClearCore.a(StepGenerator.o)
                0x0000b22c                ClearCore::StepGenerator::Move(long, ClearCore::StepGenerator::MoveTarget)
 .text._ZN9ClearCore13StepGenerator12MoveVelocityEl
                0x0000b2a0       0x94 C:\Users\enslo_l5het9y\Documents\Senior Project\ClearCore-library-master\libClearCore\Debug\libClearCore.a(StepGenerator.o)
                0x0000b2a0                ClearCore::StepGenerator::MoveVelocity(long)
 .text._ZN9ClearCore13StepGenerator15StepsCalculatedEv
                0x0000b334      0x4ec C:\Users\enslo_l5het9y\Documents\Senior Project\ClearCore-library-master\libClearCore\Debug\libClearCore.a(StepGenerator.o)
                0x0000b334                ClearCore::StepGenerator::StepsCalculated()
 .text._ZN9ClearCore13StepGeneratorC2Ev
                0x0000b820       0x64 C:\Users\enslo_l5het9y\Documents\Senior Project\ClearCore-library-master\libClearCore\Debug\libClearCore.a(StepGenerator.o)
                0x0000b820                ClearCore::StepGenerator::StepGenerator()
                0x0000b820                ClearCore::StepGenerator::StepGenerator()
 .text._ZN9ClearCore13StepGenerator14MoveStopAbruptEv
                0x0000b884       0x34 C:\Users\enslo_l5het9y\Documents\Senior Project\ClearCore-library-master\libClearCore\Debug\libClearCore.a(StepGenerator.o)
                0x0000b884                ClearCore::StepGenerator::MoveStopAbrupt()
 .text._ZN9ClearCore13StepGenerator13MoveStopDecelEm
                0x0000b8b8       0x58 C:\Users\enslo_l5het9y\Documents\Senior Project\ClearCore-library-master\libClearCore\Debug\libClearCore.a(StepGenerator.o)
                0x0000b8b8                ClearCore::StepGenerator::MoveStopDecel(unsigned long)
 .text._ZN9ClearCore13StepGenerator6VelMaxEm
                0x0000b910       0x4c C:\Users\enslo_l5het9y\Documents\Senior Project\ClearCore-library-master\libClearCore\Debug\libClearCore.a(StepGenerator.o)
                0x0000b910                ClearCore::StepGenerator::VelMax(unsigned long)
 *fill*         0x0000b95c        0x4 
 .text._ZN9ClearCore13StepGenerator8AccelMaxEm
                0x0000b960       0x30 C:\Users\enslo_l5het9y\Documents\Senior Project\ClearCore-library-master\libClearCore\Debug\libClearCore.a(StepGenerator.o)
                0x0000b960                ClearCore::StepGenerator::AccelMax(unsigned long)
 .text._ZN9ClearCore13StepGenerator20StepsPerSampleMaxSetEm
                0x0000b990       0x68 C:\Users\enslo_l5het9y\Documents\Senior Project\ClearCore-library-master\libClearCore\Debug\libClearCore.a(StepGenerator.o)
                0x0000b990                ClearCore::StepGenerator::StepsPerSampleMaxSet(unsigned long)
 .text._ZN9ClearCore13StepGenerator17CheckTravelLimitsEv
                0x0000b9f8       0x80 C:\Users\enslo_l5het9y\Documents\Senior Project\ClearCore-library-master\libClearCore\Debug\libClearCore.a(StepGenerator.o)
                0x0000b9f8                ClearCore::StepGenerator::CheckTravelLimits()
 .text.SystemInit
                0x0000ba78      0x2b0 C:\Users\enslo_l5het9y\Documents\Senior Project\ClearCore-library-master\libClearCore\Debug\libClearCore.a(system_same53.o)
                0x0000ba78                SystemInit
 .text.GClkFreqUpdate
                0x0000bd28       0x44 C:\Users\enslo_l5het9y\Documents\Senior Project\ClearCore-library-master\libClearCore\Debug\libClearCore.a(system_same53.o)
                0x0000bd28                GClkFreqUpdate
 .text._ZN9ClearCore12EncoderInputC2Ev
                0x0000bd6c       0x54 C:\Users\enslo_l5het9y\Documents\Senior Project\ClearCore-library-master\libClearCore\Debug\libClearCore.a(EncoderInput.o)
                0x0000bd6c                ClearCore::EncoderInput::EncoderInput()
                0x0000bd6c                ClearCore::EncoderInput::EncoderInput()
 .text._ZN9ClearCore12EncoderInput10InitializeEv
                0x0000bdc0       0x5c C:\Users\enslo_l5het9y\Documents\Senior Project\ClearCore-library-master\libClearCore\Debug\libClearCore.a(EncoderInput.o)
                0x0000bdc0                ClearCore::EncoderInput::Initialize()
 .text._ZN9ClearCore12EncoderInput6UpdateEv
                0x0000be1c       0xbc C:\Users\enslo_l5het9y\Documents\Senior Project\ClearCore-library-master\libClearCore\Debug\libClearCore.a(EncoderInput.o)
                0x0000be1c                ClearCore::EncoderInput::Update()
 .text._ZN9ClearCore21DigitalInOutAnalogOut4ModeEv
                0x0000bed8        0x4 C:\Users\enslo_l5het9y\Documents\Senior Project\ClearCore-library-master\libClearCore\Debug\libClearCore.a(DigitalInOutAnalogOut.o)
                0x0000bed8                ClearCore::DigitalInOutAnalogOut::Mode()
 .text._ZN9ClearCore21DigitalInOutAnalogOut4TypeEv
                0x0000bedc        0x4 C:\Users\enslo_l5het9y\Documents\Senior Project\ClearCore-library-master\libClearCore\Debug\libClearCore.a(DigitalInOutAnalogOut.o)
                0x0000bedc                ClearCore::DigitalInOutAnalogOut::Type()
 .text._ZN9ClearCore21DigitalInOutAnalogOut10IsWritableEv
                0x0000bee0       0x14 C:\Users\enslo_l5het9y\Documents\Senior Project\ClearCore-library-master\libClearCore\Debug\libClearCore.a(DigitalInOutAnalogOut.o)
                0x0000bee0                ClearCore::DigitalInOutAnalogOut::IsWritable()
 .text._ZN9ClearCore21DigitalInOutAnalogOutC2ENS_13ShiftRegister5MasksEPK15PeripheralRouteS5_S5_b
                0x0000bef4       0x34 C:\Users\enslo_l5het9y\Documents\Senior Project\ClearCore-library-master\libClearCore\Debug\libClearCore.a(DigitalInOutAnalogOut.o)
                0x0000bef4                ClearCore::DigitalInOutAnalogOut::DigitalInOutAnalogOut(ClearCore::ShiftRegister::Masks, PeripheralRoute const*, PeripheralRoute const*, PeripheralRoute const*, bool)
                0x0000bef4                ClearCore::DigitalInOutAnalogOut::DigitalInOutAnalogOut(ClearCore::ShiftRegister::Masks, PeripheralRoute const*, PeripheralRoute const*, PeripheralRoute const*, bool)
 .text._ZN9ClearCore21DigitalInOutAnalogOut13DacInitializeEv
                0x0000bf28      0x100 C:\Users\enslo_l5het9y\Documents\Senior Project\ClearCore-library-master\libClearCore\Debug\libClearCore.a(DigitalInOutAnalogOut.o)
                0x0000bf28                ClearCore::DigitalInOutAnalogOut::DacInitialize()
 .text._ZN9ClearCore21DigitalInOutAnalogOut9DacEnableEv
                0x0000c028       0xc8 C:\Users\enslo_l5het9y\Documents\Senior Project\ClearCore-library-master\libClearCore\Debug\libClearCore.a(DigitalInOutAnalogOut.o)
                0x0000c028                ClearCore::DigitalInOutAnalogOut::DacEnable()
 .text._ZN9ClearCore21DigitalInOutAnalogOut7RefreshEv
                0x0000c0f0       0x18 C:\Users\enslo_l5het9y\Documents\Senior Project\ClearCore-library-master\libClearCore\Debug\libClearCore.a(DigitalInOutAnalogOut.o)
                0x0000c0f0                ClearCore::DigitalInOutAnalogOut::Refresh()
 .text._ZN9ClearCore21DigitalInOutAnalogOut4ModeENS_9Connector14ConnectorModesE
                0x0000c108       0xf8 C:\Users\enslo_l5het9y\Documents\Senior Project\ClearCore-library-master\libClearCore\Debug\libClearCore.a(DigitalInOutAnalogOut.o)
                0x0000c108                ClearCore::DigitalInOutAnalogOut::Mode(ClearCore::Connector::ConnectorModes)
 .text._ZN9ClearCore21DigitalInOutAnalogOut5StateEv
                0x0000c200       0x1c C:\Users\enslo_l5het9y\Documents\Senior Project\ClearCore-library-master\libClearCore\Debug\libClearCore.a(DigitalInOutAnalogOut.o)
                0x0000c200                ClearCore::DigitalInOutAnalogOut::State()
 .text._ZN9ClearCore21DigitalInOutAnalogOut5StateEs
                0x0000c21c       0x9c C:\Users\enslo_l5het9y\Documents\Senior Project\ClearCore-library-master\libClearCore\Debug\libClearCore.a(DigitalInOutAnalogOut.o)
                0x0000c21c                ClearCore::DigitalInOutAnalogOut::State(short)
 .text._ZN9ClearCore21DigitalInOutAnalogOut10InitializeE13ClearCorePins
                0x0000c2b8       0xa0 C:\Users\enslo_l5het9y\Documents\Senior Project\ClearCore-library-master\libClearCore\Debug\libClearCore.a(DigitalInOutAnalogOut.o)
                0x0000c2b8                ClearCore::DigitalInOutAnalogOut::Initialize(ClearCorePins)
 .text._ZN9ClearCore15BlinkCodeDriver6UpdateEv
                0x0000c358      0x2b0 C:\Users\enslo_l5het9y\Documents\Senior Project\ClearCore-library-master\libClearCore\Debug\libClearCore.a(BlinkCodeDriver.o)
                0x0000c358                ClearCore::BlinkCodeDriver::Update()
 .text._ZN9ClearCore12DigitalInOut4ModeEv
                0x0000c608        0x4 C:\Users\enslo_l5het9y\Documents\Senior Project\ClearCore-library-master\libClearCore\Debug\libClearCore.a(DigitalInOut.o)
                0x0000c608                ClearCore::DigitalInOut::Mode()
 .text._ZN9ClearCore12DigitalInOut4TypeEv
                0x0000c60c        0x4 C:\Users\enslo_l5het9y\Documents\Senior Project\ClearCore-library-master\libClearCore\Debug\libClearCore.a(DigitalInOut.o)
                0x0000c60c                ClearCore::DigitalInOut::Type()
 .text._ZN9ClearCore12DigitalInOut10IsWritableEv
                0x0000c610       0x14 C:\Users\enslo_l5het9y\Documents\Senior Project\ClearCore-library-master\libClearCore\Debug\libClearCore.a(DigitalInOut.o)
                0x0000c610                ClearCore::DigitalInOut::IsWritable()
 .text._ZN9ClearCore12DigitalInOut5StateEs
                0x0000c624       0xb8 C:\Users\enslo_l5het9y\Documents\Senior Project\ClearCore-library-master\libClearCore\Debug\libClearCore.a(DigitalInOut.o)
                0x0000c624                ClearCore::DigitalInOut::State(short)
 .text._ZN9ClearCore12DigitalInOut4ModeENS_9Connector14ConnectorModesE
                0x0000c6dc      0x224 C:\Users\enslo_l5het9y\Documents\Senior Project\ClearCore-library-master\libClearCore\Debug\libClearCore.a(DigitalInOut.o)
                0x0000c6dc                ClearCore::DigitalInOut::Mode(ClearCore::Connector::ConnectorModes)
 .text._ZN9ClearCore12DigitalInOutC2ENS_13ShiftRegister5MasksEPK15PeripheralRouteS5_b
                0x0000c900       0x6c C:\Users\enslo_l5het9y\Documents\Senior Project\ClearCore-library-master\libClearCore\Debug\libClearCore.a(DigitalInOut.o)
                0x0000c900                ClearCore::DigitalInOut::DigitalInOut(ClearCore::ShiftRegister::Masks, PeripheralRoute const*, PeripheralRoute const*, bool)
                0x0000c900                ClearCore::DigitalInOut::DigitalInOut(ClearCore::ShiftRegister::Masks, PeripheralRoute const*, PeripheralRoute const*, bool)
 .text._ZN9ClearCore12DigitalInOut7RefreshEv
                0x0000c96c      0x20c C:\Users\enslo_l5het9y\Documents\Senior Project\ClearCore-library-master\libClearCore\Debug\libClearCore.a(DigitalInOut.o)
                0x0000c96c                ClearCore::DigitalInOut::Refresh()
 .text._ZN9ClearCore12DigitalInOut5StateEv
                0x0000cb78       0x40 C:\Users\enslo_l5het9y\Documents\Senior Project\ClearCore-library-master\libClearCore\Debug\libClearCore.a(DigitalInOut.o)
                0x0000cb78                ClearCore::DigitalInOut::State()
 .text._ZN9ClearCore12DigitalInOut10InitializeE13ClearCorePins
                0x0000cbb8       0x74 C:\Users\enslo_l5het9y\Documents\Senior Project\ClearCore-library-master\libClearCore\Debug\libClearCore.a(DigitalInOut.o)
                0x0000cbb8                ClearCore::DigitalInOut::Initialize(ClearCorePins)
 .text._ZN9ClearCore16CcioBoardManager12CcioDiscoverEPNS_12SerialDriverE.part.1
                0x0000cc2c      0x488 C:\Users\enslo_l5het9y\Documents\Senior Project\ClearCore-library-master\libClearCore\Debug\libClearCore.a(CcioBoardManager.o)
 .text._ZN9ClearCore16CcioBoardManager8InstanceEv
                0x0000d0b4      0x118 C:\Users\enslo_l5het9y\Documents\Senior Project\ClearCore-library-master\libClearCore\Debug\libClearCore.a(CcioBoardManager.o)
                0x0000d0b4                ClearCore::CcioBoardManager::Instance()
 .text._ZN9ClearCore16CcioBoardManager10InitializeEv
                0x0000d1cc       0xb8 C:\Users\enslo_l5het9y\Documents\Senior Project\ClearCore-library-master\libClearCore\Debug\libClearCore.a(CcioBoardManager.o)
                0x0000d1cc                ClearCore::CcioBoardManager::Initialize()
 .text._ZN9ClearCore16CcioBoardManager8PinStateE13ClearCorePins
                0x0000d284       0x30 C:\Users\enslo_l5het9y\Documents\Senior Project\ClearCore-library-master\libClearCore\Debug\libClearCore.a(CcioBoardManager.o)
                0x0000d284                ClearCore::CcioBoardManager::PinState(ClearCorePins)
 .text._ZN9ClearCore16CcioBoardManager7RefreshEv
                0x0000d2b4      0x5c4 C:\Users\enslo_l5het9y\Documents\Senior Project\ClearCore-library-master\libClearCore\Debug\libClearCore.a(CcioBoardManager.o)
                0x0000d2b4                ClearCore::CcioBoardManager::Refresh()
 .text._ZN9ClearCore16CcioBoardManager11RefreshSlowEv
                0x0000d878       0x3c C:\Users\enslo_l5het9y\Documents\Senior Project\ClearCore-library-master\libClearCore\Debug\libClearCore.a(CcioBoardManager.o)
                0x0000d878                ClearCore::CcioBoardManager::RefreshSlow()
 .text._ZN9ClearCore16CcioBoardManager9LinkCloseEv
                0x0000d8b4       0x40 C:\Users\enslo_l5het9y\Documents\Senior Project\ClearCore-library-master\libClearCore\Debug\libClearCore.a(CcioBoardManager.o)
                0x0000d8b4                ClearCore::CcioBoardManager::LinkClose()
 .text._ZN9ClearCore16CcioBoardManager12CcioDiscoverEPNS_12SerialDriverE
                0x0000d8f4       0x38 C:\Users\enslo_l5het9y\Documents\Senior Project\ClearCore-library-master\libClearCore\Debug\libClearCore.a(CcioBoardManager.o)
                0x0000d8f4                ClearCore::CcioBoardManager::CcioDiscover(ClearCore::SerialDriver*)
 .text._ZN9ClearCore16CcioBoardManager10PinByIndexE13ClearCorePins
                0x0000d92c       0x18 C:\Users\enslo_l5het9y\Documents\Senior Project\ClearCore-library-master\libClearCore\Debug\libClearCore.a(CcioBoardManager.o)
                0x0000d92c                ClearCore::CcioBoardManager::PinByIndex(ClearCorePins)
 .text.startup._GLOBAL__sub_I__ZN9ClearCore7CcioMgrE
                0x0000d944       0x10 C:\Users\enslo_l5het9y\Documents\Senior Project\ClearCore-library-master\libClearCore\Debug\libClearCore.a(CcioBoardManager.o)
 .text._ZN9ClearCore7CcioPin4ModeEv
                0x0000d954        0x4 C:\Users\enslo_l5het9y\Documents\Senior Project\ClearCore-library-master\libClearCore\Debug\libClearCore.a(CcioPin.o)
                0x0000d954                ClearCore::CcioPin::Mode()
 .text._ZN9ClearCore7CcioPin4TypeEv
                0x0000d958        0x4 C:\Users\enslo_l5het9y\Documents\Senior Project\ClearCore-library-master\libClearCore\Debug\libClearCore.a(CcioPin.o)
                0x0000d958                ClearCore::CcioPin::Type()
 .text._ZN9ClearCore7CcioPin10IsWritableEv
                0x0000d95c       0x10 C:\Users\enslo_l5het9y\Documents\Senior Project\ClearCore-library-master\libClearCore\Debug\libClearCore.a(CcioPin.o)
                0x0000d95c                ClearCore::CcioPin::IsWritable()
 .text._ZN9ClearCore7CcioPin7RefreshEv
                0x0000d96c        0x4 C:\Users\enslo_l5het9y\Documents\Senior Project\ClearCore-library-master\libClearCore\Debug\libClearCore.a(CcioPin.o)
                0x0000d96c                ClearCore::CcioPin::Refresh()
 .text._ZN9ClearCore7CcioPin10InitializeE13ClearCorePins
                0x0000d970       0x40 C:\Users\enslo_l5het9y\Documents\Senior Project\ClearCore-library-master\libClearCore\Debug\libClearCore.a(CcioPin.o)
                0x0000d970                ClearCore::CcioPin::Initialize(ClearCorePins)
 .text._ZN9ClearCore7CcioPin4ModeENS_9Connector14ConnectorModesE
                0x0000d9b0       0x70 C:\Users\enslo_l5het9y\Documents\Senior Project\ClearCore-library-master\libClearCore\Debug\libClearCore.a(CcioPin.o)
                0x0000d9b0                ClearCore::CcioPin::Mode(ClearCore::Connector::ConnectorModes)
 .text._ZN9ClearCore7CcioPin5StateEv
                0x0000da20       0x3c C:\Users\enslo_l5het9y\Documents\Senior Project\ClearCore-library-master\libClearCore\Debug\libClearCore.a(CcioPin.o)
                0x0000da20                ClearCore::CcioPin::State()
 .text._ZN9ClearCore7CcioPin11IsInHwFaultEv
                0x0000da5c       0x20 C:\Users\enslo_l5het9y\Documents\Senior Project\ClearCore-library-master\libClearCore\Debug\libClearCore.a(CcioPin.o)
                0x0000da5c                ClearCore::CcioPin::IsInHwFault()
 .text._ZN9ClearCore7CcioPin5StateEs
                0x0000da7c       0x48 C:\Users\enslo_l5het9y\Documents\Senior Project\ClearCore-library-master\libClearCore\Debug\libClearCore.a(CcioPin.o)
                0x0000da7c                ClearCore::CcioPin::State(short)
 .text._ZN9ClearCore7CcioPinC2Ev
                0x0000dac4       0x34 C:\Users\enslo_l5het9y\Documents\Senior Project\ClearCore-library-master\libClearCore\Debug\libClearCore.a(CcioPin.o)
                0x0000dac4                ClearCore::CcioPin::CcioPin()
                0x0000dac4                ClearCore::CcioPin::CcioPin()
 .text._ZN9ClearCore12SdCardDriverC2EPK15PeripheralRouteS3_S3_S3_h
                0x0000daf8       0x40 C:\Users\enslo_l5het9y\Documents\Senior Project\ClearCore-library-master\libClearCore\Debug\libClearCore.a(SdCardDriver.o)
                0x0000daf8                ClearCore::SdCardDriver::SdCardDriver(PeripheralRoute const*, PeripheralRoute const*, PeripheralRoute const*, PeripheralRoute const*, unsigned char)
                0x0000daf8                ClearCore::SdCardDriver::SdCardDriver(PeripheralRoute const*, PeripheralRoute const*, PeripheralRoute const*, PeripheralRoute const*, unsigned char)
 .text._ZN9ClearCore10SerialBase10PortIsOpenEv
                0x0000db38        0x8 C:\Users\enslo_l5het9y\Documents\Senior Project\ClearCore-library-master\libClearCore\Debug\libClearCore.a(SerialBase.o)
                0x0000db38                ClearCore::SerialBase::PortIsOpen()
 .text._ZN9ClearCore10SerialBase5FlushEv
                0x0000db40       0x10 C:\Users\enslo_l5het9y\Documents\Senior Project\ClearCore-library-master\libClearCore\Debug\libClearCore.a(SerialBase.o)
                0x0000db40                ClearCore::SerialBase::Flush()
 .text._ZN9ClearCore10SerialBase10FlushInputEv
                0x0000db50       0x14 C:\Users\enslo_l5het9y\Documents\Senior Project\ClearCore-library-master\libClearCore\Debug\libClearCore.a(SerialBase.o)
                0x0000db50                ClearCore::SerialBase::FlushInput()
 .text._ZN9ClearCore10SerialBase7CharGetEv
                0x0000db64       0x38 C:\Users\enslo_l5het9y\Documents\Senior Project\ClearCore-library-master\libClearCore\Debug\libClearCore.a(SerialBase.o)
                0x0000db64                ClearCore::SerialBase::CharGet()
 .text._ZN9ClearCore10SerialBase8CharPeekEv
                0x0000db9c       0x1c C:\Users\enslo_l5het9y\Documents\Senior Project\ClearCore-library-master\libClearCore\Debug\libClearCore.a(SerialBase.o)
                0x0000db9c                ClearCore::SerialBase::CharPeek()
 .text._ZN9ClearCore10SerialBase16AvailableForReadEv
                0x0000dbb8       0x10 C:\Users\enslo_l5het9y\Documents\Senior Project\ClearCore-library-master\libClearCore\Debug\libClearCore.a(SerialBase.o)
                0x0000dbb8                ClearCore::SerialBase::AvailableForRead()
 .text._ZN9ClearCore10SerialBase17AvailableForWriteEv
                0x0000dbc8       0x14 C:\Users\enslo_l5het9y\Documents\Senior Project\ClearCore-library-master\libClearCore\Debug\libClearCore.a(SerialBase.o)
                0x0000dbc8                ClearCore::SerialBase::AvailableForWrite()
 .text._ZN9ClearCore10SerialBase8SendCharEh
                0x0000dbdc       0x40 C:\Users\enslo_l5het9y\Documents\Senior Project\ClearCore-library-master\libClearCore\Debug\libClearCore.a(SerialBase.o)
                0x0000dbdc                ClearCore::SerialBase::SendChar(unsigned char)
 .text._ZN9ClearCore10SerialBase19WaitForTransmitIdleEv
                0x0000dc1c       0x58 C:\Users\enslo_l5het9y\Documents\Senior Project\ClearCore-library-master\libClearCore\Debug\libClearCore.a(SerialBase.o)
                0x0000dc1c                ClearCore::SerialBase::WaitForTransmitIdle()
 .text._ZN9ClearCore10SerialBase5SpeedEm
                0x0000dc74      0x154 C:\Users\enslo_l5het9y\Documents\Senior Project\ClearCore-library-master\libClearCore\Debug\libClearCore.a(SerialBase.o)
                0x0000dc74                ClearCore::SerialBase::Speed(unsigned long)
 .text._ZN9ClearCore10SerialBase9PortCloseEv
                0x0000ddc8      0x118 C:\Users\enslo_l5het9y\Documents\Senior Project\ClearCore-library-master\libClearCore\Debug\libClearCore.a(SerialBase.o)
                0x0000ddc8                ClearCore::SerialBase::PortClose()
 .text._ZN9ClearCore10SerialBase6ParityENS_7ISerial9_ParitiesE
                0x0000dee0       0xf0 C:\Users\enslo_l5het9y\Documents\Senior Project\ClearCore-library-master\libClearCore\Debug\libClearCore.a(SerialBase.o)
                0x0000dee0                ClearCore::SerialBase::Parity(ClearCore::ISerial::_Parities)
 .text._ZN9ClearCore10SerialBase8CharSizeEh
                0x0000dfd0       0xe4 C:\Users\enslo_l5het9y\Documents\Senior Project\ClearCore-library-master\libClearCore\Debug\libClearCore.a(SerialBase.o)
                0x0000dfd0                ClearCore::SerialBase::CharSize(unsigned char)
 .text._ZN9ClearCore10SerialBase8StopBitsEh
                0x0000e0b4       0xdc C:\Users\enslo_l5het9y\Documents\Senior Project\ClearCore-library-master\libClearCore\Debug\libClearCore.a(SerialBase.o)
                0x0000e0b4                ClearCore::SerialBase::StopBits(unsigned char)
 .text._ZN9ClearCore10SerialBase8PortModeENS0_9PortModesE.part.9
                0x0000e190      0x8dc C:\Users\enslo_l5het9y\Documents\Senior Project\ClearCore-library-master\libClearCore\Debug\libClearCore.a(SerialBase.o)
 .text._ZN9ClearCore10SerialBase8PortOpenEv
                0x0000ea6c       0x18 C:\Users\enslo_l5het9y\Documents\Senior Project\ClearCore-library-master\libClearCore\Debug\libClearCore.a(SerialBase.o)
                0x0000ea6c                ClearCore::SerialBase::PortOpen()
 .text._ZN9ClearCore10SerialBaseC2EPK15PeripheralRouteS3_S3_S3_h
                0x0000ea84       0x98 C:\Users\enslo_l5het9y\Documents\Senior Project\ClearCore-library-master\libClearCore\Debug\libClearCore.a(SerialBase.o)
                0x0000ea84                ClearCore::SerialBase::SerialBase(PeripheralRoute const*, PeripheralRoute const*, PeripheralRoute const*, PeripheralRoute const*, unsigned char)
                0x0000ea84                ClearCore::SerialBase::SerialBase(PeripheralRoute const*, PeripheralRoute const*, PeripheralRoute const*, PeripheralRoute const*, unsigned char)
 .text._ZN9ClearCore10SerialBase15WaitOneCharTimeEv
                0x0000eb1c       0x24 C:\Users\enslo_l5het9y\Documents\Senior Project\ClearCore-library-master\libClearCore\Debug\libClearCore.a(SerialBase.o)
                0x0000eb1c                ClearCore::SerialBase::WaitOneCharTime()
 .text._ZN9ClearCore10SerialBase8PortModeENS0_9PortModesE
                0x0000eb40       0x18 C:\Users\enslo_l5het9y\Documents\Senior Project\ClearCore-library-master\libClearCore\Debug\libClearCore.a(SerialBase.o)
                0x0000eb40                ClearCore::SerialBase::PortMode(ClearCore::SerialBase::PortModes)
 .text._ZN9ClearCore10SerialBase9SpiSsModeENS0_13CtrlLineModesE
                0x0000eb58       0x74 C:\Users\enslo_l5het9y\Documents\Senior Project\ClearCore-library-master\libClearCore\Debug\libClearCore.a(SerialBase.o)
                0x0000eb58                ClearCore::SerialBase::SpiSsMode(ClearCore::SerialBase::CtrlLineModes)
 .text._ZN9ClearCore10SerialBase8SpiClockENS0_18SpiClockPolaritiesENS0_14SpiClockPhasesE
                0x0000ebcc       0xe0 C:\Users\enslo_l5het9y\Documents\Senior Project\ClearCore-library-master\libClearCore\Debug\libClearCore.a(SerialBase.o)
                0x0000ebcc                ClearCore::SerialBase::SpiClock(ClearCore::SerialBase::SpiClockPolarities, ClearCore::SerialBase::SpiClockPhases)
 .text._ZN9ClearCore10SerialBase15SpiTransferDataEPKhPhl
                0x0000ecac       0x60 C:\Users\enslo_l5het9y\Documents\Senior Project\ClearCore-library-master\libClearCore\Debug\libClearCore.a(SerialBase.o)
                0x0000ecac                ClearCore::SerialBase::SpiTransferData(unsigned char const*, unsigned char*, long)
 .text._ZN9ClearCore10SerialBase20SpiTransferDataAsyncEPKhPhl
                0x0000ed0c       0xa4 C:\Users\enslo_l5het9y\Documents\Senior Project\ClearCore-library-master\libClearCore\Debug\libClearCore.a(SerialBase.o)
                0x0000ed0c                ClearCore::SerialBase::SpiTransferDataAsync(unsigned char const*, unsigned char*, long)
 .text._ZN9ClearCore10SerialBase20SpiAsyncWaitCompleteEv
                0x0000edb0       0x3c C:\Users\enslo_l5het9y\Documents\Senior Project\ClearCore-library-master\libClearCore\Debug\libClearCore.a(SerialBase.o)
                0x0000edb0                ClearCore::SerialBase::SpiAsyncWaitComplete()
 .text._ZN9ClearCore10SerialBase12IrqHandlerTxEv
                0x0000edec       0x50 C:\Users\enslo_l5het9y\Documents\Senior Project\ClearCore-library-master\libClearCore\Debug\libClearCore.a(SerialBase.o)
                0x0000edec                ClearCore::SerialBase::IrqHandlerTx()
 .text._ZN9ClearCore10SerialBase12IrqHandlerRxEv
                0x0000ee3c       0x78 C:\Users\enslo_l5het9y\Documents\Senior Project\ClearCore-library-master\libClearCore\Debug\libClearCore.a(SerialBase.o)
                0x0000ee3c                ClearCore::SerialBase::IrqHandlerRx()
 .text._ZN9ClearCore10SerialBase19IrqHandlerExceptionEv
                0x0000eeb4       0x6c C:\Users\enslo_l5het9y\Documents\Senior Project\ClearCore-library-master\libClearCore\Debug\libClearCore.a(SerialBase.o)
                0x0000eeb4                ClearCore::SerialBase::IrqHandlerException()
 .text._ZN9ClearCore12SerialDriver4ModeEv
                0x0000ef20       0x10 C:\Users\enslo_l5het9y\Documents\Senior Project\ClearCore-library-master\libClearCore\Debug\libClearCore.a(SerialDriver.o)
                0x0000ef20                ClearCore::SerialDriver::Mode()
                0x0000ef28                non-virtual thunk to ClearCore::SerialDriver::Mode()
 .text._ZN9ClearCore12SerialDriver4TypeEv
                0x0000ef30        0xc C:\Users\enslo_l5het9y\Documents\Senior Project\ClearCore-library-master\libClearCore\Debug\libClearCore.a(SerialDriver.o)
                0x0000ef30                ClearCore::SerialDriver::Type()
                0x0000ef34                non-virtual thunk to ClearCore::SerialDriver::Type()
 .text._ZN9ClearCore12SerialDriver10IsWritableEv
                0x0000ef3c       0x10 C:\Users\enslo_l5het9y\Documents\Senior Project\ClearCore-library-master\libClearCore\Debug\libClearCore.a(SerialDriver.o)
                0x0000ef3c                ClearCore::SerialDriver::IsWritable()
                0x0000ef44                non-virtual thunk to ClearCore::SerialDriver::IsWritable()
 .text._ZN9ClearCore12SerialDriver5StateEv
                0x0000ef4c       0x14 C:\Users\enslo_l5het9y\Documents\Senior Project\ClearCore-library-master\libClearCore\Debug\libClearCore.a(SerialDriver.o)
                0x0000ef4c                ClearCore::SerialDriver::State()
                0x0000ef58                non-virtual thunk to ClearCore::SerialDriver::State()
 .text._ZN9ClearCore12SerialDriver11IsInHwFaultEv
                0x0000ef60        0xc C:\Users\enslo_l5het9y\Documents\Senior Project\ClearCore-library-master\libClearCore\Debug\libClearCore.a(SerialDriver.o)
                0x0000ef60                ClearCore::SerialDriver::IsInHwFault()
                0x0000ef64                non-virtual thunk to ClearCore::SerialDriver::IsInHwFault()
 .text._ZN9ClearCore12SerialDriver7RefreshEv
                0x0000ef6c        0xc C:\Users\enslo_l5het9y\Documents\Senior Project\ClearCore-library-master\libClearCore\Debug\libClearCore.a(SerialDriver.o)
                0x0000ef6c                ClearCore::SerialDriver::Refresh()
                0x0000ef70                non-virtual thunk to ClearCore::SerialDriver::Refresh()
 .text._ZN9ClearCore12SerialDriverC2EtNS_13ShiftRegister5MasksES2_S2_PK15PeripheralRouteS5_S5_S5_h
                0x0000ef78       0x54 C:\Users\enslo_l5het9y\Documents\Senior Project\ClearCore-library-master\libClearCore\Debug\libClearCore.a(SerialDriver.o)
                0x0000ef78                ClearCore::SerialDriver::SerialDriver(unsigned short, ClearCore::ShiftRegister::Masks, ClearCore::ShiftRegister::Masks, ClearCore::ShiftRegister::Masks, PeripheralRoute const*, PeripheralRoute const*, PeripheralRoute const*, PeripheralRoute const*, unsigned char)
                0x0000ef78                ClearCore::SerialDriver::SerialDriver(unsigned short, ClearCore::ShiftRegister::Masks, ClearCore::ShiftRegister::Masks, ClearCore::ShiftRegister::Masks, PeripheralRoute const*, PeripheralRoute const*, PeripheralRoute const*, PeripheralRoute const*, unsigned char)
 .text._ZN9ClearCore12SerialDriver5SpeedEm
                0x0000efcc       0x1c C:\Users\enslo_l5het9y\Documents\Senior Project\ClearCore-library-master\libClearCore\Debug\libClearCore.a(SerialDriver.o)
                0x0000efcc                ClearCore::SerialDriver::Speed(unsigned long)
 .text._ZN9ClearCore12SerialDriver4ModeENS_9Connector14ConnectorModesE
                0x0000efe8      0x14c C:\Users\enslo_l5het9y\Documents\Senior Project\ClearCore-library-master\libClearCore\Debug\libClearCore.a(SerialDriver.o)
                0x0000efe8                ClearCore::SerialDriver::Mode(ClearCore::Connector::ConnectorModes)
 .text._ZThn324_N9ClearCore12SerialDriver4ModeENS_9Connector14ConnectorModesE
                0x0000f134        0x8 C:\Users\enslo_l5het9y\Documents\Senior Project\ClearCore-library-master\libClearCore\Debug\libClearCore.a(SerialDriver.o)
                0x0000f134                non-virtual thunk to ClearCore::SerialDriver::Mode(ClearCore::Connector::ConnectorModes)
 .text._ZN9ClearCore12SerialDriver8PortOpenEv
                0x0000f13c       0x54 C:\Users\enslo_l5het9y\Documents\Senior Project\ClearCore-library-master\libClearCore\Debug\libClearCore.a(SerialDriver.o)
                0x0000f13c                ClearCore::SerialDriver::PortOpen()
 .text._ZN9ClearCore12SerialDriver9PortCloseEv
                0x0000f190       0x4c C:\Users\enslo_l5het9y\Documents\Senior Project\ClearCore-library-master\libClearCore\Debug\libClearCore.a(SerialDriver.o)
                0x0000f190                ClearCore::SerialDriver::PortClose()
 .text._ZN9ClearCore12SerialDriver10InitializeE13ClearCorePins
                0x0000f1dc       0xf0 C:\Users\enslo_l5het9y\Documents\Senior Project\ClearCore-library-master\libClearCore\Debug\libClearCore.a(SerialDriver.o)
                0x0000f1dc                ClearCore::SerialDriver::Initialize(ClearCorePins)
 .text._ZThn324_N9ClearCore12SerialDriver10InitializeE13ClearCorePins
                0x0000f2cc        0x8 C:\Users\enslo_l5het9y\Documents\Senior Project\ClearCore-library-master\libClearCore\Debug\libClearCore.a(SerialDriver.o)
                0x0000f2cc                non-virtual thunk to ClearCore::SerialDriver::Initialize(ClearCorePins)
 .text._ZN9ClearCore12SerialDriver5StateEs
                0x0000f2d4       0xbc C:\Users\enslo_l5het9y\Documents\Senior Project\ClearCore-library-master\libClearCore\Debug\libClearCore.a(SerialDriver.o)
                0x0000f2d4                ClearCore::SerialDriver::State(short)
                0x0000f388                non-virtual thunk to ClearCore::SerialDriver::State(short)
 .text._ZN9ClearCore9SerialUsb6ParityENS_7ISerial9_ParitiesE
                0x0000f390        0xc C:\Users\enslo_l5het9y\Documents\Senior Project\ClearCore-library-master\libClearCore\Debug\libClearCore.a(SerialUsb.o)
                0x0000f390                ClearCore::SerialUsb::Parity(ClearCore::ISerial::_Parities)
 .text._ZN9ClearCore9SerialUsb6ParityEv
                0x0000f39c        0x4 C:\Users\enslo_l5het9y\Documents\Senior Project\ClearCore-library-master\libClearCore\Debug\libClearCore.a(SerialUsb.o)
                0x0000f39c                ClearCore::SerialUsb::Parity()
 .text._ZN9ClearCore9SerialUsb8StopBitsEh
                0x0000f3a0        0xc C:\Users\enslo_l5het9y\Documents\Senior Project\ClearCore-library-master\libClearCore\Debug\libClearCore.a(SerialUsb.o)
                0x0000f3a0                ClearCore::SerialUsb::StopBits(unsigned char)
 .text._ZN9ClearCore9SerialUsb8CharSizeEh
                0x0000f3ac        0xc C:\Users\enslo_l5het9y\Documents\Senior Project\ClearCore-library-master\libClearCore\Debug\libClearCore.a(SerialUsb.o)
                0x0000f3ac                ClearCore::SerialUsb::CharSize(unsigned char)
 .text._ZN9ClearCore9SerialUsb4ModeEv
                0x0000f3b8        0xc C:\Users\enslo_l5het9y\Documents\Senior Project\ClearCore-library-master\libClearCore\Debug\libClearCore.a(SerialUsb.o)
                0x0000f3b8                ClearCore::SerialUsb::Mode()
                0x0000f3bc                non-virtual thunk to ClearCore::SerialUsb::Mode()
 .text._ZN9ClearCore9SerialUsb4ModeENS_9Connector14ConnectorModesE
                0x0000f3c4       0x14 C:\Users\enslo_l5het9y\Documents\Senior Project\ClearCore-library-master\libClearCore\Debug\libClearCore.a(SerialUsb.o)
                0x0000f3c4                ClearCore::SerialUsb::Mode(ClearCore::Connector::ConnectorModes)
                0x0000f3d0                non-virtual thunk to ClearCore::SerialUsb::Mode(ClearCore::Connector::ConnectorModes)
 .text._ZN9ClearCore9SerialUsb4TypeEv
                0x0000f3d8        0xc C:\Users\enslo_l5het9y\Documents\Senior Project\ClearCore-library-master\libClearCore\Debug\libClearCore.a(SerialUsb.o)
                0x0000f3d8                ClearCore::SerialUsb::Type()
                0x0000f3dc                non-virtual thunk to ClearCore::SerialUsb::Type()
 .text._ZN9ClearCore9SerialUsb11IsInHwFaultEv
                0x0000f3e4        0xc C:\Users\enslo_l5het9y\Documents\Senior Project\ClearCore-library-master\libClearCore\Debug\libClearCore.a(SerialUsb.o)
                0x0000f3e4                ClearCore::SerialUsb::IsInHwFault()
                0x0000f3e8                non-virtual thunk to ClearCore::SerialUsb::IsInHwFault()
 .text._ZN9ClearCore9SerialUsb10InitializeE13ClearCorePins
                0x0000f3f0       0x10 C:\Users\enslo_l5het9y\Documents\Senior Project\ClearCore-library-master\libClearCore\Debug\libClearCore.a(SerialUsb.o)
                0x0000f3f0                ClearCore::SerialUsb::Initialize(ClearCorePins)
                0x0000f3f8                non-virtual thunk to ClearCore::SerialUsb::Initialize(ClearCorePins)
 .text._ZN9ClearCore9SerialUsb7RefreshEv
                0x0000f400        0xc C:\Users\enslo_l5het9y\Documents\Senior Project\ClearCore-library-master\libClearCore\Debug\libClearCore.a(SerialUsb.o)
                0x0000f400                ClearCore::SerialUsb::Refresh()
                0x0000f404                non-virtual thunk to ClearCore::SerialUsb::Refresh()
 .text._ZN9ClearCore9SerialUsb10FlushInputEv
                0x0000f40c        0xc C:\Users\enslo_l5het9y\Documents\Senior Project\ClearCore-library-master\libClearCore\Debug\libClearCore.a(SerialUsb.o)
                0x0000f40c                ClearCore::SerialUsb::FlushInput()
 .text._ZN9ClearCore9SerialUsb19WaitForTransmitIdleEv
                0x0000f418        0xc C:\Users\enslo_l5het9y\Documents\Senior Project\ClearCore-library-master\libClearCore\Debug\libClearCore.a(SerialUsb.o)
                0x0000f418                ClearCore::SerialUsb::WaitForTransmitIdle()
                0x0000f418                ClearCore::SerialUsb::Flush()
 .text._ZN9ClearCore9SerialUsbcvbEv
                0x0000f424        0xc C:\Users\enslo_l5het9y\Documents\Senior Project\ClearCore-library-master\libClearCore\Debug\libClearCore.a(SerialUsb.o)
                0x0000f424                ClearCore::SerialUsb::PortIsOpen()
                0x0000f424                ClearCore::SerialUsb::operator bool()
 .text._ZN9ClearCore9SerialUsb8PortOpenEv
                0x0000f430        0xc C:\Users\enslo_l5het9y\Documents\Senior Project\ClearCore-library-master\libClearCore\Debug\libClearCore.a(SerialUsb.o)
                0x0000f430                ClearCore::SerialUsb::PortOpen()
 .text._ZN9ClearCore9SerialUsb9PortCloseEv
                0x0000f43c        0xc C:\Users\enslo_l5het9y\Documents\Senior Project\ClearCore-library-master\libClearCore\Debug\libClearCore.a(SerialUsb.o)
                0x0000f43c                ClearCore::SerialUsb::PortClose()
 .text._ZN9ClearCore9SerialUsb5SpeedEm
                0x0000f448        0xc C:\Users\enslo_l5het9y\Documents\Senior Project\ClearCore-library-master\libClearCore\Debug\libClearCore.a(SerialUsb.o)
                0x0000f448                ClearCore::SerialUsb::Speed(unsigned long)
 .text._ZN9ClearCore9SerialUsb5SpeedEv
                0x0000f454        0xc C:\Users\enslo_l5het9y\Documents\Senior Project\ClearCore-library-master\libClearCore\Debug\libClearCore.a(SerialUsb.o)
                0x0000f454                ClearCore::SerialUsb::Speed()
 .text._ZN9ClearCore9SerialUsb7CharGetEv
                0x0000f460        0xc C:\Users\enslo_l5het9y\Documents\Senior Project\ClearCore-library-master\libClearCore\Debug\libClearCore.a(SerialUsb.o)
                0x0000f460                ClearCore::SerialUsb::CharGet()
 .text._ZN9ClearCore9SerialUsb8CharPeekEv
                0x0000f46c        0xc C:\Users\enslo_l5het9y\Documents\Senior Project\ClearCore-library-master\libClearCore\Debug\libClearCore.a(SerialUsb.o)
                0x0000f46c                ClearCore::SerialUsb::CharPeek()
 .text._ZN9ClearCore9SerialUsb8SendCharEh