Archive member included to satisfy reference by file (symbol)

C:\Users\enslo_l5het9y\Documents\Senior Project\ClearCore-library-master\libClearCore\Debug\libClearCore.a(AdcManager.o)
                              SeniorProject.o (ClearCore::AdcManager::AdcResolution(unsigned char))
C:\Users\enslo_l5het9y\Documents\Senior Project\ClearCore-library-master\libClearCore\Debug\libClearCore.a(DigitalInAnalogIn.o)
                              SeniorProject.o (ClearCore::DigitalInAnalogIn::State())
C:\Users\enslo_l5het9y\Documents\Senior Project\ClearCore-library-master\libClearCore\Debug\libClearCore.a(DigitalIn.o)
                              C:\Users\enslo_l5het9y\Documents\Senior Project\ClearCore-library-master\libClearCore\Debug\libClearCore.a(DigitalInAnalogIn.o) (ClearCore::DigitalIn::State())
C:\Users\enslo_l5het9y\Documents\Senior Project\ClearCore-library-master\libClearCore\Debug\libClearCore.a(DigitalInOutHBridge.o)
                              SeniorProject.o (ClearCore::DigitalInOutHBridge::State())
C:\Users\enslo_l5het9y\Documents\Senior Project\ClearCore-library-master\libClearCore\Debug\libClearCore.a(DmaManager.o)
                              C:\Users\enslo_l5het9y\Documents\Senior Project\ClearCore-library-master\libClearCore\Debug\libClearCore.a(AdcManager.o) (ClearCore::DmaManager::Channel(ClearCore::DmaChannels))
C:\Users\enslo_l5het9y\Documents\Senior Project\ClearCore-library-master\libClearCore\Debug\libClearCore.a(InputManager.o)
                              C:\Users\enslo_l5het9y\Documents\Senior Project\ClearCore-library-master\libClearCore\Debug\libClearCore.a(DigitalIn.o) (ClearCore::InputManager::InterruptHandlerSet(signed char, void (*)(), ClearCore::InputManager::InterruptTrigger, bool, bool))
C:\Users\enslo_l5het9y\Documents\Senior Project\ClearCore-library-master\libClearCore\Debug\libClearCore.a(MotorDriver.o)
                              SeniorProject.o (ClearCore::MotorDriver::EnableRequest(bool))
C:\Users\enslo_l5het9y\Documents\Senior Project\ClearCore-library-master\libClearCore\Debug\libClearCore.a(LedDriver.o)
                              SeniorProject.o (ClearCore::LedDriver::State(short))
C:\Users\enslo_l5het9y\Documents\Senior Project\ClearCore-library-master\libClearCore\Debug\libClearCore.a(StatusManager.o)
                              C:\Users\enslo_l5het9y\Documents\Senior Project\ClearCore-library-master\libClearCore\Debug\libClearCore.a(AdcManager.o) (ClearCore::StatusManager::StatusRT(ClearCore::StatusManager::StatusRegister))
C:\Users\enslo_l5het9y\Documents\Senior Project\ClearCore-library-master\libClearCore\Debug\libClearCore.a(SysManager.o)
                              C:\Users\enslo_l5het9y\Documents\Senior Project\ClearCore-library-master\libClearCore\Debug\libClearCore.a(MotorDriver.o) (ClearCore::SysManager::ConnectorByIndex(ClearCorePins))
C:\Users\enslo_l5het9y\Documents\Senior Project\ClearCore-library-master\libClearCore\Debug\libClearCore.a(NvmManager.o)
                              C:\Users\enslo_l5het9y\Documents\Senior Project\ClearCore-library-master\libClearCore\Debug\libClearCore.a(StatusManager.o) (ClearCore::NvmMgr)
C:\Users\enslo_l5het9y\Documents\Senior Project\ClearCore-library-master\libClearCore\Debug\libClearCore.a(SysTiming.o)
                              C:\Users\enslo_l5het9y\Documents\Senior Project\ClearCore-library-master\libClearCore\Debug\libClearCore.a(SysManager.o) (ClearCore::SysTiming::IsrStart())
C:\Users\enslo_l5het9y\Documents\Senior Project\ClearCore-library-master\libClearCore\Debug\libClearCore.a(EthernetManager.o)
                              C:\Users\enslo_l5het9y\Documents\Senior Project\ClearCore-library-master\libClearCore\Debug\libClearCore.a(SysManager.o) (ClearCore::EthernetManager::Initialize())
C:\Users\enslo_l5het9y\Documents\Senior Project\ClearCore-library-master\libClearCore\Debug\libClearCore.a(ShiftRegister.o)
                              C:\Users\enslo_l5het9y\Documents\Senior Project\ClearCore-library-master\libClearCore\Debug\libClearCore.a(SysManager.o) (ClearCore::ShiftRegister::ShiftRegister())
C:\Users\enslo_l5het9y\Documents\Senior Project\ClearCore-library-master\libClearCore\Debug\libClearCore.a(MotorManager.o)
                              SeniorProject.o (ClearCore::MotorManager::MotorInputClocking(ClearCore::MotorManager::MotorClockRates))
C:\Users\enslo_l5het9y\Documents\Senior Project\ClearCore-library-master\libClearCore\Debug\libClearCore.a(StepGenerator.o)
                              C:\Users\enslo_l5het9y\Documents\Senior Project\ClearCore-library-master\libClearCore\Debug\libClearCore.a(MotorDriver.o) (ClearCore::StepGenerator::Move(long, ClearCore::StepGenerator::MoveTarget))
C:\Users\enslo_l5het9y\Documents\Senior Project\ClearCore-library-master\libClearCore\Debug\libClearCore.a(system_same53.o)
[...]
Memory Configuration

Name             Origin             Length             Attributes
FLASH            0x00004000         0x0007c000         xr
RAM              0x20000000         0x00030000         xrw
*default*        0x00000000         0xffffffff

Linker script and memory map

LOAD c:/program files (x86)/atmel/studio/7.0/toolchain/arm/arm-gnu-toolchain/bin/../lib/gcc/arm-none-eabi/6.3.1/thumb/v7e-m/fpv4-sp/hard/crti.o
LOAD c:/program files (x86)/atmel/studio/7.0/toolchain/arm/arm-gnu-toolchain/bin/../lib/gcc/arm-none-eabi/6.3.1/thumb/v7e-m/fpv4-sp/hard/crtbegin.o
LOAD c:/program files (x86)/atmel/studio/7.0/toolchain/arm/arm-gnu-toolchain/bin/../lib/gcc/arm-none-eabi/6.3.1/../../../../arm-none-eabi/lib/thumb/v7e-m/fpv4-sp/hard/rdimon-crt0.o
LOAD Device_Startup/startup_same53.o
LOAD SeniorProject.o
START GROUP
LOAD C:\Program Files (x86)\Atmel\Studio\7.0\Packs\arm\CMSIS\4.5.0\CMSIS\Lib\GCC\libarm_cortexM4lf_math.a
LOAD C:\Users\enslo_l5het9y\Documents\Senior Project\ClearCore-library-master\libClearCore\Debug\libClearCore.a
LOAD C:\Users\enslo_l5het9y\Documents\Senior Project\ClearCore-library-master\LwIP\Debug\libLwIP.a
END GROUP
LOAD c:/program files (x86)/atmel/studio/7.0/toolchain/arm/arm-gnu-toolchain/bin/../lib/gcc/arm-none-eabi/6.3.1/../../../../arm-none-eabi/lib/thumb/v7e-m/fpv4-sp/hard\libstdc++.a
LOAD c:/program files (x86)/atmel/studio/7.0/toolchain/arm/arm-gnu-toolchain/bin/../lib/gcc/arm-none-eabi/6.3.1/../../../../arm-none-eabi/lib/thumb/v7e-m/fpv4-sp/hard\libm.a
START GROUP
LOAD c:/program files (x86)/atmel/studio/7.0/toolchain/arm/arm-gnu-toolchain/bin/../lib/gcc/arm-none-eabi/6.3.1/thumb/v7e-m/fpv4-sp/hard\libgcc.a
LOAD c:/program files (x86)/atmel/studio/7.0/toolchain/arm/arm-gnu-toolchain/bin/../lib/gcc/arm-none-eabi/6.3.1/../../../../arm-none-eabi/lib/thumb/v7e-m/fpv4-sp/hard\libc.a
END GROUP
START GROUP
LOAD c:/program files (x86)/atmel/studio/7.0/toolchain/arm/arm-gnu-toolchain/bin/../lib/gcc/arm-none-eabi/6.3.1/thumb/v7e-m/fpv4-sp/hard\libgcc.a
LOAD c:/program files (x86)/atmel/studio/7.0/toolchain/arm/arm-gnu-toolchain/bin/../lib/gcc/arm-none-eabi/6.3.1/../../../../arm-none-eabi/lib/thumb/v7e-m/fpv4-sp/hard\libc.a
LOAD c:/program files (x86)/atmel/studio/7.0/toolchain/arm/arm-gnu-toolchain/bin/../lib/gcc/arm-none-eabi/6.3.1/../../../../arm-none-eabi/lib/thumb/v7e-m/fpv4-sp/hard\librdimon.a
END GROUP
LOAD c:/program files (x86)/atmel/studio/7.0/toolchain/arm/arm-gnu-toolchain/bin/../lib/gcc/arm-none-eabi/6.3.1/thumb/v7e-m/fpv4-sp/hard/crtend.o
LOAD c:/program files (x86)/atmel/studio/7.0/toolchain/arm/arm-gnu-toolchain/bin/../lib/gcc/arm-none-eabi/6.3.1/thumb/v7e-m/fpv4-sp/hard/crtn.o

.text           0x00004000    0x20d70
                0x00004000                __text_start__ = .
 *(.sketch_boot)
                0x00004000                . = ALIGN (0x4000)
 *(.vectors)
 .vectors       0x00004000      0x264 Device_Startup/startup_same53.o
                0x00004000                exception_table
 *(.text*)
 .text          0x00004264       0x6c c:/program files (x86)/atmel/studio/7.0/toolchain/arm/arm-gnu-toolchain/bin/../lib/gcc/arm-none-eabi/6.3.1/thumb/v7e-m/fpv4-sp/hard/crtbegin.o
 .text.Dummy_Handler
                0x000042d0        0x6 Device_Startup/startup_same53.o
                0x000042d0                SVCall_Handler
                0x000042d0                EVSYS_0_Handler
                0x000042d0                TCC1_3_Handler
                0x000042d0                DAC_3_Handler
                0x000042d0                TRNG_Handler
                0x000042d0                HardFault_Handler
                0x000042d0                TC2_Handler
                0x000042d0                PDEC_2_Handler
                0x000042d0                AC_Handler
                0x000042d0                SERCOM3_1_Handler
                0x000042d0                TCC2_3_Handler
                0x000042d0                SERCOM3_2_Handler
                0x000042d0                PendSV_Handler
                0x000042d0                TC7_Handler
                0x000042d0                ADC1_1_Handler
                0x000042d0                EVSYS_3_Handler
                0x000042d0                PDEC_0_Handler
                0x000042d0                QSPI_Handler
                0x000042d0                NonMaskableInt_Handler
                0x000042d0                MemManagement_Handler
                0x000042d0                DAC_2_Handler
                0x000042d0                RTC_Handler
                0x000042d0                UsageFault_Handler
                0x000042d0                SERCOM4_0_Handler
                0x000042d0                OSC32KCTRL_Handler
                0x000042d0                TCC2_1_Handler
                0x000042d0                SUPC_1_Handler
                0x000042d0                TCC0_5_Handler
                0x000042d0                TCC0_6_Handler
                0x000042d0                SERCOM6_2_Handler
                0x000042d0                EVSYS_1_Handler
                0x000042d0                TCC1_4_Handler
                0x000042d0                TC6_Handler
                0x000042d0                DMAC_0_Handler
                0x000042d0                WDT_Handler
                0x000042d0                SERCOM6_0_Handler
                0x000042d0                SERCOM5_0_Handler
                0x000042d0                TC4_Handler
                0x000042d0                TC1_Handler
                0x000042d0                OSCCTRL_4_Handler
                0x000042d0                SERCOM4_3_Handler
                0x000042d0                DMAC_4_Handler
                0x000042d0                TCC4_2_Handler
                0x000042d0                PAC_Handler
                0x000042d0                TCC1_0_Handler
                0x000042d0                OSCCTRL_0_Handler
                0x000042d0                OSCCTRL_3_Handler
                0x000042d0                SERCOM4_1_Handler
                0x000042d0                TC3_Handler
                0x000042d0                Dummy_Handler
                0x000042d0                TCC2_2_Handler
                0x000042d0                SERCOM5_1_Handler
                0x000042d0                TCC1_1_Handler
                0x000042d0                DMAC_2_Handler
                0x000042d0                ADC0_0_Handler
                0x000042d0                SERCOM0_1_Handler
                0x000042d0                OSCCTRL_2_Handler
                0x000042d0                ADC1_0_Handler
                0x000042d0                TCC1_2_Handler
                0x000042d0                SERCOM7_1_Handler
                0x000042d0                PM_Handler
                0x000042d0                SERCOM6_3_Handler
                0x000042d0                DAC_4_Handler
                0x000042d0                TCC3_2_Handler
                0x000042d0                TCC0_2_Handler
                0x000042d0                DMAC_1_Handler
                0x000042d0                SDHC1_Handler
                0x000042d0                TCC2_0_Handler
                0x000042d0                PDEC_1_Handler
                0x000042d0                TCC4_1_Handler
                0x000042d0                SERCOM5_3_Handler
                0x000042d0                SERCOM6_1_Handler
                0x000042d0                SDHC0_Handler
                0x000042d0                SERCOM1_1_Handler
                0x000042d0                I2S_Handler
                0x000042d0                PCC_Handler
                0x000042d0                DAC_0_Handler
                0x000042d0                TCC0_1_Handler
                0x000042d0                SERCOM1_3_Handler
                0x000042d0                OSCCTRL_1_Handler
                0x000042d0                SERCOM1_0_Handler
                0x000042d0                PUKCC_Handler
                0x000042d0                SERCOM2_1_Handler
                0x000042d0                SERCOM1_2_Handler
                0x000042d0                SERCOM3_0_Handler
                0x000042d0                SERCOM4_2_Handler
                0x000042d0                EVSYS_4_Handler
                0x000042d0                NVMCTRL_1_Handler
                0x000042d0                SERCOM5_2_Handler
                0x000042d0                ADC0_1_Handler
                0x000042d0                SERCOM3_3_Handler
                0x000042d0                TCC3_1_Handler
                0x000042d0                DAC_1_Handler
                0x000042d0                NVMCTRL_0_Handler
                0x000042d0                MCLK_Handler
                0x000042d0                EVSYS_2_Handler
                0x000042d0                SUPC_0_Handler
                0x000042d0                BusFault_Handler
                0x000042d0                FREQM_Handler
                0x000042d0                TC0_Handler
                0x000042d0                TCC0_3_Handler
                0x000042d0                DMAC_3_Handler
                0x000042d0                DebugMonitor_Handler
                0x000042d0                TCC0_4_Handler
                0x000042d0                RAMECC_Handler
                0x000042d0                TC5_Handler
                0x000042d0                ICM_Handler
                0x000042d0                AES_Handler
 .text.Delay_ms
                0x000042d6       0x90 SeniorProject.o
                0x000042d6                Delay_ms
 .text._ZN9ClearCore13StepGenerator13StepsCompleteEv
                0x00004366       0x26 SeniorProject.o
                0x00004366                ClearCore::StepGenerator::StepsComplete()
 .text._ZN9ClearCore13StepGenerator12MoveStateGetEv
                0x0000438c       0x18 SeniorProject.o
                0x0000438c                ClearCore::StepGenerator::MoveStateGet()
 .text._ZN9ClearCore11MotorDriver9HlfbStateEv
                0x000043a4       0x18 SeniorProject.o
                0x000043a4                ClearCore::MotorDriver::HlfbState()
 .text._ZN9ClearCore11MotorDriver8HlfbModeENS0_9HlfbModesE
                0x000043bc       0x44 SeniorProject.o
                0x000043bc                ClearCore::MotorDriver::HlfbMode(ClearCore::MotorDriver::HlfbModes)
 .text._ZN9ClearCore11MotorDriver11HlfbCarrierENS0_20HlfbCarrierFrequencyE
                0x00004400       0x46 SeniorProject.o
                0x00004400                ClearCore::MotorDriver::HlfbCarrier(ClearCore::MotorDriver::HlfbCarrierFrequency)
 .text._ZN9ClearCore11MotorDriver9StatusRegEv
                0x00004446       0x1a SeniorProject.o
                0x00004446                ClearCore::MotorDriver::StatusReg()
 .text._ZN9ClearCore11MotorDriver8AlertRegEv
                0x00004460       0x1a SeniorProject.o
                0x00004460                ClearCore::MotorDriver::AlertReg()
 .text._ZN9ClearCore11MotorDriver11ClearAlertsEm
                0x0000447a       0x38 SeniorProject.o
                0x0000447a                ClearCore::MotorDriver::ClearAlerts(unsigned long)
 *fill*         0x000044b2        0x6 
 .text.main     0x000044b8      0x448 SeniorProject.o
                0x000044b8                main
 .text._Z13MoveDistanceXl
                0x00004900       0x80 SeniorProject.o
                0x00004900                MoveDistanceX(long)
 .text._Z13MoveDistanceYl
                0x00004980       0x80 SeniorProject.o
                0x00004980                MoveDistanceY(long)
 .text._Z13HandleAlertsXv
                0x00004a00       0x40 SeniorProject.o
                0x00004a00                HandleAlertsX()
 .text._Z13HandleAlertsYv
                0x00004a40       0x40 SeniorProject.o
                0x00004a40                HandleAlertsY()
 .text._ZN9ClearCore10AdcManager8InstanceEv
                0x00004a80       0x88 C:\Users\enslo_l5het9y\Documents\Senior Project\ClearCore-library-master\libClearCore\Debug\libClearCore.a(AdcManager.o)
                0x00004a80                ClearCore::AdcManager::Instance()
 .text._ZN9ClearCore10AdcManager10InitializeEv
                0x00004b08      0x374 C:\Users\enslo_l5het9y\Documents\Senior Project\ClearCore-library-master\libClearCore\Debug\libClearCore.a(AdcManager.o)
                0x00004b08                ClearCore::AdcManager::Initialize()
 .text._ZN9ClearCore10AdcManager6UpdateEv
                0x00004e7c      0x244 C:\Users\enslo_l5het9y\Documents\Senior Project\ClearCore-library-master\libClearCore\Debug\libClearCore.a(AdcManager.o)
                0x00004e7c                ClearCore::AdcManager::Update()
 .text._ZN9ClearCore10AdcManager13AdcResolutionEh
                0x000050c0       0x24 C:\Users\enslo_l5het9y\Documents\Senior Project\ClearCore-library-master\libClearCore\Debug\libClearCore.a(AdcManager.o)
                0x000050c0                ClearCore::AdcManager::AdcResolution(unsigned char)
 .text._ZN9ClearCore10AdcManager8FilterTcENS0_11AdcChannelsEtNS0_11FilterUnitsE
                0x000050e4       0x9c C:\Users\enslo_l5het9y\Documents\Senior Project\ClearCore-library-master\libClearCore\Debug\libClearCore.a(AdcManager.o)
                0x000050e4                ClearCore::AdcManager::FilterTc(ClearCore::AdcManager::AdcChannels, unsigned short, ClearCore::AdcManager::FilterUnits)
 .text.startup._GLOBAL__sub_I__ZN9ClearCore6AdcMgrE
                0x00005180       0x4c C:\Users\enslo_l5het9y\Documents\Senior Project\ClearCore-library-master\libClearCore\Debug\libClearCore.a(AdcManager.o)
 .text._ZN9ClearCore9DigitalIn11IsInHwFaultEv
                0x000051cc        0x4 C:\Users\enslo_l5het9y\Documents\Senior Project\ClearCore-library-master\libClearCore\Debug\libClearCore.a(DigitalInAnalogIn.o)
                0x000051cc                ClearCore::DigitalIn::IsInHwFault()
 .text._ZN9ClearCore9DigitalIn17ExternalInterruptEv
                0x000051d0        0x8 C:\Users\enslo_l5het9y\Documents\Senior Project\ClearCore-library-master\libClearCore\Debug\libClearCore.a(DigitalInAnalogIn.o)
                0x000051d0                ClearCore::DigitalIn::ExternalInterrupt()
 .text._ZN9ClearCore17DigitalInAnalogIn4ModeEv
                0x000051d8        0x4 C:\Users\enslo_l5het9y\Documents\Senior Project\ClearCore-library-master\libClearCore\Debug\libClearCore.a(DigitalInAnalogIn.o)
                0x000051d8                ClearCore::DigitalInAnalogIn::Mode()
 .text._ZN9ClearCore17DigitalInAnalogIn4TypeEv
                0x000051dc        0x4 C:\Users\enslo_l5het9y\Documents\Senior Project\ClearCore-library-master\libClearCore\Debug\libClearCore.a(DigitalInAnalogIn.o)
                0x000051dc                ClearCore::DigitalInAnalogIn::Type()
 .text._ZN9ClearCore17DigitalInAnalogIn10IsWritableEv
                0x000051e0        0x4 C:\Users\enslo_l5het9y\Documents\Senior Project\ClearCore-library-master\libClearCore\Debug\libClearCore.a(DigitalInAnalogIn.o)
                0x000051e0                ClearCore::DigitalInAnalogIn::IsWritable()
 .text._ZN9ClearCore17DigitalInAnalogIn5StateEs
                0x000051e4        0x4 C:\Users\enslo_l5het9y\Documents\Senior Project\ClearCore-library-master\libClearCore\Debug\libClearCore.a(DigitalInAnalogIn.o)
                0x000051e4                ClearCore::DigitalInAnalogIn::State(short)
 .text._ZN9ClearCore17DigitalInAnalogIn4ModeENS_9Connector14ConnectorModesE
                0x000051e8       0xfc C:\Users\enslo_l5het9y\Documents\Senior Project\ClearCore-library-master\libClearCore\Debug\libClearCore.a(DigitalInAnalogIn.o)
                0x000051e8                ClearCore::DigitalInAnalogIn::Mode(ClearCore::Connector::ConnectorModes)
 .text._ZN9ClearCore17DigitalInAnalogInC2ENS_13ShiftRegister5MasksES2_PK15PeripheralRouteNS_10AdcManager11AdcChannelsE
                0x000052e4       0x2c C:\Users\enslo_l5het9y\Documents\Senior Project\ClearCore-library-master\libClearCore\Debug\libClearCore.a(DigitalInAnalogIn.o)
                0x000052e4                ClearCore::DigitalInAnalogIn::DigitalInAnalogIn(ClearCore::ShiftRegister::Masks, ClearCore::ShiftRegister::Masks, PeripheralRoute const*, ClearCore::AdcManager::AdcChannels)
                0x000052e4                ClearCore::DigitalInAnalogIn::DigitalInAnalogIn(ClearCore::ShiftRegister::Masks, ClearCore::ShiftRegister::Masks, PeripheralRoute const*, ClearCore::AdcManager::AdcChannels)
 .text._ZN9ClearCore17DigitalInAnalogIn7RefreshEv
                0x00005310       0x78 C:\Users\enslo_l5het9y\Documents\Senior Project\ClearCore-library-master\libClearCore\Debug\libClearCore.a(DigitalInAnalogIn.o)
                0x00005310                ClearCore::DigitalInAnalogIn::Refresh()
 .text._ZN9ClearCore17DigitalInAnalogIn10InitializeE13ClearCorePins
                0x00005388       0xb4 C:\Users\enslo_l5het9y\Documents\Senior Project\ClearCore-library-master\libClearCore\Debug\libClearCore.a(DigitalInAnalogIn.o)
                0x00005388                ClearCore::DigitalInAnalogIn::Initialize(ClearCorePins)
 .text._ZN9ClearCore17DigitalInAnalogIn5StateEv
                0x0000543c       0x48 C:\Users\enslo_l5het9y\Documents\Senior Project\ClearCore-library-master\libClearCore\Debug\libClearCore.a(DigitalInAnalogIn.o)
                0x0000543c                ClearCore::DigitalInAnalogIn::State()
 .text._ZN9ClearCore9Connector4ModeEv
                0x00005484        0x4 C:\Users\enslo_l5het9y\Documents\Senior Project\ClearCore-library-master\libClearCore\Debug\libClearCore.a(DigitalIn.o)
                0x00005484                ClearCore::Connector::Mode()
 .text._ZN9ClearCore9Connector17ExternalInterruptEv
                0x00005488        0x8 C:\Users\enslo_l5het9y\Documents\Senior Project\ClearCore-library-master\libClearCore\Debug\libClearCore.a(DigitalIn.o)
                0x00005488                ClearCore::Connector::ExternalInterrupt()
 .text._ZN9ClearCore9DigitalIn4ModeEv
                0x00005490        0x4 C:\Users\enslo_l5het9y\Documents\Senior Project\ClearCore-library-master\libClearCore\Debug\libClearCore.a(DigitalIn.o)
                0x00005490                ClearCore::DigitalIn::Mode()
 .text._ZN9ClearCore9DigitalIn4ModeENS_9Connector14ConnectorModesE
                0x00005494        0xc C:\Users\enslo_l5het9y\Documents\Senior Project\ClearCore-library-master\libClearCore\Debug\libClearCore.a(DigitalIn.o)
                0x00005494                ClearCore::DigitalIn::Mode(ClearCore::Connector::ConnectorModes)
 .text._ZN9ClearCore9DigitalIn4TypeEv
                0x000054a0        0x4 C:\Users\enslo_l5het9y\Documents\Senior Project\ClearCore-library-master\libClearCore\Debug\libClearCore.a(DigitalIn.o)
                0x000054a0                ClearCore::DigitalIn::Type()
 .text._ZN9ClearCore9DigitalIn10IsWritableEv
                0x000054a4        0x4 C:\Users\enslo_l5het9y\Documents\Senior Project\ClearCore-library-master\libClearCore\Debug\libClearCore.a(DigitalIn.o)
                0x000054a4                ClearCore::DigitalIn::IsWritable()
 .text._ZN9ClearCore9DigitalIn5StateEs
                0x000054a8        0x4 C:\Users\enslo_l5het9y\Documents\Senior Project\ClearCore-library-master\libClearCore\Debug\libClearCore.a(DigitalIn.o)
                0x000054a8                ClearCore::DigitalIn::State(short)
 .text._ZN9ClearCore9DigitalIn5StateEv
                0x000054ac       0x28 C:\Users\enslo_l5het9y\Documents\Senior Project\ClearCore-library-master\libClearCore\Debug\libClearCore.a(DigitalIn.o)
                0x000054ac                ClearCore::DigitalIn::State()
 .text._ZN9ClearCore9DigitalIn10InitializeE13ClearCorePins
                0x000054d4       0xcc C:\Users\enslo_l5het9y\Documents\Senior Project\ClearCore-library-master\libClearCore\Debug\libClearCore.a(DigitalIn.o)
                0x000054d4                ClearCore::DigitalIn::Initialize(ClearCorePins)
 .text._ZN9ClearCore9DigitalIn7RefreshEv
                0x000055a0      0x14c C:\Users\enslo_l5het9y\Documents\Senior Project\ClearCore-library-master\libClearCore\Debug\libClearCore.a(DigitalIn.o)
                0x000055a0                ClearCore::DigitalIn::Refresh()
 .text._ZN9ClearCore9ConnectorC2Ev
                0x000056ec       0x14 C:\Users\enslo_l5het9y\Documents\Senior Project\ClearCore-library-master\libClearCore\Debug\libClearCore.a(DigitalIn.o)
                0x000056ec                ClearCore::Connector::Connector()
                0x000056ec                ClearCore::Connector::Connector()
 .text._ZN9ClearCore9DigitalInC2ENS_13ShiftRegister5MasksEPK15PeripheralRoute
                0x00005700       0x48 C:\Users\enslo_l5het9y\Documents\Senior Project\ClearCore-library-master\libClearCore\Debug\libClearCore.a(DigitalIn.o)
                0x00005700                ClearCore::DigitalIn::DigitalIn(ClearCore::ShiftRegister::Masks, PeripheralRoute const*)
                0x00005700                ClearCore::DigitalIn::DigitalIn(ClearCore::ShiftRegister::Masks, PeripheralRoute const*)
 .text._ZN9ClearCore9DigitalIn7StateRTEv
                0x00005748       0x1c C:\Users\enslo_l5het9y\Documents\Senior Project\ClearCore-library-master\libClearCore\Debug\libClearCore.a(DigitalIn.o)
                0x00005748                ClearCore::DigitalIn::StateRT()
 .text._ZN9ClearCore9DigitalIn17UpdateFilterStateEv
                0x00005764       0x9c C:\Users\enslo_l5het9y\Documents\Senior Project\ClearCore-library-master\libClearCore\Debug\libClearCore.a(DigitalIn.o)
                0x00005764                ClearCore::DigitalIn::UpdateFilterState()
 .text._ZN9ClearCore12DigitalInOut11IsInHwFaultEv
                0x00005800        0x8 C:\Users\enslo_l5het9y\Documents\Senior Project\ClearCore-library-master\libClearCore\Debug\libClearCore.a(DigitalInOutHBridge.o)
                0x00005800                ClearCore::DigitalInOut::IsInHwFault()
 .text._ZN9ClearCore19DigitalInOutHBridge4ModeEv
                0x00005808        0x4 C:\Users\enslo_l5het9y\Documents\Senior Project\ClearCore-library-master\libClearCore\Debug\libClearCore.a(DigitalInOutHBridge.o)
                0x00005808                ClearCore::DigitalInOutHBridge::Mode()
 .text._ZN9ClearCore19DigitalInOutHBridge4TypeEv
                0x0000580c        0x4 C:\Users\enslo_l5het9y\Documents\Senior Project\ClearCore-library-master\libClearCore\Debug\libClearCore.a(DigitalInOutHBridge.o)
                0x0000580c                ClearCore::DigitalInOutHBridge::Type()
 .text._ZN9ClearCore19DigitalInOutHBridge10IsWritableEv
                0x00005810       0x10 C:\Users\enslo_l5het9y\Documents\Senior Project\ClearCore-library-master\libClearCore\Debug\libClearCore.a(DigitalInOutHBridge.o)
                0x00005810                ClearCore::DigitalInOutHBridge::IsWritable()
 .text._ZN9ClearCore19DigitalInOutHBridgeC2ENS_13ShiftRegister5MasksEPK15PeripheralRouteS5_S5_S5_4IRQnb
                0x00005820       0x60 C:\Users\enslo_l5het9y\Documents\Senior Project\ClearCore-library-master\libClearCore\Debug\libClearCore.a(DigitalInOutHBridge.o)
                0x00005820                ClearCore::DigitalInOutHBridge::DigitalInOutHBridge(ClearCore::ShiftRegister::Masks, PeripheralRoute const*, PeripheralRoute const*, PeripheralRoute const*, PeripheralRoute const*, IRQn, bool)
                0x00005820                ClearCore::DigitalInOutHBridge::DigitalInOutHBridge(ClearCore::ShiftRegister::Masks, PeripheralRoute const*, PeripheralRoute const*, PeripheralRoute const*, PeripheralRoute const*, IRQn, bool)
 .text._ZN9ClearCore19DigitalInOutHBridge10FaultStateEb
                0x00005880       0x54 C:\Users\enslo_l5het9y\Documents\Senior Project\ClearCore-library-master\libClearCore\Debug\libClearCore.a(DigitalInOutHBridge.o)
                0x00005880                ClearCore::DigitalInOutHBridge::FaultState(bool)
 .text._ZN9ClearCore19DigitalInOutHBridge5StateEv
                0x000058d4       0x3c C:\Users\enslo_l5het9y\Documents\Senior Project\ClearCore-library-master\libClearCore\Debug\libClearCore.a(DigitalInOutHBridge.o)
                0x000058d4                ClearCore::DigitalInOutHBridge::State()
 .text._ZN9ClearCore19DigitalInOutHBridge5StateEs
                0x00005910       0x70 C:\Users\enslo_l5het9y\Documents\Senior Project\ClearCore-library-master\libClearCore\Debug\libClearCore.a(DigitalInOutHBridge.o)
                0x00005910                ClearCore::DigitalInOutHBridge::State(short)
 .text._ZN9ClearCore19DigitalInOutHBridge10ToneUpdateEv
                0x00005980      0x144 C:\Users\enslo_l5het9y\Documents\Senior Project\ClearCore-library-master\libClearCore\Debug\libClearCore.a(DigitalInOutHBridge.o)
                0x00005980                ClearCore::DigitalInOutHBridge::ToneUpdate()
 .text._ZN9ClearCore19DigitalInOutHBridge7RefreshEv
                0x00005ac4      0x114 C:\Users\enslo_l5het9y\Documents\Senior Project\ClearCore-library-master\libClearCore\Debug\libClearCore.a(DigitalInOutHBridge.o)
                0x00005ac4                ClearCore::DigitalInOutHBridge::Refresh()
 .text._ZN9ClearCore19DigitalInOutHBridge10InitializeE13ClearCorePins
                0x00005bd8       0xc8 C:\Users\enslo_l5het9y\Documents\Senior Project\ClearCore-library-master\libClearCore\Debug\libClearCore.a(DigitalInOutHBridge.o)
                0x00005bd8                ClearCore::DigitalInOutHBridge::Initialize(ClearCorePins)
 .text._ZN9ClearCore19DigitalInOutHBridge4ModeENS_9Connector14ConnectorModesE
                0x00005ca0      0x1a4 C:\Users\enslo_l5het9y\Documents\Senior Project\ClearCore-library-master\libClearCore\Debug\libClearCore.a(DigitalInOutHBridge.o)
                0x00005ca0                ClearCore::DigitalInOutHBridge::Mode(ClearCore::Connector::ConnectorModes)
 .text._ZN9ClearCore10DmaManager8InstanceEv
                0x00005e44       0x28 C:\Users\enslo_l5het9y\Documents\Senior Project\ClearCore-library-master\libClearCore\Debug\libClearCore.a(DmaManager.o)
                0x00005e44                ClearCore::DmaManager::Instance()
 .text._ZN9ClearCore10DmaManager10InitializeEv
                0x00005e6c       0x64 C:\Users\enslo_l5het9y\Documents\Senior Project\ClearCore-library-master\libClearCore\Debug\libClearCore.a(DmaManager.o)
                0x00005e6c                ClearCore::DmaManager::Initialize()
 .text._ZN9ClearCore10DmaManager7ChannelENS_11DmaChannelsE
                0x00005ed0       0x14 C:\Users\enslo_l5het9y\Documents\Senior Project\ClearCore-library-master\libClearCore\Debug\libClearCore.a(DmaManager.o)
                0x00005ed0                ClearCore::DmaManager::Channel(ClearCore::DmaChannels)
 .text._ZN9ClearCore10DmaManager14BaseDescriptorENS_11DmaChannelsE
                0x00005ee4       0x14 C:\Users\enslo_l5het9y\Documents\Senior Project\ClearCore-library-master\libClearCore\Debug\libClearCore.a(DmaManager.o)
                0x00005ee4                ClearCore::DmaManager::BaseDescriptor(ClearCore::DmaChannels)
 .text.startup._GLOBAL__sub_I__ZN9ClearCore10DmaManager19writeBackDescriptorE
                0x00005ef8       0x10 C:\Users\enslo_l5het9y\Documents\Senior Project\ClearCore-library-master\libClearCore\Debug\libClearCore.a(DmaManager.o)
 .text._ZN9ClearCore12InputManager8InstanceEv
                0x00005f08       0x5c C:\Users\enslo_l5het9y\Documents\Senior Project\ClearCore-library-master\libClearCore\Debug\libClearCore.a(InputManager.o)
                0x00005f08                ClearCore::InputManager::Instance()
 .text._ZN9ClearCore12InputManager10InitializeEv
                0x00005f64       0x18 C:\Users\enslo_l5het9y\Documents\Senior Project\ClearCore-library-master\libClearCore\Debug\libClearCore.a(InputManager.o)
                0x00005f64                ClearCore::InputManager::Initialize()
 .text._ZN9ClearCore12InputManager15InterruptEnableEabb
                0x00005f7c       0x78 C:\Users\enslo_l5het9y\Documents\Senior Project\ClearCore-library-master\libClearCore\Debug\libClearCore.a(InputManager.o)
                0x00005f7c                ClearCore::InputManager::InterruptEnable(signed char, bool, bool)
 .text._ZN9ClearCore12InputManager11EIC_HandlerEh
                0x00005ff4       0x5c C:\Users\enslo_l5het9y\Documents\Senior Project\ClearCore-library-master\libClearCore\Debug\libClearCore.a(InputManager.o)
                0x00005ff4                ClearCore::InputManager::EIC_Handler(unsigned char)
 .text._ZN9ClearCore12InputManager11UpdateBeginEv
                0x00006050       0x28 C:\Users\enslo_l5het9y\Documents\Senior Project\ClearCore-library-master\libClearCore\Debug\libClearCore.a(InputManager.o)
                0x00006050                ClearCore::InputManager::UpdateBegin()
 .text._ZN9ClearCore12InputManager9UpdateEndEv
                0x00006078       0x54 C:\Users\enslo_l5het9y\Documents\Senior Project\ClearCore-library-master\libClearCore\Debug\libClearCore.a(InputManager.o)
                0x00006078                ClearCore::InputManager::UpdateEnd()
 .text.startup._GLOBAL__sub_I__ZN9ClearCore8InputMgrE
                0x000060cc       0x10 C:\Users\enslo_l5het9y\Documents\Senior Project\ClearCore-library-master\libClearCore\Debug\libClearCore.a(InputManager.o)
 .text._ZN9ClearCore11MotorDriver4TypeEv
                0x000060dc        0x4 C:\Users\enslo_l5het9y\Documents\Senior Project\ClearCore-library-master\libClearCore\Debug\libClearCore.a(MotorDriver.o)
                0x000060dc                ClearCore::MotorDriver::Type()
 .text._ZN9ClearCore11MotorDriver10IsWritableEv
                0x000060e0        0x4 C:\Users\enslo_l5het9y\Documents\Senior Project\ClearCore-library-master\libClearCore\Debug\libClearCore.a(MotorDriver.o)
                0x000060e0                ClearCore::MotorDriver::IsWritable()
 .text._ZN9ClearCore11MotorDriver11IsInHwFaultEv
                0x000060e4        0x8 C:\Users\enslo_l5het9y\Documents\Senior Project\ClearCore-library-master\libClearCore\Debug\libClearCore.a(MotorDriver.o)
                0x000060e4                ClearCore::MotorDriver::IsInHwFault()
 .text._ZN9ClearCore11MotorDriver4ModeEv
                0x000060ec        0x4 C:\Users\enslo_l5het9y\Documents\Senior Project\ClearCore-library-master\libClearCore\Debug\libClearCore.a(MotorDriver.o)
                0x000060ec                ClearCore::MotorDriver::Mode()
 .text._ZN9ClearCore11MotorDriver4ModeENS_9Connector14ConnectorModesE
                0x000060f0      0x164 C:\Users\enslo_l5het9y\Documents\Senior Project\ClearCore-library-master\libClearCore\Debug\libClearCore.a(MotorDriver.o)
                0x000060f0                ClearCore::MotorDriver::Mode(ClearCore::Connector::ConnectorModes)
 .text._ZN9ClearCore11MotorDriver15OutputDirectionEv
                0x00006254       0x58 C:\Users\enslo_l5het9y\Documents\Senior Project\ClearCore-library-master\libClearCore\Debug\libClearCore.a(MotorDriver.o)
                0x00006254                ClearCore::MotorDriver::OutputDirection()
                0x000062a4                non-virtual thunk to ClearCore::MotorDriver::OutputDirection()
 .text._ZN9ClearCore11MotorDriverC2ENS_13ShiftRegister5MasksEPK15PeripheralRouteS5_S5_tt
                0x000062ac      0x1a8 C:\Users\enslo_l5het9y\Documents\Senior Project\ClearCore-library-master\libClearCore\Debug\libClearCore.a(MotorDriver.o)
                0x000062ac                ClearCore::MotorDriver::MotorDriver(ClearCore::ShiftRegister::Masks, PeripheralRoute const*, PeripheralRoute const*, PeripheralRoute const*, unsigned short, unsigned short)
                0x000062ac                ClearCore::MotorDriver::MotorDriver(ClearCore::ShiftRegister::Masks, PeripheralRoute const*, PeripheralRoute const*, PeripheralRoute const*, unsigned short, unsigned short)
 .text._ZN9ClearCore11MotorDriver13EnableRequestEb
                0x00006454      0x124 C:\Users\enslo_l5het9y\Documents\Senior Project\ClearCore-library-master\libClearCore\Debug\libClearCore.a(MotorDriver.o)
                0x00006454                ClearCore::MotorDriver::EnableRequest(bool)
 .text._ZN9ClearCore11MotorDriver11RefreshSlowEv
                0x00006578       0xe8 C:\Users\enslo_l5het9y\Documents\Senior Project\ClearCore-library-master\libClearCore\Debug\libClearCore.a(MotorDriver.o)
                0x00006578                ClearCore::MotorDriver::RefreshSlow()
 .text._ZN9ClearCore11MotorDriver10FaultStateEb
                0x00006660       0xf8 C:\Users\enslo_l5het9y\Documents\Senior Project\ClearCore-library-master\libClearCore\Debug\libClearCore.a(MotorDriver.o)
                0x00006660                ClearCore::MotorDriver::FaultState(bool)
 .text._ZN9ClearCore11MotorDriver7RefreshEv
                0x00006758      0x65c C:\Users\enslo_l5het9y\Documents\Senior Project\ClearCore-library-master\libClearCore\Debug\libClearCore.a(MotorDriver.o)
                0x00006758                ClearCore::MotorDriver::Refresh()
 .text._ZN9ClearCore11MotorDriver4MoveElNS_13StepGenerator10MoveTargetE
                0x00006db4       0xf0 C:\Users\enslo_l5het9y\Documents\Senior Project\ClearCore-library-master\libClearCore\Debug\libClearCore.a(MotorDriver.o)
                0x00006db4                ClearCore::MotorDriver::Move(long, ClearCore::StepGenerator::MoveTarget)
 .text._ZThn48_N9ClearCore11MotorDriver4MoveElNS_13StepGenerator10MoveTargetE
                0x00006ea4        0x8 C:\Users\enslo_l5het9y\Documents\Senior Project\ClearCore-library-master\libClearCore\Debug\libClearCore.a(MotorDriver.o)
                0x00006ea4                non-virtual thunk to ClearCore::MotorDriver::Move(long, ClearCore::StepGenerator::MoveTarget)
 .text._ZN9ClearCore11MotorDriver12MoveVelocityEl
                0x00006eac       0xd8 C:\Users\enslo_l5het9y\Documents\Senior Project\ClearCore-library-master\libClearCore\Debug\libClearCore.a(MotorDriver.o)
                0x00006eac                ClearCore::MotorDriver::MoveVelocity(long)
 .text._ZThn48_N9ClearCore11MotorDriver12MoveVelocityEl
                0x00006f84        0x8 C:\Users\enslo_l5het9y\Documents\Senior Project\ClearCore-library-master\libClearCore\Debug\libClearCore.a(MotorDriver.o)
                0x00006f84                non-virtual thunk to ClearCore::MotorDriver::MoveVelocity(long)
 .text._ZN9ClearCore11MotorDriver10InitializeE13ClearCorePins
                0x00006f8c      0x314 C:\Users\enslo_l5het9y\Documents\Senior Project\ClearCore-library-master\libClearCore\Debug\libClearCore.a(MotorDriver.o)
                0x00006f8c                ClearCore::MotorDriver::Initialize(ClearCorePins)
 .text._ZN9ClearCore9LedDriver4ModeEv
                0x000072a0        0x4 C:\Users\enslo_l5het9y\Documents\Senior Project\ClearCore-library-master\libClearCore\Debug\libClearCore.a(LedDriver.o)
                0x000072a0                ClearCore::LedDriver::Mode()
 .text._ZN9ClearCore9LedDriver4ModeENS_9Connector14ConnectorModesE
                0x000072a4        0xc C:\Users\enslo_l5het9y\Documents\Senior Project\ClearCore-library-master\libClearCore\Debug\libClearCore.a(LedDriver.o)
                0x000072a4                ClearCore::LedDriver::Mode(ClearCore::Connector::ConnectorModes)
 .text._ZN9ClearCore9LedDriver4TypeEv
                0x000072b0        0x4 C:\Users\enslo_l5het9y\Documents\Senior Project\ClearCore-library-master\libClearCore\Debug\libClearCore.a(LedDriver.o)
                0x000072b0                ClearCore::LedDriver::Type()
 .text._ZN9ClearCore9LedDriver10IsWritableEv
                0x000072b4        0x4 C:\Users\enslo_l5het9y\Documents\Senior Project\ClearCore-library-master\libClearCore\Debug\libClearCore.a(LedDriver.o)
                0x000072b4                ClearCore::LedDriver::IsWritable()
 .text._ZN9ClearCore9LedDriver11IsInHwFaultEv
                0x000072b8        0x4 C:\Users\enslo_l5het9y\Documents\Senior Project\ClearCore-library-master\libClearCore\Debug\libClearCore.a(LedDriver.o)
                0x000072b8                ClearCore::LedDriver::IsInHwFault()
 .text._ZN9ClearCore9LedDriver7RefreshEv
                0x000072bc        0x4 C:\Users\enslo_l5het9y\Documents\Senior Project\ClearCore-library-master\libClearCore\Debug\libClearCore.a(LedDriver.o)
                0x000072bc                ClearCore::LedDriver::Refresh()
 .text._ZN9ClearCore9LedDriver10InitializeE13ClearCorePins
                0x000072c0        0x8 C:\Users\enslo_l5het9y\Documents\Senior Project\ClearCore-library-master\libClearCore\Debug\libClearCore.a(LedDriver.o)
                0x000072c0                ClearCore::LedDriver::Initialize(ClearCorePins)
 .text._ZN9ClearCore9LedDriver5StateEv
                0x000072c8       0x18 C:\Users\enslo_l5het9y\Documents\Senior Project\ClearCore-library-master\libClearCore\Debug\libClearCore.a(LedDriver.o)
                0x000072c8                ClearCore::LedDriver::State()
 .text._ZN9ClearCore9LedDriver5StateEs
                0x000072e0       0x44 C:\Users\enslo_l5het9y\Documents\Senior Project\ClearCore-library-master\libClearCore\Debug\libClearCore.a(LedDriver.o)
                0x000072e0                ClearCore::LedDriver::State(short)
 .text._ZN9ClearCore9LedDriverC2ENS_13ShiftRegister5MasksE
                0x00007324       0x18 C:\Users\enslo_l5het9y\Documents\Senior Project\ClearCore-library-master\libClearCore\Debug\libClearCore.a(LedDriver.o)
                0x00007324                ClearCore::LedDriver::LedDriver(ClearCore::ShiftRegister::Masks)
                0x00007324                ClearCore::LedDriver::LedDriver(ClearCore::ShiftRegister::Masks)
 .text._ZN9ClearCore13StatusManager8InstanceEv
                0x0000733c       0x7c C:\Users\enslo_l5het9y\Documents\Senior Project\ClearCore-library-master\libClearCore\Debug\libClearCore.a(StatusManager.o)
                0x0000733c                ClearCore::StatusManager::Instance()
 .text._ZN9ClearCore13StatusManager8StatusRTENS0_14StatusRegisterE
                0x000073b8        0xc C:\Users\enslo_l5het9y\Documents\Senior Project\ClearCore-library-master\libClearCore\Debug\libClearCore.a(StatusManager.o)
                0x000073b8                ClearCore::StatusManager::StatusRT(ClearCore::StatusManager::StatusRegister)
 .text._ZN9ClearCore13StatusManager14AdcIsInTimeoutEv
                0x000073c4        0xc C:\Users\enslo_l5het9y\Documents\Senior Project\ClearCore-library-master\libClearCore\Debug\libClearCore.a(StatusManager.o)
                0x000073c4                ClearCore::StatusManager::AdcIsInTimeout()
 .text._ZN9ClearCore13StatusManager10InitializeENS_13ShiftRegister5MasksE
                0x000073d0       0x1c C:\Users\enslo_l5het9y\Documents\Senior Project\ClearCore-library-master\libClearCore\Debug\libClearCore.a(StatusManager.o)
                0x000073d0                ClearCore::StatusManager::Initialize(ClearCore::ShiftRegister::Masks)
 .text._ZN9ClearCore13StatusManager12HBridgeStateEb
                0x000073ec       0x68 C:\Users\enslo_l5het9y\Documents\Senior Project\ClearCore-library-master\libClearCore\Debug\libClearCore.a(StatusManager.o)
                0x000073ec                ClearCore::StatusManager::HBridgeState(bool)
 .text._ZN9ClearCore13StatusManager9BlinkCodeENS_15BlinkCodeDriver15BlinkCodeGroupsEh
                0x00007454       0x10 C:\Users\enslo_l5het9y\Documents\Senior Project\ClearCore-library-master\libClearCore\Debug\libClearCore.a(StatusManager.o)
                0x00007454                ClearCore::StatusManager::BlinkCode(ClearCore::BlinkCodeDriver::BlinkCodeGroups, unsigned char)
 .text._ZN9ClearCore13StatusManager16UpdateBlinkCodesENS0_14StatusRegisterE
                0x00007464       0xb4 C:\Users\enslo_l5het9y\Documents\Senior Project\ClearCore-library-master\libClearCore\Debug\libClearCore.a(StatusManager.o)
                0x00007464                ClearCore::StatusManager::UpdateBlinkCodes(ClearCore::StatusManager::StatusRegister)
 .text._ZN9ClearCore13StatusManager7RefreshEv
                0x00007518      0x294 C:\Users\enslo_l5het9y\Documents\Senior Project\ClearCore-library-master\libClearCore\Debug\libClearCore.a(StatusManager.o)
                0x00007518                ClearCore::StatusManager::Refresh()
 .text._ZN9ClearCore13StatusManager14OverloadUpdateEmb
                0x000077ac       0x1c C:\Users\enslo_l5het9y\Documents\Senior Project\ClearCore-library-master\libClearCore\Debug\libClearCore.a(StatusManager.o)
                0x000077ac                ClearCore::StatusManager::OverloadUpdate(unsigned long, bool)
 .text.startup._GLOBAL__sub_I__ZN9ClearCore9StatusMgrE
                0x000077c8       0x10 C:\Users\enslo_l5het9y\Documents\Senior Project\ClearCore-library-master\libClearCore\Debug\libClearCore.a(StatusManager.o)
 .text._ZN9ClearCore10SerialBase5SpeedEv
                0x000077d8        0x4 C:\Users\enslo_l5het9y\Documents\Senior Project\ClearCore-library-master\libClearCore\Debug\libClearCore.a(SysManager.o)
                0x000077d8                ClearCore::SerialBase::Speed()
 .text._ZN9ClearCore10SerialBase6ParityEv
                0x000077dc        0x4 C:\Users\enslo_l5het9y\Documents\Senior Project\ClearCore-library-master\libClearCore\Debug\libClearCore.a(SysManager.o)
                0x000077dc                ClearCore::SerialBase::Parity()
 .text._ZN9ClearCore10SerialBasecvbEv
                0x000077e0        0x4 C:\Users\enslo_l5het9y\Documents\Senior Project\ClearCore-library-master\libClearCore\Debug\libClearCore.a(SysManager.o)
                0x000077e0                ClearCore::SerialBase::operator bool()
 .text._ZN9ClearCore11MotorDriverC2Ev
                0x000077e4       0x44 C:\Users\enslo_l5het9y\Documents\Senior Project\ClearCore-library-master\libClearCore\Debug\libClearCore.a(SysManager.o)
                0x000077e4                ClearCore::MotorDriver::MotorDriver()
                0x000077e4                ClearCore::MotorDriver::MotorDriver()
 .text._ZN9ClearCore10SysManagerC2Ev
                0x00007828     0x1784 C:\Users\enslo_l5het9y\Documents\Senior Project\ClearCore-library-master\libClearCore\Debug\libClearCore.a(SysManager.o)
                0x00007828                ClearCore::SysManager::SysManager()
                0x00007828                ClearCore::SysManager::SysManager()
 .text._ZN9ClearCore10SysManager16ConnectorByIndexE13ClearCorePins
                0x00008fac       0x1c C:\Users\enslo_l5het9y\Documents\Senior Project\ClearCore-library-master\libClearCore\Debug\libClearCore.a(SysManager.o)
                0x00008fac                ClearCore::SysManager::ConnectorByIndex(ClearCorePins)
 .text._ZN9ClearCore10SysManager10InitClocksEv
                0x00008fc8      0x2dc C:\Users\enslo_l5het9y\Documents\Senior Project\ClearCore-library-master\libClearCore\Debug\libClearCore.a(SysManager.o)
                0x00008fc8                ClearCore::SysManager::InitClocks()
 .text._ZN9ClearCore10SysManager10InitializeEv
                0x000092a4      0x280 C:\Users\enslo_l5het9y\Documents\Senior Project\ClearCore-library-master\libClearCore\Debug\libClearCore.a(SysManager.o)
                0x000092a4                ClearCore::SysManager::Initialize()
 .text._ZN9ClearCore10SysManager10ResetBoardENS0_10ResetModesE
                0x00009524       0x38 C:\Users\enslo_l5het9y\Documents\Senior Project\ClearCore-library-master\libClearCore\Debug\libClearCore.a(SysManager.o)
                0x00009524                ClearCore::SysManager::ResetBoard(ClearCore::SysManager::ResetModes)
 .text.GMAC_Handler
                0x0000955c        0xc C:\Users\enslo_l5het9y\Documents\Senior Project\ClearCore-library-master\libClearCore\Debug\libClearCore.a(SysManager.o)
                0x0000955c                GMAC_Handler
 .text.SERCOM0_0_Handler
                0x00009568        0xc C:\Users\enslo_l5het9y\Documents\Senior Project\ClearCore-library-master\libClearCore\Debug\libClearCore.a(SysManager.o)
                0x00009568                SERCOM0_0_Handler
 .text.SERCOM0_2_Handler
                0x00009574        0xc C:\Users\enslo_l5het9y\Documents\Senior Project\ClearCore-library-master\libClearCore\Debug\libClearCore.a(SysManager.o)
                0x00009574                SERCOM0_2_Handler
 .text.SERCOM0_3_Handler
                0x00009580        0xc C:\Users\enslo_l5het9y\Documents\Senior Project\ClearCore-library-master\libClearCore\Debug\libClearCore.a(SysManager.o)
                0x00009580                SERCOM0_3_Handler
 .text.SERCOM2_0_Handler
                0x0000958c        0xc C:\Users\enslo_l5het9y\Documents\Senior Project\ClearCore-library-master\libClearCore\Debug\libClearCore.a(SysManager.o)
                0x0000958c                SERCOM2_0_Handler
 .text.SERCOM2_2_Handler
                0x00009598        0xc C:\Users\enslo_l5het9y\Documents\Senior Project\ClearCore-library-master\libClearCore\Debug\libClearCore.a(SysManager.o)
                0x00009598                SERCOM2_2_Handler
 .text.SERCOM2_3_Handler
                0x000095a4        0xc C:\Users\enslo_l5het9y\Documents\Senior Project\ClearCore-library-master\libClearCore\Debug\libClearCore.a(SysManager.o)
                0x000095a4                SERCOM2_3_Handler
 .text.SERCOM7_0_Handler
                0x000095b0        0xc C:\Users\enslo_l5het9y\Documents\Senior Project\ClearCore-library-master\libClearCore\Debug\libClearCore.a(SysManager.o)
                0x000095b0                SERCOM7_0_Handler
 .text.SERCOM7_2_Handler
                0x000095bc        0xc C:\Users\enslo_l5het9y\Documents\Senior Project\ClearCore-library-master\libClearCore\Debug\libClearCore.a(SysManager.o)
                0x000095bc                SERCOM7_2_Handler
 .text.SERCOM7_3_Handler
                0x000095c8        0xc C:\Users\enslo_l5het9y\Documents\Senior Project\ClearCore-library-master\libClearCore\Debug\libClearCore.a(SysManager.o)
                0x000095c8                SERCOM7_3_Handler
 .text.EIC_0_Handler
                0x000095d4       0x10 C:\Users\enslo_l5het9y\Documents\Senior Project\ClearCore-library-master\libClearCore\Debug\libClearCore.a(SysManager.o)
                0x000095d4                EIC_0_Handler
 .text.EIC_1_Handler
                0x000095e4       0x10 C:\Users\enslo_l5het9y\Documents\Senior Project\ClearCore-library-master\libClearCore\Debug\libClearCore.a(SysManager.o)
                0x000095e4                EIC_1_Handler
 .text.EIC_2_Handler
                0x000095f4       0x10 C:\Users\enslo_l5het9y\Documents\Senior Project\ClearCore-library-master\libClearCore\Debug\libClearCore.a(SysManager.o)
                0x000095f4                EIC_2_Handler
 .text.EIC_3_Handler
                0x00009604       0x10 C:\Users\enslo_l5het9y\Documents\Senior Project\ClearCore-library-master\libClearCore\Debug\libClearCore.a(SysManager.o)
                0x00009604                EIC_3_Handler
 .text.EIC_4_Handler
                0x00009614       0x10 C:\Users\enslo_l5het9y\Documents\Senior Project\ClearCore-library-master\libClearCore\Debug\libClearCore.a(SysManager.o)
                0x00009614                EIC_4_Handler
 .text.EIC_5_Handler
                0x00009624       0x10 C:\Users\enslo_l5het9y\Documents\Senior Project\ClearCore-library-master\libClearCore\Debug\libClearCore.a(SysManager.o)
                0x00009624                EIC_5_Handler
 .text.EIC_6_Handler
                0x00009634       0x10 C:\Users\enslo_l5het9y\Documents\Senior Project\ClearCore-library-master\libClearCore\Debug\libClearCore.a(SysManager.o)
                0x00009634                EIC_6_Handler
 .text.EIC_7_Handler
                0x00009644       0x10 C:\Users\enslo_l5het9y\Documents\Senior Project\ClearCore-library-master\libClearCore\Debug\libClearCore.a(SysManager.o)
                0x00009644                EIC_7_Handler
 .text.EIC_8_Handler
                0x00009654       0x10 C:\Users\enslo_l5het9y\Documents\Senior Project\ClearCore-library-master\libClearCore\Debug\libClearCore.a(SysManager.o)
                0x00009654                EIC_8_Handler
 .text.EIC_9_Handler
                0x00009664       0x10 C:\Users\enslo_l5het9y\Documents\Senior Project\ClearCore-library-master\libClearCore\Debug\libClearCore.a(SysManager.o)
                0x00009664                EIC_9_Handler
 .text.EIC_10_Handler
                0x00009674       0x10 C:\Users\enslo_l5het9y\Documents\Senior Project\ClearCore-library-master\libClearCore\Debug\libClearCore.a(SysManager.o)
                0x00009674                EIC_10_Handler
 .text.EIC_11_Handler
                0x00009684       0x10 C:\Users\enslo_l5het9y\Documents\Senior Project\ClearCore-library-master\libClearCore\Debug\libClearCore.a(SysManager.o)
                0x00009684                EIC_11_Handler
 .text.EIC_12_Handler
                0x00009694        0xc C:\Users\enslo_l5het9y\Documents\Senior Project\ClearCore-library-master\libClearCore\Debug\libClearCore.a(SysManager.o)
                0x00009694                EIC_12_Handler
 .text.EIC_13_Handler
                0x000096a0       0x10 C:\Users\enslo_l5het9y\Documents\Senior Project\ClearCore-library-master\libClearCore\Debug\libClearCore.a(SysManager.o)
                0x000096a0                EIC_13_Handler
 .text.EIC_14_Handler
                0x000096b0       0x10 C:\Users\enslo_l5het9y\Documents\Senior Project\ClearCore-library-master\libClearCore\Debug\libClearCore.a(SysManager.o)
                0x000096b0                EIC_14_Handler
 .text.EIC_15_Handler
                0x000096c0       0x10 C:\Users\enslo_l5het9y\Documents\Senior Project\ClearCore-library-master\libClearCore\Debug\libClearCore.a(SysManager.o)
                0x000096c0                EIC_15_Handler
 .text.TCC3_0_Handler
                0x000096d0       0x18 C:\Users\enslo_l5het9y\Documents\Senior Project\ClearCore-library-master\libClearCore\Debug\libClearCore.a(SysManager.o)
                0x000096d0                TCC3_0_Handler
 .text.TCC4_0_Handler
                0x000096e8       0x18 C:\Users\enslo_l5het9y\Documents\Senior Project\ClearCore-library-master\libClearCore\Debug\libClearCore.a(SysManager.o)
                0x000096e8                TCC4_0_Handler
 .text.SysTick_Handler
                0x00009700       0x54 C:\Users\enslo_l5het9y\Documents\Senior Project\ClearCore-library-master\libClearCore\Debug\libClearCore.a(SysManager.o)
                0x00009700                SysTick_Handler
 .text.TCC0_0_Handler
                0x00009754      0x110 C:\Users\enslo_l5het9y\Documents\Senior Project\ClearCore-library-master\libClearCore\Debug\libClearCore.a(SysManager.o)
                0x00009754                TCC0_0_Handler
 .text.Reset_Handler
                0x00009864       0x68 C:\Users\enslo_l5het9y\Documents\Senior Project\ClearCore-library-master\libClearCore\Debug\libClearCore.a(SysManager.o)
                0x00009864                Reset_Handler
 .text.startup._GLOBAL__sub_I__ZN9ClearCore11FastSysTickE
                0x000098cc      0x1e8 C:\Users\enslo_l5het9y\Documents\Senior Project\ClearCore-library-master\libClearCore\Debug\libClearCore.a(SysManager.o)
 .text._ZN9ClearCore10NvmManager8InstanceEv
                0x00009ab4       0x4c C:\Users\enslo_l5het9y\Documents\Senior Project\ClearCore-library-master\libClearCore\Debug\libClearCore.a(NvmManager.o)
                0x00009ab4                ClearCore::NvmManager::Instance()
 .text._ZN9ClearCore10NvmManager5Int16ENS0_12NvmLocationsE
                0x00009b00       0x14 C:\Users\enslo_l5het9y\Documents\Senior Project\ClearCore-library-master\libClearCore\Debug\libClearCore.a(NvmManager.o)
                0x00009b00                ClearCore::NvmManager::Int16(ClearCore::NvmManager::NvmLocations)
 .text._ZN9ClearCore10NvmManager10MacAddressEPh
                0x00009b14       0x48 C:\Users\enslo_l5het9y\Documents\Senior Project\ClearCore-library-master\libClearCore\Debug\libClearCore.a(NvmManager.o)
                0x00009b14                ClearCore::NvmManager::MacAddress(unsigned char*)
 .text.startup._GLOBAL__sub_I__ZN9ClearCore6NvmMgrE
                0x00009b5c       0x10 C:\Users\enslo_l5het9y\Documents\Senior Project\ClearCore-library-master\libClearCore\Debug\libClearCore.a(NvmManager.o)
 .text._ZN9ClearCore9SysTiming8InstanceEv
                0x00009b6c       0x48 C:\Users\enslo_l5het9y\Documents\Senior Project\ClearCore-library-master\libClearCore\Debug\libClearCore.a(SysTiming.o)
                0x00009b6c                ClearCore::SysTiming::Instance()
 .text._ZN9ClearCore9SysTiming8IsrStartEv
                0x00009bb4        0xc C:\Users\enslo_l5het9y\Documents\Senior Project\ClearCore-library-master\libClearCore\Debug\libClearCore.a(SysTiming.o)
                0x00009bb4                ClearCore::SysTiming::IsrStart()
 .text._ZN9ClearCore9SysTiming6IsrEndEv
                0x00009bc0       0x20 C:\Users\enslo_l5het9y\Documents\Senior Project\ClearCore-library-master\libClearCore\Debug\libClearCore.a(SysTiming.o)
                0x00009bc0                ClearCore::SysTiming::IsrEnd()
 .text._ZN9ClearCore9SysTiming6UpdateEv
                0x00009be0       0x78 C:\Users\enslo_l5het9y\Documents\Senior Project\ClearCore-library-master\libClearCore\Debug\libClearCore.a(SysTiming.o)
                0x00009be0                ClearCore::SysTiming::Update()
 .text._ZN9ClearCore9SysTiming21SysTickPeriodMicroSecEm
                0x00009c58       0x4c C:\Users\enslo_l5het9y\Documents\Senior Project\ClearCore-library-master\libClearCore\Debug\libClearCore.a(SysTiming.o)
                0x00009c58                ClearCore::SysTiming::SysTickPeriodMicroSec(unsigned long)
 .text.Milliseconds
                0x00009ca4        0xc C:\Users\enslo_l5het9y\Documents\Senior Project\ClearCore-library-master\libClearCore\Debug\libClearCore.a(SysTiming.o)
                0x00009ca4                Milliseconds
 .text.Microseconds
                0x00009cb0       0x48 C:\Users\enslo_l5het9y\Documents\Senior Project\ClearCore-library-master\libClearCore\Debug\libClearCore.a(SysTiming.o)
                0x00009cb0                Microseconds
 .text.Delay_cycles
                0x00009cf8       0x3c C:\Users\enslo_l5het9y\Documents\Senior Project\ClearCore-library-master\libClearCore\Debug\libClearCore.a(SysTiming.o)
                0x00009cf8                Delay_cycles
 .text.startup._GLOBAL__sub_I__ZN9ClearCore7tickCntE
                0x00009d34       0x10 C:\Users\enslo_l5het9y\Documents\Senior Project\ClearCore-library-master\libClearCore\Debug\libClearCore.a(SysTiming.o)
 .text._ZN9ClearCore15EthernetManager8InstanceEv
                0x00009d44       0xe8 C:\Users\enslo_l5het9y\Documents\Senior Project\ClearCore-library-master\libClearCore\Debug\libClearCore.a(EthernetManager.o)
                0x00009d44                ClearCore::EthernetManager::Instance()
 .text._ZN9ClearCore15EthernetManager13PhyInitializeEv
                0x00009e2c      0x110 C:\Users\enslo_l5het9y\Documents\Senior Project\ClearCore-library-master\libClearCore\Debug\libClearCore.a(EthernetManager.o)
                0x00009e2c                ClearCore::EthernetManager::PhyInitialize()
 .text._ZN9ClearCore15EthernetManager10InitializeEv
                0x00009f3c      0x578 C:\Users\enslo_l5het9y\Documents\Senior Project\ClearCore-library-master\libClearCore\Debug\libClearCore.a(EthernetManager.o)
                0x00009f3c                ClearCore::EthernetManager::Initialize()
 .text._ZN9ClearCore15EthernetManager13IrqHandlerPhyEv
                0x0000a4b4      0x378 C:\Users\enslo_l5het9y\Documents\Senior Project\ClearCore-library-master\libClearCore\Debug\libClearCore.a(EthernetManager.o)
                0x0000a4b4                ClearCore::EthernetManager::IrqHandlerPhy()
 .text._ZN9ClearCore15EthernetManager14IrqHandlerGmacEv
                0x0000a82c       0x34 C:\Users\enslo_l5het9y\Documents\Senior Project\ClearCore-library-master\libClearCore\Debug\libClearCore.a(EthernetManager.o)
                0x0000a82c                ClearCore::EthernetManager::IrqHandlerGmac()
 .text.startup._GLOBAL__sub_I__Z12PacketLengthP6ethInt
                0x0000a860       0x10 C:\Users\enslo_l5het9y\Documents\Senior Project\ClearCore-library-master\libClearCore\Debug\libClearCore.a(EthernetManager.o)
 .text._ZN9ClearCore13ShiftRegisterC2Ev
                0x0000a870      0x124 C:\Users\enslo_l5het9y\Documents\Senior Project\ClearCore-library-master\libClearCore\Debug\libClearCore.a(ShiftRegister.o)
                0x0000a870                ClearCore::ShiftRegister::ShiftRegister()
                0x0000a870                ClearCore::ShiftRegister::ShiftRegister()
 .text._ZN9ClearCore13ShiftRegister10InitializeEv
                0x0000a994      0x1a4 C:\Users\enslo_l5het9y\Documents\Senior Project\ClearCore-library-master\libClearCore\Debug\libClearCore.a(ShiftRegister.o)
                0x0000a994                ClearCore::ShiftRegister::Initialize()
 .text._ZN9ClearCore13ShiftRegister6UpdateEv
                0x0000ab38      0x414 C:\Users\enslo_l5het9y\Documents\Senior Project\ClearCore-library-master\libClearCore\Debug\libClearCore.a(ShiftRegister.o)
                0x0000ab38                ClearCore::ShiftRegister::Update()
 .text._ZN9ClearCore13ShiftRegister18DiagnosticLedSweepEv
                0x0000af4c      0x148 C:\Users\enslo_l5het9y\Documents\Senior Project\ClearCore-library-master\libClearCore\Debug\libClearCore.a(ShiftRegister.o)
                0x0000af4c                ClearCore::ShiftRegister::DiagnosticLedSweep()
 .text._ZN9ClearCore12MotorManager8InstanceEv
                0x0000b094       0x44 C:\Users\enslo_l5het9y\Documents\Senior Project\ClearCore-library-master\libClearCore\Debug\libClearCore.a(MotorManager.o)
                0x0000b094                ClearCore::MotorManager::Instance()
 .text._ZN9ClearCore12MotorManager18MotorInputClockingENS0_15MotorClockRatesE
                0x0000b0d8      0x120 C:\Users\enslo_l5het9y\Documents\Senior Project\ClearCore-library-master\libClearCore\Debug\libClearCore.a(MotorManager.o)
                0x0000b0d8                ClearCore::MotorManager::MotorInputClocking(ClearCore::MotorManager::MotorClockRates)
 .text._ZN9ClearCore12MotorManager12MotorModeSetENS0_9MotorPairENS_9Connector14ConnectorModesE
                0x0000b1f8       0xec C:\Users\enslo_l5het9y\Documents\Senior Project\ClearCore-library-master\libClearCore\Debug\libClearCore.a(MotorManager.o)
                0x0000b1f8                ClearCore::MotorManager::MotorModeSet(ClearCore::MotorManager::MotorPair, ClearCore::Connector::ConnectorModes)
 .text._ZN9ClearCore12MotorManager10InitializeEv
                0x0000b2e4      0x10c C:\Users\enslo_l5het9y\Documents\Senior Project\ClearCore-library-master\libClearCore\Debug\libClearCore.a(MotorManager.o)
                0x0000b2e4                ClearCore::MotorManager::Initialize()
 .text.startup._GLOBAL__sub_I__ZN9ClearCore8MotorMgrE
                0x0000b3f0       0x10 C:\Users\enslo_l5het9y\Documents\Senior Project\ClearCore-library-master\libClearCore\Debug\libClearCore.a(MotorManager.o)
 .text._ZN9ClearCore13StepGenerator4MoveElNS0_10MoveTargetE
                0x0000b400       0x74 C:\Users\enslo_l5het9y\Documents\Senior Project\ClearCore-library-master\libClearCore\Debug\libClearCore.a(StepGenerator.o)
                0x0000b400                ClearCore::StepGenerator::Move(long, ClearCore::StepGenerator::MoveTarget)
 .text._ZN9ClearCore13StepGenerator12MoveVelocityEl
                0x0000b474       0x94 C:\Users\enslo_l5het9y\Documents\Senior Project\ClearCore-library-master\libClearCore\Debug\libClearCore.a(StepGenerator.o)
                0x0000b474                ClearCore::StepGenerator::MoveVelocity(long)
 .text._ZN9ClearCore13StepGenerator15StepsCalculatedEv
                0x0000b508      0x4ec C:\Users\enslo_l5het9y\Documents\Senior Project\ClearCore-library-master\libClearCore\Debug\libClearCore.a(StepGenerator.o)
                0x0000b508                ClearCore::StepGenerator::StepsCalculated()
 .text._ZN9ClearCore13StepGeneratorC2Ev
                0x0000b9f4       0x64 C:\Users\enslo_l5het9y\Documents\Senior Project\ClearCore-library-master\libClearCore\Debug\libClearCore.a(StepGenerator.o)
                0x0000b9f4                ClearCore::StepGenerator::StepGenerator()
                0x0000b9f4                ClearCore::StepGenerator::StepGenerator()
 .text._ZN9ClearCore13StepGenerator14MoveStopAbruptEv
                0x0000ba58       0x34 C:\Users\enslo_l5het9y\Documents\Senior Project\ClearCore-library-master\libClearCore\Debug\libClearCore.a(StepGenerator.o)
                0x0000ba58                ClearCore::StepGenerator::MoveStopAbrupt()
 *fill*         0x0000ba8c        0x4 
 .text._ZN9ClearCore13StepGenerator13MoveStopDecelEm
                0x0000ba90       0x58 C:\Users\enslo_l5het9y\Documents\Senior Project\ClearCore-library-master\libClearCore\Debug\libClearCore.a(StepGenerator.o)
                0x0000ba90                ClearCore::StepGenerator::MoveStopDecel(unsigned long)
 .text._ZN9ClearCore13StepGenerator6VelMaxEm
                0x0000bae8       0x4c C:\Users\enslo_l5het9y\Documents\Senior Project\ClearCore-library-master\libClearCore\Debug\libClearCore.a(StepGenerator.o)
                0x0000bae8                ClearCore::StepGenerator::VelMax(unsigned long)
 *fill*         0x0000bb34        0x4 
 .text._ZN9ClearCore13StepGenerator8AccelMaxEm
                0x0000bb38       0x30 C:\Users\enslo_l5het9y\Documents\Senior Project\ClearCore-library-master\libClearCore\Debug\libClearCore.a(StepGenerator.o)
                0x0000bb38                ClearCore::StepGenerator::AccelMax(unsigned long)
 .text._ZN9ClearCore13StepGenerator20StepsPerSampleMaxSetEm
                0x0000bb68       0x68 C:\Users\enslo_l5het9y\Documents\Senior Project\ClearCore-library-master\libClearCore\Debug\libClearCore.a(StepGenerator.o)
                0x0000bb68                ClearCore::StepGenerator::StepsPerSampleMaxSet(unsigned long)
 .text._ZN9ClearCore13StepGenerator17CheckTravelLimitsEv
                0x0000bbd0       0x80 C:\Users\enslo_l5het9y\Documents\Senior Project\ClearCore-library-master\libClearCore\Debug\libClearCore.a(StepGenerator.o)
                0x0000bbd0                ClearCore::StepGenerator::CheckTravelLimits()
 .text.SystemInit
                0x0000bc50      0x2b0 C:\Users\enslo_l5het9y\Documents\Senior Project\ClearCore-library-master\libClearCore\Debug\libClearCore.a(system_same53.o)
                0x0000bc50                SystemInit
 .text.GClkFreqUpdate
                0x0000bf00       0x44 C:\Users\enslo_l5het9y\Documents\Senior Project\ClearCore-library-master\libClearCore\Debug\libClearCore.a(system_same53.o)
                0x0000bf00                GClkFreqUpdate
 .text._ZN9ClearCore12EncoderInputC2Ev
                0x0000bf44       0x54 C:\Users\enslo_l5het9y\Documents\Senior Project\ClearCore-library-master\libClearCore\Debug\libClearCore.a(EncoderInput.o)
                0x0000bf44                ClearCore::EncoderInput::EncoderInput()
                0x0000bf44                ClearCore::EncoderInput::EncoderInput()
 .text._ZN9ClearCore12EncoderInput10InitializeEv
                0x0000bf98       0x5c C:\Users\enslo_l5het9y\Documents\Senior Project\ClearCore-library-master\libClearCore\Debug\libClearCore.a(EncoderInput.o)
                0x0000bf98                ClearCore::EncoderInput::Initialize()
 .text._ZN9ClearCore12EncoderInput6UpdateEv
                0x0000bff4       0xbc C:\Users\enslo_l5het9y\Documents\Senior Project\ClearCore-library-master\libClearCore\Debug\libClearCore.a(EncoderInput.o)
                0x0000bff4                ClearCore::EncoderInput::Update()
 .text._ZN9ClearCore21DigitalInOutAnalogOut4ModeEv
                0x0000c0b0        0x4 C:\Users\enslo_l5het9y\Documents\Senior Project\ClearCore-library-master\libClearCore\Debug\libClearCore.a(DigitalInOutAnalogOut.o)
                0x0000c0b0                ClearCore::DigitalInOutAnalogOut::Mode()
 .text._ZN9ClearCore21DigitalInOutAnalogOut4TypeEv
                0x0000c0b4        0x4 C:\Users\enslo_l5het9y\Documents\Senior Project\ClearCore-library-master\libClearCore\Debug\libClearCore.a(DigitalInOutAnalogOut.o)
                0x0000c0b4                ClearCore::DigitalInOutAnalogOut::Type()
 .text._ZN9ClearCore21DigitalInOutAnalogOut10IsWritableEv
                0x0000c0b8       0x14 C:\Users\enslo_l5het9y\Documents\Senior Project\ClearCore-library-master\libClearCore\Debug\libClearCore.a(DigitalInOutAnalogOut.o)
                0x0000c0b8                ClearCore::DigitalInOutAnalogOut::IsWritable()
 .text._ZN9ClearCore21DigitalInOutAnalogOutC2ENS_13ShiftRegister5MasksEPK15PeripheralRouteS5_S5_b
                0x0000c0cc       0x34 C:\Users\enslo_l5het9y\Documents\Senior Project\ClearCore-library-master\libClearCore\Debug\libClearCore.a(DigitalInOutAnalogOut.o)
                0x0000c0cc                ClearCore::DigitalInOutAnalogOut::DigitalInOutAnalogOut(ClearCore::ShiftRegister::Masks, PeripheralRoute const*, PeripheralRoute const*, PeripheralRoute const*, bool)
                0x0000c0cc                ClearCore::DigitalInOutAnalogOut::DigitalInOutAnalogOut(ClearCore::ShiftRegister::Masks, PeripheralRoute const*, PeripheralRoute const*, PeripheralRoute const*, bool)
 .text._ZN9ClearCore21DigitalInOutAnalogOut13DacInitializeEv
                0x0000c100      0x100 C:\Users\enslo_l5het9y\Documents\Senior Project\ClearCore-library-master\libClearCore\Debug\libClearCore.a(DigitalInOutAnalogOut.o)
                0x0000c100                ClearCore::DigitalInOutAnalogOut::DacInitialize()
 .text._ZN9ClearCore21DigitalInOutAnalogOut9DacEnableEv
                0x0000c200       0xc8 C:\Users\enslo_l5het9y\Documents\Senior Project\ClearCore-library-master\libClearCore\Debug\libClearCore.a(DigitalInOutAnalogOut.o)
                0x0000c200                ClearCore::DigitalInOutAnalogOut::DacEnable()
 .text._ZN9ClearCore21DigitalInOutAnalogOut7RefreshEv
                0x0000c2c8       0x18 C:\Users\enslo_l5het9y\Documents\Senior Project\ClearCore-library-master\libClearCore\Debug\libClearCore.a(DigitalInOutAnalogOut.o)
                0x0000c2c8                ClearCore::DigitalInOutAnalogOut::Refresh()
 .text._ZN9ClearCore21DigitalInOutAnalogOut4ModeENS_9Connector14ConnectorModesE
                0x0000c2e0       0xf8 C:\Users\enslo_l5het9y\Documents\Senior Project\ClearCore-library-master\libClearCore\Debug\libClearCore.a(DigitalInOutAnalogOut.o)
                0x0000c2e0                ClearCore::DigitalInOutAnalogOut::Mode(ClearCore::Connector::ConnectorModes)
 .text._ZN9ClearCore21DigitalInOutAnalogOut5StateEv
                0x0000c3d8       0x1c C:\Users\enslo_l5het9y\Documents\Senior Project\ClearCore-library-master\libClearCore\Debug\libClearCore.a(DigitalInOutAnalogOut.o)
                0x0000c3d8                ClearCore::DigitalInOutAnalogOut::State()
 .text._ZN9ClearCore21DigitalInOutAnalogOut5StateEs
                0x0000c3f4       0x9c C:\Users\enslo_l5het9y\Documents\Senior Project\ClearCore-library-master\libClearCore\Debug\libClearCore.a(DigitalInOutAnalogOut.o)
                0x0000c3f4                ClearCore::DigitalInOutAnalogOut::State(short)
 .text._ZN9ClearCore21DigitalInOutAnalogOut10InitializeE13ClearCorePins
                0x0000c490       0xa0 C:\Users\enslo_l5het9y\Documents\Senior Project\ClearCore-library-master\libClearCore\Debug\libClearCore.a(DigitalInOutAnalogOut.o)
                0x0000c490                ClearCore::DigitalInOutAnalogOut::Initialize(ClearCorePins)
 .text._ZN9ClearCore15BlinkCodeDriver6UpdateEv
                0x0000c530      0x2b0 C:\Users\enslo_l5het9y\Documents\Senior Project\ClearCore-library-master\libClearCore\Debug\libClearCore.a(BlinkCodeDriver.o)
                0x0000c530                ClearCore::BlinkCodeDriver::Update()
 .text._ZN9ClearCore12DigitalInOut4ModeEv
                0x0000c7e0        0x4 C:\Users\enslo_l5het9y\Documents\Senior Project\ClearCore-library-master\libClearCore\Debug\libClearCore.a(DigitalInOut.o)
                0x0000c7e0                ClearCore::DigitalInOut::Mode()
 .text._ZN9ClearCore12DigitalInOut4TypeEv
                0x0000c7e4        0x4 C:\Users\enslo_l5het9y\Documents\Senior Project\ClearCore-library-master\libClearCore\Debug\libClearCore.a(DigitalInOut.o)
                0x0000c7e4                ClearCore::DigitalInOut::Type()
 .text._ZN9ClearCore12DigitalInOut10IsWritableEv
                0x0000c7e8       0x14 C:\Users\enslo_l5het9y\Documents\Senior Project\ClearCore-library-master\libClearCore\Debug\libClearCore.a(DigitalInOut.o)
                0x0000c7e8                ClearCore::DigitalInOut::IsWritable()
 .text._ZN9ClearCore12DigitalInOut5StateEs
                0x0000c7fc       0xb8 C:\Users\enslo_l5het9y\Documents\Senior Project\ClearCore-library-master\libClearCore\Debug\libClearCore.a(DigitalInOut.o)
                0x0000c7fc                ClearCore::DigitalInOut::State(short)
 .text._ZN9ClearCore12DigitalInOut4ModeENS_9Connector14ConnectorModesE
                0x0000c8b4      0x224 C:\Users\enslo_l5het9y\Documents\Senior Project\ClearCore-library-master\libClearCore\Debug\libClearCore.a(DigitalInOut.o)
                0x0000c8b4                ClearCore::DigitalInOut::Mode(ClearCore::Connector::ConnectorModes)
 .text._ZN9ClearCore12DigitalInOutC2ENS_13ShiftRegister5MasksEPK15PeripheralRouteS5_b
                0x0000cad8       0x6c C:\Users\enslo_l5het9y\Documents\Senior Project\ClearCore-library-master\libClearCore\Debug\libClearCore.a(DigitalInOut.o)
                0x0000cad8                ClearCore::DigitalInOut::DigitalInOut(ClearCore::ShiftRegister::Masks, PeripheralRoute const*, PeripheralRoute const*, bool)
                0x0000cad8                ClearCore::DigitalInOut::DigitalInOut(ClearCore::ShiftRegister::Masks, PeripheralRoute const*, PeripheralRoute const*, bool)
 .text._ZN9ClearCore12DigitalInOut7RefreshEv
                0x0000cb44      0x20c C:\Users\enslo_l5het9y\Documents\Senior Project\ClearCore-library-master\libClearCore\Debug\libClearCore.a(DigitalInOut.o)
                0x0000cb44                ClearCore::DigitalInOut::Refresh()
 .text._ZN9ClearCore12DigitalInOut5StateEv
                0x0000cd50       0x40 C:\Users\enslo_l5het9y\Documents\Senior Project\ClearCore-library-master\libClearCore\Debug\libClearCore.a(DigitalInOut.o)
                0x0000cd50                ClearCore::DigitalInOut::State()
 .text._ZN9ClearCore12DigitalInOut10InitializeE13ClearCorePins
                0x0000cd90       0x74 C:\Users\enslo_l5het9y\Documents\Senior Project\ClearCore-library-master\libClearCore\Debug\libClearCore.a(DigitalInOut.o)
                0x0000cd90                ClearCore::DigitalInOut::Initialize(ClearCorePins)
 .text._ZN9ClearCore16CcioBoardManager12CcioDiscoverEPNS_12SerialDriverE.part.1
                0x0000ce04      0x488 C:\Users\enslo_l5het9y\Documents\Senior Project\ClearCore-library-master\libClearCore\Debug\libClearCore.a(CcioBoardManager.o)
 .text._ZN9ClearCore16CcioBoardManager8InstanceEv
                0x0000d28c      0x118 C:\Users\enslo_l5het9y\Documents\Senior Project\ClearCore-library-master\libClearCore\Debug\libClearCore.a(CcioBoardManager.o)
                0x0000d28c                ClearCore::CcioBoardManager::Instance()
 .text._ZN9ClearCore16CcioBoardManager10InitializeEv
                0x0000d3a4       0xb8 C:\Users\enslo_l5het9y\Documents\Senior Project\ClearCore-library-master\libClearCore\Debug\libClearCore.a(CcioBoardManager.o)
                0x0000d3a4                ClearCore::CcioBoardManager::Initialize()
 .text._ZN9ClearCore16CcioBoardManager8PinStateE13ClearCorePins
                0x0000d45c       0x30 C:\Users\enslo_l5het9y\Documents\Senior Project\ClearCore-library-master\libClearCore\Debug\libClearCore.a(CcioBoardManager.o)
                0x0000d45c                ClearCore::CcioBoardManager::PinState(ClearCorePins)
 .text._ZN9ClearCore16CcioBoardManager7RefreshEv
                0x0000d48c      0x5c4 C:\Users\enslo_l5het9y\Documents\Senior Project\ClearCore-library-master\libClearCore\Debug\libClearCore.a(CcioBoardManager.o)
                0x0000d48c                ClearCore::CcioBoardManager::Refresh()
 .text._ZN9ClearCore16CcioBoardManager11RefreshSlowEv
                0x0000da50       0x3c C:\Users\enslo_l5het9y\Documents\Senior Project\ClearCore-library-master\libClearCore\Debug\libClearCore.a(CcioBoardManager.o)
                0x0000da50                ClearCore::CcioBoardManager::RefreshSlow()
 .text._ZN9ClearCore16CcioBoardManager9LinkCloseEv
                0x0000da8c       0x40 C:\Users\enslo_l5het9y\Documents\Senior Project\ClearCore-library-master\libClearCore\Debug\libClearCore.a(CcioBoardManager.o)
                0x0000da8c                ClearCore::CcioBoardManager::LinkClose()
 .text._ZN9ClearCore16CcioBoardManager12CcioDiscoverEPNS_12SerialDriverE
                0x0000dacc       0x38 C:\Users\enslo_l5het9y\Documents\Senior Project\ClearCore-library-master\libClearCore\Debug\libClearCore.a(CcioBoardManager.o)
                0x0000dacc                ClearCore::CcioBoardManager::CcioDiscover(ClearCore::SerialDriver*)
 .text._ZN9ClearCore16CcioBoardManager10PinByIndexE13ClearCorePins
                0x0000db04       0x18 C:\Users\enslo_l5het9y\Documents\Senior Project\ClearCore-library-master\libClearCore\Debug\libClearCore.a(CcioBoardManager.o)
                0x0000db04                ClearCore::CcioBoardManager::PinByIndex(ClearCorePins)
 .text.startup._GLOBAL__sub_I__ZN9ClearCore7CcioMgrE
                0x0000db1c       0x10 C:\Users\enslo_l5het9y\Documents\Senior Project\ClearCore-library-master\libClearCore\Debug\libClearCore.a(CcioBoardManager.o)
 .text._ZN9ClearCore7CcioPin4ModeEv
                0x0000db2c        0x4 C:\Users\enslo_l5het9y\Documents\Senior Project\ClearCore-library-master\libClearCore\Debug\libClearCore.a(CcioPin.o)
                0x0000db2c                ClearCore::CcioPin::Mode()
 .text._ZN9ClearCore7CcioPin4TypeEv
                0x0000db30        0x4 C:\Users\enslo_l5het9y\Documents\Senior Project\ClearCore-library-master\libClearCore\Debug\libClearCore.a(CcioPin.o)
                0x0000db30                ClearCore::CcioPin::Type()
 .text._ZN9ClearCore7CcioPin10IsWritableEv
                0x0000db34       0x10 C:\Users\enslo_l5het9y\Documents\Senior Project\ClearCore-library-master\libClearCore\Debug\libClearCore.a(CcioPin.o)
                0x0000db34                ClearCore::CcioPin::IsWritable()
 .text._ZN9ClearCore7CcioPin7RefreshEv
                0x0000db44        0x4 C:\Users\enslo_l5het9y\Documents\Senior Project\ClearCore-library-master\libClearCore\Debug\libClearCore.a(CcioPin.o)
                0x0000db44                ClearCore::CcioPin::Refresh()
 .text._ZN9ClearCore7CcioPin10InitializeE13ClearCorePins
                0x0000db48       0x40 C:\Users\enslo_l5het9y\Documents\Senior Project\ClearCore-library-master\libClearCore\Debug\libClearCore.a(CcioPin.o)
                0x0000db48                ClearCore::CcioPin::Initialize(ClearCorePins)
 .text._ZN9ClearCore7CcioPin4ModeENS_9Connector14ConnectorModesE
                0x0000db88       0x70 C:\Users\enslo_l5het9y\Documents\Senior Project\ClearCore-library-master\libClearCore\Debug\libClearCore.a(CcioPin.o)
                0x0000db88                ClearCore::CcioPin::Mode(ClearCore::Connector::ConnectorModes)
 .text._ZN9ClearCore7CcioPin5StateEv
                0x0000dbf8       0x3c C:\Users\enslo_l5het9y\Documents\Senior Project\ClearCore-library-master\libClearCore\Debug\libClearCore.a(CcioPin.o)
                0x0000dbf8                ClearCore::CcioPin::State()
 .text._ZN9ClearCore7CcioPin11IsInHwFaultEv
                0x0000dc34       0x20 C:\Users\enslo_l5het9y\Documents\Senior Project\ClearCore-library-master\libClearCore\Debug\libClearCore.a(CcioPin.o)
                0x0000dc34                ClearCore::CcioPin::IsInHwFault()
 .text._ZN9ClearCore7CcioPin5StateEs
                0x0000dc54       0x48 C:\Users\enslo_l5het9y\Documents\Senior Project\ClearCore-library-master\libClearCore\Debug\libClearCore.a(CcioPin.o)
                0x0000dc54                ClearCore::CcioPin::State(short)
 .text._ZN9ClearCore7CcioPinC2Ev
                0x0000dc9c       0x34 C:\Users\enslo_l5het9y\Documents\Senior Project\ClearCore-library-master\libClearCore\Debug\libClearCore.a(CcioPin.o)
                0x0000dc9c                ClearCore::CcioPin::CcioPin()
                0x0000dc9c                ClearCore::CcioPin::CcioPin()
 .text._ZN9ClearCore12SdCardDriverC2EPK15PeripheralRouteS3_S3_S3_h
                0x0000dcd0       0x40 C:\Users\enslo_l5het9y\Documents\Senior Project\ClearCore-library-master\libClearCore\Debug\libClearCore.a(SdCardDriver.o)
                0x0000dcd0                ClearCore::SdCardDriver::SdCardDriver(PeripheralRoute const*, PeripheralRoute const*, PeripheralRoute const*, PeripheralRoute const*, unsigned char)
                0x0000dcd0                ClearCore::SdCardDriver::SdCardDriver(PeripheralRoute const*, PeripheralRoute const*, PeripheralRoute const*, PeripheralRoute const*, unsigned char)
 .text._ZN9ClearCore10SerialBase10PortIsOpenEv
                0x0000dd10        0x8 C:\Users\enslo_l5het9y\Documents\Senior Project\ClearCore-library-master\libClearCore\Debug\libClearCore.a(SerialBase.o)
                0x0000dd10                ClearCore::SerialBase::PortIsOpen()
 .text._ZN9ClearCore10SerialBase5FlushEv
                0x0000dd18       0x10 C:\Users\enslo_l5het9y\Documents\Senior Project\ClearCore-library-master\libClearCore\Debug\libClearCore.a(SerialBase.o)
                0x0000dd18                ClearCore::SerialBase::Flush()
 .text._ZN9ClearCore10SerialBase10FlushInputEv
                0x0000dd28       0x14 C:\Users\enslo_l5het9y\Documents\Senior Project\ClearCore-library-master\libClearCore\Debug\libClearCore.a(SerialBase.o)
                0x0000dd28                ClearCore::SerialBase::FlushInput()
 .text._ZN9ClearCore10SerialBase7CharGetEv
                0x0000dd3c       0x38 C:\Users\enslo_l5het9y\Documents\Senior Project\ClearCore-library-master\libClearCore\Debug\libClearCore.a(SerialBase.o)
                0x0000dd3c                ClearCore::SerialBase::CharGet()
 .text._ZN9ClearCore10SerialBase8CharPeekEv
                0x0000dd74       0x1c C:\Users\enslo_l5het9y\Documents\Senior Project\ClearCore-library-master\libClearCore\Debug\libClearCore.a(SerialBase.o)
                0x0000dd74                ClearCore::SerialBase::CharPeek()
 .text._ZN9ClearCore10SerialBase16AvailableForReadEv
                0x0000dd90       0x10 C:\Users\enslo_l5het9y\Documents\Senior Project\ClearCore-library-master\libClearCore\Debug\libClearCore.a(SerialBase.o)
                0x0000dd90                ClearCore::SerialBase::AvailableForRead()
 .text._ZN9ClearCore10SerialBase17AvailableForWriteEv
                0x0000dda0       0x14 C:\Users\enslo_l5het9y\Documents\Senior Project\ClearCore-library-master\libClearCore\Debug\libClearCore.a(SerialBase.o)
                0x0000dda0                ClearCore::SerialBase::AvailableForWrite()
 .text._ZN9ClearCore10SerialBase8SendCharEh
                0x0000ddb4       0x40 C:\Users\enslo_l5het9y\Documents\Senior Project\ClearCore-library-master\libClearCore\Debug\libClearCore.a(SerialBase.o)
                0x0000ddb4                ClearCore::SerialBase::SendChar(unsigned char)
 .text._ZN9ClearCore10SerialBase19WaitForTransmitIdleEv
                0x0000ddf4       0x58 C:\Users\enslo_l5het9y\Documents\Senior Project\ClearCore-library-master\libClearCore\Debug\libClearCore.a(SerialBase.o)
                0x0000ddf4                ClearCore::SerialBase::WaitForTransmitIdle()
 .text._ZN9ClearCore10SerialBase5SpeedEm
                0x0000de4c      0x154 C:\Users\enslo_l5het9y\Documents\Senior Project\ClearCore-library-master\libClearCore\Debug\libClearCore.a(SerialBase.o)
                0x0000de4c                ClearCore::SerialBase::Speed(unsigned long)
 .text._ZN9ClearCore10SerialBase9PortCloseEv
                0x0000dfa0      0x118 C:\Users\enslo_l5het9y\Documents\Senior Project\ClearCore-library-master\libClearCore\Debug\libClearCore.a(SerialBase.o)
                0x0000dfa0                ClearCore::SerialBase::PortClose()
 .text._ZN9ClearCore10SerialBase6ParityENS_7ISerial9_ParitiesE
                0x0000e0b8       0xf0 C:\Users\enslo_l5het9y\Documents\Senior Project\ClearCore-library-master\libClearCore\Debug\libClearCore.a(SerialBase.o)
                0x0000e0b8                ClearCore::SerialBase::Parity(ClearCore::ISerial::_Parities)
 .text._ZN9ClearCore10SerialBase8CharSizeEh
                0x0000e1a8       0xe4 C:\Users\enslo_l5het9y\Documents\Senior Project\ClearCore-library-master\libClearCore\Debug\libClearCore.a(SerialBase.o)
                0x0000e1a8                ClearCore::SerialBase::CharSize(unsigned char)
 .text._ZN9ClearCore10SerialBase8StopBitsEh
                0x0000e28c       0xdc C:\Users\enslo_l5het9y\Documents\Senior Project\ClearCore-library-master\libClearCore\Debug\libClearCore.a(SerialBase.o)
                0x0000e28c                ClearCore::SerialBase::StopBits(unsigned char)
 .text._ZN9ClearCore10SerialBase8PortModeENS0_9PortModesE.part.9
                0x0000e368      0x8dc C:\Users\enslo_l5het9y\Documents\Senior Project\ClearCore-library-master\libClearCore\Debug\libClearCore.a(SerialBase.o)
 .text._ZN9ClearCore10SerialBase8PortOpenEv
                0x0000ec44       0x18 C:\Users\enslo_l5het9y\Documents\Senior Project\ClearCore-library-master\libClearCore\Debug\libClearCore.a(SerialBase.o)
                0x0000ec44                ClearCore::SerialBase::PortOpen()
 .text._ZN9ClearCore10SerialBaseC2EPK15PeripheralRouteS3_S3_S3_h
                0x0000ec5c       0x98 C:\Users\enslo_l5het9y\Documents\Senior Project\ClearCore-library-master\libClearCore\Debug\libClearCore.a(SerialBase.o)
                0x0000ec5c                ClearCore::SerialBase::SerialBase(PeripheralRoute const*, PeripheralRoute const*, PeripheralRoute const*, PeripheralRoute const*, unsigned char)
                0x0000ec5c                ClearCore::SerialBase::SerialBase(PeripheralRoute const*, PeripheralRoute const*, PeripheralRoute const*, PeripheralRoute const*, unsigned char)
 .text._ZN9ClearCore10SerialBase15WaitOneCharTimeEv
                0x0000ecf4       0x24 C:\Users\enslo_l5het9y\Documents\Senior Project\ClearCore-library-master\libClearCore\Debug\libClearCore.a(SerialBase.o)
                0x0000ecf4                ClearCore::SerialBase::WaitOneCharTime()
 .text._ZN9ClearCore10SerialBase8PortModeENS0_9PortModesE
                0x0000ed18       0x18 C:\Users\enslo_l5het9y\Documents\Senior Project\ClearCore-library-master\libClearCore\Debug\libClearCore.a(SerialBase.o)
                0x0000ed18                ClearCore::SerialBase::PortMode(ClearCore::SerialBase::PortModes)
 .text._ZN9ClearCore10SerialBase9SpiSsModeENS0_13CtrlLineModesE
                0x0000ed30       0x74 C:\Users\enslo_l5het9y\Documents\Senior Project\ClearCore-library-master\libClearCore\Debug\libClearCore.a(SerialBase.o)
                0x0000ed30                ClearCore::SerialBase::SpiSsMode(ClearCore::SerialBase::CtrlLineModes)
 .text._ZN9ClearCore10SerialBase8SpiClockENS0_18SpiClockPolaritiesENS0_14SpiClockPhasesE
                0x0000eda4       0xe0 C:\Users\enslo_l5het9y\Documents\Senior Project\ClearCore-library-master\libClearCore\Debug\libClearCore.a(SerialBase.o)
                0x0000eda4                ClearCore::SerialBase::SpiClock(ClearCore::SerialBase::SpiClockPolarities, ClearCore::SerialBase::SpiClockPhases)
 .text._ZN9ClearCore10SerialBase15SpiTransferDataEPKhPhl
                0x0000ee84       0x60 C:\Users\enslo_l5het9y\Documents\Senior Project\ClearCore-library-master\libClearCore\Debug\libClearCore.a(SerialBase.o)
                0x0000ee84                ClearCore::SerialBase::SpiTransferData(unsigned char const*, unsigned char*, long)
 .text._ZN9ClearCore10SerialBase20SpiTransferDataAsyncEPKhPhl
                0x0000eee4       0xa4 C:\Users\enslo_l5het9y\Documents\Senior Project\ClearCore-library-master\libClearCore\Debug\libClearCore.a(SerialBase.o)
                0x0000eee4                ClearCore::SerialBase::SpiTransferDataAsync(unsigned char const*, unsigned char*, long)
 .text._ZN9ClearCore10SerialBase20SpiAsyncWaitCompleteEv
                0x0000ef88       0x3c C:\Users\enslo_l5het9y\Documents\Senior Project\ClearCore-library-master\libClearCore\Debug\libClearCore.a(SerialBase.o)
                0x0000ef88                ClearCore::SerialBase::SpiAsyncWaitComplete()
 .text._ZN9ClearCore10SerialBase12IrqHandlerTxEv
                0x0000efc4       0x50 C:\Users\enslo_l5het9y\Documents\Senior Project\ClearCore-library-master\libClearCore\Debug\libClearCore.a(SerialBase.o)
                0x0000efc4                ClearCore::SerialBase::IrqHandlerTx()
 .text._ZN9ClearCore10SerialBase12IrqHandlerRxEv
                0x0000f014       0x78 C:\Users\enslo_l5het9y\Documents\Senior Project\ClearCore-library-master\libClearCore\Debug\libClearCore.a(SerialBase.o)
                0x0000f014                ClearCore::SerialBase::IrqHandlerRx()
 .text._ZN9ClearCore10SerialBase19IrqHandlerExceptionEv
                0x0000f08c       0x6c C:\Users\enslo_l5het9y\Documents\Senior Project\ClearCore-library-master\libClearCore\Debug\libClearCore.a(SerialBase.o)
                0x0000f08c                ClearCore::SerialBase::IrqHandlerException()
 .text._ZN9ClearCore12SerialDriver4ModeEv
                0x0000f0f8       0x10 C:\Users\enslo_l5het9y\Documents\Senior Project\ClearCore-library-master\libClearCore\Debug\libClearCore.a(SerialDriver.o)
                0x0000f0f8                ClearCore::SerialDriver::Mode()
                0x0000f100                non-virtual thunk to ClearCore::SerialDriver::Mode()
 .text._ZN9ClearCore12SerialDriver4TypeEv
                0x0000f108        0xc C:\Users\enslo_l5het9y\Documents\Senior Project\ClearCore-library-master\libClearCore\Debug\libClearCore.a(SerialDriver.o)
                0x0000f108                ClearCore::SerialDriver::Type()
                0x0000f10c                non-virtual thunk to ClearCore::SerialDriver::Type()
 .text._ZN9ClearCore12SerialDriver10IsWritableEv
                0x0000f114       0x10 C:\Users\enslo_l5het9y\Documents\Senior Project\ClearCore-library-master\libClearCore\Debug\libClearCore.a(SerialDriver.o)
                0x0000f114                ClearCore::SerialDriver::IsWritable()
                0x0000f11c                non-virtual thunk to ClearCore::SerialDriver::IsWritable()
 .text._ZN9ClearCore12SerialDriver5StateEv
                0x0000f124       0x14 C:\Users\enslo_l5het9y\Documents\Senior Project\ClearCore-library-master\libClearCore\Debug\libClearCore.a(SerialDriver.o)
                0x0000f124                ClearCore::SerialDriver::State()
                0x0000f130                non-virtual thunk to ClearCore::SerialDriver::State()
 .text._ZN9ClearCore12SerialDriver11IsInHwFaultEv
                0x0000f138        0xc C:\Users\enslo_l5het9y\Documents\Senior Project\ClearCore-library-master\libClearCore\Debug\libClearCore.a(SerialDriver.o)
                0x0000f138                ClearCore::SerialDriver::IsInHwFault()
                0x0000f13c                non-virtual thunk to ClearCore::SerialDriver::IsInHwFault()
 .text._ZN9ClearCore12SerialDriver7RefreshEv
                0x0000f144        0xc C:\Users\enslo_l5het9y\Documents\Senior Project\ClearCore-library-master\libClearCore\Debug\libClearCore.a(SerialDriver.o)
                0x0000f144                ClearCore::SerialDriver::Refresh()
                0x0000f148                non-virtual thunk to ClearCore::SerialDriver::Refresh()
 .text._ZN9ClearCore12SerialDriverC2EtNS_13ShiftRegister5MasksES2_S2_PK15PeripheralRouteS5_S5_S5_h
                0x0000f150       0x54 C:\Users\enslo_l5het9y\Documents\Senior Project\ClearCore-library-master\libClearCore\Debug\libClearCore.a(SerialDriver.o)
                0x0000f150                ClearCore::SerialDriver::SerialDriver(unsigned short, ClearCore::ShiftRegister::Masks, ClearCore::ShiftRegister::Masks, ClearCore::ShiftRegister::Masks, PeripheralRoute const*, PeripheralRoute const*, PeripheralRoute const*, PeripheralRoute const*, unsigned char)
                0x0000f150                ClearCore::SerialDriver::SerialDriver(unsigned short, ClearCore::ShiftRegister::Masks, ClearCore::ShiftRegister::Masks, ClearCore::ShiftRegister::Masks, PeripheralRoute const*, PeripheralRoute const*, PeripheralRoute const*, PeripheralRoute const*, unsigned char)
 .text._ZN9ClearCore12SerialDriver5SpeedEm
                0x0000f1a4       0x1c C:\Users\enslo_l5het9y\Documents\Senior Project\ClearCore-library-master\libClearCore\Debug\libClearCore.a(SerialDriver.o)
                0x0000f1a4                ClearCore::SerialDriver::Speed(unsigned long)
 .text._ZN9ClearCore12SerialDriver4ModeENS_9Connector14ConnectorModesE
                0x0000f1c0      0x14c C:\Users\enslo_l5het9y\Documents\Senior Project\ClearCore-library-master\libClearCore\Debug\libClearCore.a(SerialDriver.o)
                0x0000f1c0                ClearCore::SerialDriver::Mode(ClearCore::Connector::ConnectorModes)
 .text._ZThn324_N9ClearCore12SerialDriver4ModeENS_9Connector14ConnectorModesE
                0x0000f30c        0x8 C:\Users\enslo_l5het9y\Documents\Senior Project\ClearCore-library-master\libClearCore\Debug\libClearCore.a(SerialDriver.o)
                0x0000f30c                non-virtual thunk to ClearCore::SerialDriver::Mode(ClearCore::Connector::ConnectorModes)
 .text._ZN9ClearCore12SerialDriver8PortOpenEv
                0x0000f314       0x54 C:\Users\enslo_l5het9y\Documents\Senior Project\ClearCore-library-master\libClearCore\Debug\libClearCore.a(SerialDriver.o)
                0x0000f314                ClearCore::SerialDriver::PortOpen()
 .text._ZN9ClearCore12SerialDriver9PortCloseEv
                0x0000f368       0x4c C:\Users\enslo_l5het9y\Documents\Senior Project\ClearCore-library-master\libClearCore\Debug\libClearCore.a(SerialDriver.o)
                0x0000f368                ClearCore::SerialDriver::PortClose()
 .text._ZN9ClearCore12SerialDriver10InitializeE13ClearCorePins
                0x0000f3b4       0xf0 C:\Users\enslo_l5het9y\Documents\Senior Project\ClearCore-library-master\libClearCore\Debug\libClearCore.a(SerialDriver.o)
                0x0000f3b4                ClearCore::SerialDriver::Initialize(ClearCorePins)
 .text._ZThn324_N9ClearCore12SerialDriver10InitializeE13ClearCorePins
                0x0000f4a4        0x8 C:\Users\enslo_l5het9y\Documents\Senior Project\ClearCore-library-master\libClearCore\Debug\libClearCore.a(SerialDriver.o)
                0x0000f4a4                non-virtual thunk to ClearCore::SerialDriver::Initialize(ClearCorePins)
 .text._ZN9ClearCore12SerialDriver5StateEs
                0x0000f4ac       0xbc C:\Users\enslo_l5het9y\Documents\Senior Project\ClearCore-library-master\libClearCore\Debug\libClearCore.a(SerialDriver.o)
                0x0000f4ac                ClearCore::SerialDriver::State(short)
                0x0000f560                non-virtual thunk to ClearCore::SerialDriver::State(short)
 .text._ZN9ClearCore9SerialUsb6ParityENS_7ISerial9_ParitiesE
                0x0000f568        0xc C:\Users\enslo_l5het9y\Documents\Senior Project\ClearCore-library-master\libClearCore\Debug\libClearCore.a(SerialUsb.o)
                0x0000f568                ClearCore::SerialUsb::Parity(ClearCore::ISerial::_Parities)
 .text._ZN9ClearCore9SerialUsb6ParityEv
                0x0000f574        0x4 C:\Users\enslo_l5het9y\Documents\Senior Project\ClearCore-library-master\libClearCore\Debug\libClearCore.a(SerialUsb.o)
                0x0000f574                ClearCore::SerialUsb::Parity()
 .text._ZN9ClearCore9SerialUsb8StopBitsEh
                0x0000f578        0xc C:\Users\enslo_l5het9y\Documents\Senior Project\ClearCore-library-master\libClearCore\Debug\libClearCore.a(SerialUsb.o)
                0x0000f578                ClearCore::SerialUsb::StopBits(unsigned char)
 .text._ZN9ClearCore9SerialUsb8CharSizeEh
                0x0000f584        0xc C:\Users\enslo_l5het9y\Documents\Senior Project\ClearCore-library-master\libClearCore\Debug\libClearCore.a(SerialUsb.o)
                0x0000f584                ClearCore::SerialUsb::CharSize(unsigned char)
 .text._ZN9ClearCore9SerialUsb4ModeEv
                0x0000f590        0xc C:\Users\enslo_l5het9y\Documents\Senior Project\ClearCore-library-master\libClearCore\Debug\libClearCore.a(SerialUsb.o)
                0x0000f590                ClearCore::SerialUsb::Mode()
                0x0000f594                non-virtual thunk to ClearCore::SerialUsb::Mode()
 .text._ZN9ClearCore9SerialUsb4ModeENS_9Connector14ConnectorModesE
                0x0000f59c       0x14 C:\Users\enslo_l5het9y\Documents\Senior Project\ClearCore-library-master\libClearCore\Debug\libClearCore.a(SerialUsb.o)
                0x0000f59c                ClearCore::SerialUsb::Mode(ClearCore::Connector::ConnectorModes)
                0x0000f5a8                non-virtual thunk to ClearCore::SerialUsb::Mode(ClearCore::Connector::ConnectorModes)
 .text._ZN9ClearCore9SerialUsb4TypeEv
                0x0000f5b0        0xc C:\Users\enslo_l5het9y\Documents\Senior Project\ClearCore-library-master\libClearCore\Debug\libClearCore.a(SerialUsb.o)
                0x0000f5b0                ClearCore::SerialUsb::Type()
                0x0000f5b4                non-virtual thunk to ClearCore::SerialUsb::Type()
 .text._ZN9ClearCore9SerialUsb11IsInHwFaultEv